
C:\Users\Zeph\Desktop\platform-tools>adb logcat -v threadtime | findstr /i "FATAL ANR exception AndroidRuntime IgCore IgCrash Sentry"
03-09 17:12:30.874  9318 31928 E AndroidRuntime: FATAL EXCEPTION: IgExecutorV2 #321
03-09 17:12:30.874  9318 31928 E AndroidRuntime: Process: com.instagram.android, PID: 9318
03-09 17:12:30.874  9318 31928 E AndroidRuntime: java.lang.OutOfMemoryError: Failed to allocate a 16 byte allocation with 269152 free bytes and 230KB until OOM, target footprint 536870912, growth limit 536870912; giving up on allocation because <1% of heap free after GC.
03-09 17:12:30.874  9318 31928 E AndroidRuntime:        at X.01nl.A00(:3)
03-09 17:12:30.874  9318 31928 E AndroidRuntime:        at X.01nl.beforeExecute(:20)
03-09 17:12:30.874  9318 31928 E AndroidRuntime:        at java.util.concurrent.ThreadPoolExecutor.runWorker(ThreadPoolExecutor.java:1143)
03-09 17:12:30.874  9318 31928 E AndroidRuntime:        at java.util.concurrent.ThreadPoolExecutor$Worker.run(ThreadPoolExecutor.java:644)
03-09 17:12:30.874  9318 31928 E AndroidRuntime:        at X.01mt.run(:99)
03-09 17:12:30.874  9318 31928 E AndroidRuntime:        at java.lang.Thread.run(Thread.java:1012)
03-09 17:12:30.874  9318 31928 E AndroidRuntime:        at X.01ng.run(:8)
03-09 17:31:56.297  1363 11116 E AndroidRuntime: FATAL EXCEPTION: SWPool3_t1of1
03-09 17:31:56.297  1363 11116 E AndroidRuntime: Process: com.instagram.android, PID: 1363
03-09 17:31:56.297  1363 11116 E AndroidRuntime: java.lang.OutOfMemoryError: Failed to allocate a 32 byte allocation with 2840480 free bytes and 2773KB until OOM, target footprint 536870912, growth limit 536870912; giving up on allocation because <1% of heap free after GC.
03-09 17:31:56.297  1363 11116 E AndroidRuntime:        at X.03sp.AfC(:15)
03-09 17:31:56.297  1363 11116 E AndroidRuntime:        at X.01Pp.A01(:14)
03-09 17:31:56.297  1363 11116 E AndroidRuntime:        at X.0Jqi.onFailure(:2)
03-09 17:31:56.297  1363 11116 E AndroidRuntime:        at X.061X.A08(:467)
03-09 17:31:56.297  1363 11116 E AndroidRuntime:        at X.0Jqg.run(:54)
03-09 17:31:56.297  1363 11116 E AndroidRuntime:        at X.02pm.run(:25)
03-09 17:31:56.297  1363 11116 E AndroidRuntime:        at X.02pm.run(:25)
03-09 17:31:56.297  1363 11116 E AndroidRuntime:        at X.01ns.A00(:112)
03-09 17:31:56.297  1363 11116 E AndroidRuntime:        at X.01ns.run(:108)
03-09 17:34:11.827 11288 12485 E AndroidRuntime: FATAL EXCEPTION: SWPool3_t1of1
03-09 17:34:11.827 11288 12485 E AndroidRuntime: Process: com.instagram.android, PID: 11288
03-09 17:34:11.827 11288 12485 E AndroidRuntime: java.lang.OutOfMemoryError: Failed to allocate a 32 byte allocation with 2448944 free bytes and 2391KB until OOM, target footprint 536870912, growth limit 536870912; giving up on allocation because <1% of heap free after GC.
03-09 17:34:11.827 11288 12485 E AndroidRuntime:        at X.03sp.AfC(:15)
03-09 17:34:11.827 11288 12485 E AndroidRuntime:        at X.01Pp.A01(:14)
03-09 17:34:11.827 11288 12485 E AndroidRuntime:        at X.0Jqi.onFailure(:2)
03-09 17:34:11.827 11288 12485 E AndroidRuntime:        at X.061X.A08(:467)
03-09 17:34:11.827 11288 12485 E AndroidRuntime:        at X.0Jqg.run(:54)
03-09 17:34:11.827 11288 12485 E AndroidRuntime:        at X.02pm.run(:25)
03-09 17:34:11.827 11288 12485 E AndroidRuntime:        at X.02pm.run(:25)
03-09 17:34:11.827 11288 12485 E AndroidRuntime:        at X.01ns.A00(:112)
03-09 17:34:11.827 11288 12485 E AndroidRuntime:        at X.01ns.run(:108)
03-09 17:37:51.992 12541 14257 E AndroidRuntime: FATAL EXCEPTION: SWPool3_t1of1
03-09 17:37:51.992 12541 14257 E AndroidRuntime: Process: com.instagram.android, PID: 12541
03-09 17:37:51.992 12541 14257 E AndroidRuntime: java.lang.OutOfMemoryError: Failed to allocate a 32 byte allocation with 930560 free bytes and 908KB until OOM, target footprint 536870912, growth limit 536870912; giving up on allocation because <1% of heap free after GC.
03-09 17:37:51.992 12541 14257 E AndroidRuntime:        at X.03sp.AfC(:15)
03-09 17:37:51.992 12541 14257 E AndroidRuntime:        at X.01Pp.A01(:14)
03-09 17:37:51.992 12541 14257 E AndroidRuntime:        at X.0Jqi.onFailure(:2)
03-09 17:37:51.992 12541 14257 E AndroidRuntime:        at X.061X.A08(:467)
03-09 17:37:51.992 12541 14257 E AndroidRuntime:        at X.0Jqg.run(:54)
03-09 17:37:51.992 12541 14257 E AndroidRuntime:        at X.02pm.run(:25)
03-09 17:37:51.992 12541 14257 E AndroidRuntime:        at X.02pm.run(:25)
03-09 17:37:51.992 12541 14257 E AndroidRuntime:        at X.01ns.A00(:112)
03-09 17:37:51.992 12541 14257 E AndroidRuntime:        at X.01ns.run(:108)
03-09 17:43:35.897 14570 16504 E AndroidRuntime: FATAL EXCEPTION: SWPool3_t1of1
03-09 17:43:35.897 14570 16504 E AndroidRuntime: Process: com.instagram.android, PID: 14570
03-09 17:43:35.897 14570 16504 E AndroidRuntime: java.lang.OutOfMemoryError: Failed to allocate a 32 byte allocation with 4720464 free bytes and 4609KB until OOM, target footprint 536870912, growth limit 536870912; giving up on allocation because <1% of heap free after GC.
03-09 17:43:35.897 14570 16504 E AndroidRuntime:        at X.03sp.AfC(:15)
03-09 17:43:35.897 14570 16504 E AndroidRuntime:        at X.01Pp.A01(:14)
03-09 17:43:35.897 14570 16504 E AndroidRuntime:        at X.0Jqi.onFailure(:2)
03-09 17:43:35.897 14570 16504 E AndroidRuntime:        at X.061X.A08(:467)
03-09 17:43:35.897 14570 16504 E AndroidRuntime:        at X.0Jqg.run(:54)
03-09 17:43:35.897 14570 16504 E AndroidRuntime:        at X.02pm.run(:25)
03-09 17:43:35.897 14570 16504 E AndroidRuntime:        at X.02pm.run(:25)
03-09 17:43:35.897 14570 16504 E AndroidRuntime:        at X.01ns.A00(:112)
03-09 17:43:35.897 14570 16504 E AndroidRuntime:        at X.01ns.run(:108)
03-09 17:53:47.352 16545 21001 E AndroidRuntime: FATAL EXCEPTION: SWPool3_t1of1
03-09 17:53:47.352 16545 21001 E AndroidRuntime: Process: com.instagram.android, PID: 16545
03-09 17:53:47.352 16545 21001 E AndroidRuntime: java.lang.OutOfMemoryError: Failed to allocate a 32 byte allocation with 576144 free bytes and 562KB until OOM, target footprint 536870912, growth limit 536870912; giving up on allocation because <1% of heap free after GC.
03-09 17:53:47.352 16545 21001 E AndroidRuntime:        at X.03sp.AfC(:15)
03-09 17:53:47.352 16545 21001 E AndroidRuntime:        at X.01Pp.A01(:14)
03-09 17:53:47.352 16545 21001 E AndroidRuntime:        at X.0Jqi.onFailure(:2)
03-09 17:53:47.352 16545 21001 E AndroidRuntime:        at X.061X.A08(:467)
03-09 17:53:47.352 16545 21001 E AndroidRuntime:        at X.0Jqg.run(:54)
03-09 17:53:47.352 16545 21001 E AndroidRuntime:        at X.02pm.run(:25)
03-09 17:53:47.352 16545 21001 E AndroidRuntime:        at X.02pm.run(:25)
03-09 17:53:47.352 16545 21001 E AndroidRuntime:        at X.01ns.A00(:112)
03-09 17:53:47.352 16545 21001 E AndroidRuntime:        at X.01ns.run(:108)
03-09 17:53:48.942 16545 16721 E AndroidRuntime: FATAL EXCEPTION: ig_a2_event_proc
03-09 17:53:48.942 16545 16721 E AndroidRuntime: Process: com.instagram.android, PID: 16545
03-09 17:53:48.942 16545 16721 E AndroidRuntime: java.lang.OutOfMemoryError: Failed to allocate a 64 byte allocation with 658032 free bytes and 642KB until OOM, target footprint 536870912, growth limit 536870912; giving up on allocation because <1% of heap free after GC.
03-09 17:53:48.942 16545 16721 E AndroidRuntime:        at android.os.Message.obtain(Message.java:164)
03-09 17:53:48.942 16545 16721 E AndroidRuntime:        at android.os.Handler.sendEmptyMessageDelayed(Handler.java:668)
03-09 17:53:48.942 16545 16721 E AndroidRuntime:        at X.07wm.Aif(:35)
03-09 17:53:48.942 16545 16721 E AndroidRuntime:        at X.07ws.A00(:75)
03-09 17:53:48.942 16545 16721 E AndroidRuntime:        at X.07wm.handleMessage(:14)
03-09 17:53:48.942 16545 16721 E AndroidRuntime:        at android.os.Handler.dispatchMessage(Handler.java:106)
03-09 17:53:48.942 16545 16721 E AndroidRuntime:        at android.os.Looper.loopOnce(Looper.java:230)
03-09 17:53:48.942 16545 16721 E AndroidRuntime:        at android.os.Looper.loop(Looper.java:319)
03-09 17:53:48.942 16545 16721 E AndroidRuntime:        at android.os.HandlerThread.run(HandlerThread.java:67)
03-09 20:04:00.151  1394  1529 E MARsPolicyManager: Error occurred in setEnabledSetting()java.lang.SecurityException: Cannot disable a protected package: com.samsung.knox.securefolder
03-09 20:04:11.052  2332  7065 E LoadedApk: Exception : java.lang.NullPointerException: Attempt to invoke virtual method 'boolean android.os.Looper.isPerfLogEnable()' on a null object reference
03-09 20:04:11.120  2332 18183 E LoadedApk: Exception : java.lang.NullPointerException: Attempt to invoke virtual method 'boolean android.os.Looper.isPerfLogEnable()' on a null object reference
03-09 20:04:11.137  2332  5450 E LoadedApk: Exception : java.lang.NullPointerException: Attempt to invoke virtual method 'boolean android.os.Looper.isPerfLogEnable()' on a null object reference
03-09 20:04:42.396  8552  8570 W ResourcesOffloading: An exception occurred :
03-09 20:04:42.396  8552  8570 W ResourcesOffloading: android.content.res.Resources$NotFoundException: Resource ID #0x7f0802d7
03-09 20:04:44.227  2332  7694 E LoadedApk: Exception : java.lang.NullPointerException: Attempt to invoke virtual method 'boolean android.os.Looper.isPerfLogEnable()' on a null object reference
03-09 20:04:44.252  2332  8184 E LoadedApk: Exception : java.lang.NullPointerException: Attempt to invoke virtual method 'boolean android.os.Looper.isPerfLogEnable()' on a null object reference
03-09 20:04:44.261  2332  8184 E LoadedApk: Exception : java.lang.NullPointerException: Attempt to invoke virtual method 'boolean android.os.Looper.isPerfLogEnable()' on a null object reference
03-09 20:04:54.057  9656  9686 W ResourcesOffloading: An exception occurred :
03-09 20:04:54.057  9656  9686 W ResourcesOffloading: android.content.res.Resources$NotFoundException: Resource ID #0x7f020004
03-09 20:05:00.139  1394  1529 E MARsPolicyManager: Error occurred in setEnabledSetting()java.lang.SecurityException: Cannot disable a protected package: com.samsung.knox.securefolder
03-09 20:05:01.230  1394  4846 W ProcessCpuTracker: Failed to stat(/proc/10224): android.system.ErrnoException: stat failed: ENOENT (No such file or directory)
03-09 20:05:15.126  1394  1529 E MARsPolicyManager: Error occurred in setEnabledSetting()java.lang.SecurityException: Cannot disable a protected package: com.samsung.knox.securefolder
03-09 20:05:15.316  1394  1924 I AdbDebuggingManager: java.io.FileNotFoundException: /data/misc/adb/adb_keys: open failed: ENOENT (No such file or directory)
03-09 20:05:15.316  1394  1924 I AdbDebuggingManager: Caused by: android.system.ErrnoException: open failed: ENOENT (No such file or directory)
03-09 20:05:15.317  1394  1924 I AdbDebuggingManager: java.io.FileNotFoundException: /adb_keys: open failed: ENOENT (No such file or directory)
03-09 20:05:15.317  1394  1924 I AdbDebuggingManager: Caused by: android.system.ErrnoException: open failed: ENOENT (No such file or directory)
03-09 20:05:15.318  1394  1924 I AdbDebuggingManager: java.io.FileNotFoundException: /data/misc/adb/adb_temp_keys.xml: open failed: ENOENT (No such file or directory)
03-09 20:05:15.318  1394  1924 I AdbDebuggingManager: Caused by: android.system.ErrnoException: open failed: ENOENT (No such file or directory)
03-09 20:05:30.176  1394  1529 E MARsPolicyManager: Error occurred in setEnabledSetting()java.lang.SecurityException: Cannot disable a protected package: com.samsung.knox.securefolder
03-09 20:05:45.255  1394  1529 E MARsPolicyManager: Error occurred in setEnabledSetting()java.lang.SecurityException: Cannot disable a protected package: com.samsung.knox.securefolder
03-09 20:06:00.337  1394  1529 E MARsPolicyManager: Error occurred in setEnabledSetting()java.lang.SecurityException: Cannot disable a protected package: com.samsung.knox.securefolder
03-09 20:06:15.408  1394  1529 E MARsPolicyManager: Error occurred in setEnabledSetting()java.lang.SecurityException: Cannot disable a protected package: com.samsung.knox.securefolder
03-09 20:06:30.472  1394  1529 E MARsPolicyManager: Error occurred in setEnabledSetting()java.lang.SecurityException: Cannot disable a protected package: com.samsung.knox.securefolder
03-09 20:06:45.531  1394  1529 E MARsPolicyManager: Error occurred in setEnabledSetting()java.lang.SecurityException: Cannot disable a protected package: com.samsung.knox.securefolder
03-09 20:07:00.595  1394  1529 E MARsPolicyManager: Error occurred in setEnabledSetting()java.lang.SecurityException: Cannot disable a protected package: com.samsung.knox.securefolder
03-09 20:07:15.700  1394  1529 E MARsPolicyManager: Error occurred in setEnabledSetting()java.lang.SecurityException: Cannot disable a protected package: com.samsung.knox.securefolder
03-09 20:07:30.792  1394  1529 E MARsPolicyManager: Error occurred in setEnabledSetting()java.lang.SecurityException: Cannot disable a protected package: com.samsung.knox.securefolder
03-09 20:07:45.915  1394  1529 E MARsPolicyManager: Error occurred in setEnabledSetting()java.lang.SecurityException: Cannot disable a protected package: com.samsung.knox.securefolder
03-09 20:08:00.995  1394  1529 E MARsPolicyManager: Error occurred in setEnabledSetting()java.lang.SecurityException: Cannot disable a protected package: com.samsung.knox.securefolder
03-09 20:08:16.071  1394  1529 E MARsPolicyManager: Error occurred in setEnabledSetting()java.lang.SecurityException: Cannot disable a protected package: com.samsung.knox.securefolder
03-09 20:08:31.130  1394  1529 E MARsPolicyManager: Error occurred in setEnabledSetting()java.lang.SecurityException: Cannot disable a protected package: com.samsung.knox.securefolder
03-09 20:08:46.214  1394  1529 E MARsPolicyManager: Error occurred in setEnabledSetting()java.lang.SecurityException: Cannot disable a protected package: com.samsung.knox.securefolder
03-09 20:09:01.291  1394  1529 E MARsPolicyManager: Error occurred in setEnabledSetting()java.lang.SecurityException: Cannot disable a protected package: com.samsung.knox.securefolder
03-09 20:09:16.364  1394  1529 E MARsPolicyManager: Error occurred in setEnabledSetting()java.lang.SecurityException: Cannot disable a protected package: com.samsung.knox.securefolder
03-09 20:09:31.451  1394  1529 E MARsPolicyManager: Error occurred in setEnabledSetting()java.lang.SecurityException: Cannot disable a protected package: com.samsung.knox.securefolder
03-09 20:09:46.535  1394  1529 E MARsPolicyManager: Error occurred in setEnabledSetting()java.lang.SecurityException: Cannot disable a protected package: com.samsung.knox.securefolder
03-09 20:10:01.626  1394  1529 E MARsPolicyManager: Error occurred in setEnabledSetting()java.lang.SecurityException: Cannot disable a protected package: com.samsung.knox.securefolder
03-09 20:10:16.715  1394  1529 E MARsPolicyManager: Error occurred in setEnabledSetting()java.lang.SecurityException: Cannot disable a protected package: com.samsung.knox.securefolder
03-09 20:10:31.463  2332  8184 E LoadedApk: Exception : java.lang.NullPointerException: Attempt to invoke virtual method 'boolean android.os.Looper.isPerfLogEnable()' on a null object reference
03-09 20:10:31.758  1394  1529 E MARsPolicyManager: Error occurred in setEnabledSetting()java.lang.SecurityException: Cannot disable a protected package: com.samsung.knox.securefolder
03-09 20:10:46.835  1394  1529 E MARsPolicyManager: Error occurred in setEnabledSetting()java.lang.SecurityException: Cannot disable a protected package: com.samsung.knox.securefolder
03-09 20:11:01.909  1394  1529 E MARsPolicyManager: Error occurred in setEnabledSetting()java.lang.SecurityException: Cannot disable a protected package: com.samsung.knox.securefolder
03-09 20:11:16.989  1394  1529 E MARsPolicyManager: Error occurred in setEnabledSetting()java.lang.SecurityException: Cannot disable a protected package: com.samsung.knox.securefolder
03-09 20:11:32.065  1394  1529 E MARsPolicyManager: Error occurred in setEnabledSetting()java.lang.SecurityException: Cannot disable a protected package: com.samsung.knox.securefolder
03-09 20:11:47.136  1394  1529 E MARsPolicyManager: Error occurred in setEnabledSetting()java.lang.SecurityException: Cannot disable a protected package: com.samsung.knox.securefolder
03-09 20:12:02.248  1394  1529 E MARsPolicyManager: Error occurred in setEnabledSetting()java.lang.SecurityException: Cannot disable a protected package: com.samsung.knox.securefolder
03-09 20:12:17.321  1394  1529 E MARsPolicyManager: Error occurred in setEnabledSetting()java.lang.SecurityException: Cannot disable a protected package: com.samsung.knox.securefolder
03-09 20:12:32.391  1394  1529 E MARsPolicyManager: Error occurred in setEnabledSetting()java.lang.SecurityException: Cannot disable a protected package: com.samsung.knox.securefolder
03-09 20:12:47.468  1394  1529 E MARsPolicyManager: Error occurred in setEnabledSetting()java.lang.SecurityException: Cannot disable a protected package: com.samsung.knox.securefolder
03-09 20:13:02.540  1394  1529 E MARsPolicyManager: Error occurred in setEnabledSetting()java.lang.SecurityException: Cannot disable a protected package: com.samsung.knox.securefolder
03-09 20:13:17.619  1394  1529 E MARsPolicyManager: Error occurred in setEnabledSetting()java.lang.SecurityException: Cannot disable a protected package: com.samsung.knox.securefolder
03-09 20:13:32.690  1394  1529 E MARsPolicyManager: Error occurred in setEnabledSetting()java.lang.SecurityException: Cannot disable a protected package: com.samsung.knox.securefolder
03-09 20:13:47.762  1394  1529 E MARsPolicyManager: Error occurred in setEnabledSetting()java.lang.SecurityException: Cannot disable a protected package: com.samsung.knox.securefolder
03-09 20:14:02.851  1394  1529 E MARsPolicyManager: Error occurred in setEnabledSetting()java.lang.SecurityException: Cannot disable a protected package: com.samsung.knox.securefolder
03-09 20:14:17.930  1394  1529 E MARsPolicyManager: Error occurred in setEnabledSetting()java.lang.SecurityException: Cannot disable a protected package: com.samsung.knox.securefolder
03-09 20:14:33.007  1394  1529 E MARsPolicyManager: Error occurred in setEnabledSetting()java.lang.SecurityException: Cannot disable a protected package: com.samsung.knox.securefolder
03-09 20:14:48.087  1394  1529 E MARsPolicyManager: Error occurred in setEnabledSetting()java.lang.SecurityException: Cannot disable a protected package: com.samsung.knox.securefolder
03-09 20:15:03.168  1394  1529 E MARsPolicyManager: Error occurred in setEnabledSetting()java.lang.SecurityException: Cannot disable a protected package: com.samsung.knox.securefolder
03-09 20:15:18.251  1394  1529 E MARsPolicyManager: Error occurred in setEnabledSetting()java.lang.SecurityException: Cannot disable a protected package: com.samsung.knox.securefolder
03-09 20:15:33.336  1394  1529 E MARsPolicyManager: Error occurred in setEnabledSetting()java.lang.SecurityException: Cannot disable a protected package: com.samsung.knox.securefolder
03-09 20:15:48.418  1394  1529 E MARsPolicyManager: Error occurred in setEnabledSetting()java.lang.SecurityException: Cannot disable a protected package: com.samsung.knox.securefolder
03-09 20:16:03.478  1394  1529 E MARsPolicyManager: Error occurred in setEnabledSetting()java.lang.SecurityException: Cannot disable a protected package: com.samsung.knox.securefolder
03-09 20:16:09.354  1394  2779 E AppOps  : java.lang.SecurityException: Specified package "client.pid<958>" under uid 1000 but it is not
03-09 20:16:09.560  2332 12954 E LoadedApk: Exception : java.lang.NullPointerException: Attempt to invoke virtual method 'boolean android.os.Looper.isPerfLogEnable()' on a null object reference
03-09 20:16:09.668  2332 18183 E LoadedApk: Exception : java.lang.NullPointerException: Attempt to invoke virtual method 'boolean android.os.Looper.isPerfLogEnable()' on a null object reference
03-09 20:16:09.679  2332 18183 E LoadedApk: Exception : java.lang.NullPointerException: Attempt to invoke virtual method 'boolean android.os.Looper.isPerfLogEnable()' on a null object reference
03-09 20:16:10.191 13295 13396 W ResourcesOffloading: An exception occurred :
03-09 20:16:10.191 13295 13396 W ResourcesOffloading: android.content.res.Resources$NotFoundException: Resource ID #0x7f080613
03-09 20:16:52.247  2332 12954 E LoadedApk: Exception : java.lang.NullPointerException: Attempt to invoke virtual method 'boolean android.os.Looper.isPerfLogEnable()' on a null object reference
03-09 20:16:52.283  2332 18183 E LoadedApk: Exception : java.lang.NullPointerException: Attempt to invoke virtual method 'boolean android.os.Looper.isPerfLogEnable()' on a null object reference
03-09 20:16:52.289  2332 18183 E LoadedApk: Exception : java.lang.NullPointerException: Attempt to invoke virtual method 'boolean android.os.Looper.isPerfLogEnable()' on a null object reference
03-09 20:17:00.147  1394  1529 E MARsPolicyManager: Error occurred in setEnabledSetting()java.lang.SecurityException: Cannot disable a protected package: com.samsung.knox.securefolder
03-09 20:17:15.104  1394  1529 E MARsPolicyManager: Error occurred in setEnabledSetting()java.lang.SecurityException: Cannot disable a protected package: com.samsung.knox.securefolder
03-09 20:17:30.178  1394  1529 E MARsPolicyManager: Error occurred in setEnabledSetting()java.lang.SecurityException: Cannot disable a protected package: com.samsung.knox.securefolder
03-09 20:17:45.255  1394  1529 E MARsPolicyManager: Error occurred in setEnabledSetting()java.lang.SecurityException: Cannot disable a protected package: com.samsung.knox.securefolder
03-09 20:18:00.313  1394  1529 E MARsPolicyManager: Error occurred in setEnabledSetting()java.lang.SecurityException: Cannot disable a protected package: com.samsung.knox.securefolder
03-09 20:18:15.377  1394  1529 E MARsPolicyManager: Error occurred in setEnabledSetting()java.lang.SecurityException: Cannot disable a protected package: com.samsung.knox.securefolder
03-09 20:18:21.552  1394  2537 E AppOps  : java.lang.SecurityException: Specified package "client.pid<958>" under uid 1000 but it is not
03-09 20:18:21.652  2332 12998 E LoadedApk: Exception : java.lang.NullPointerException: Attempt to invoke virtual method 'boolean android.os.Looper.isPerfLogEnable()' on a null object reference
03-09 20:18:21.676  2332 18183 E LoadedApk: Exception : java.lang.NullPointerException: Attempt to invoke virtual method 'boolean android.os.Looper.isPerfLogEnable()' on a null object reference
03-09 20:18:21.680  2332 18183 E LoadedApk: Exception : java.lang.NullPointerException: Attempt to invoke virtual method 'boolean android.os.Looper.isPerfLogEnable()' on a null object reference
03-09 20:18:27.665  2332 14239 E LoadedApk: Exception : java.lang.NullPointerException: Attempt to invoke virtual method 'boolean android.os.Looper.isPerfLogEnable()' on a null object reference
03-09 20:18:27.698  2332 18183 E LoadedApk: Exception : java.lang.NullPointerException: Attempt to invoke virtual method 'boolean android.os.Looper.isPerfLogEnable()' on a null object reference
03-09 20:18:27.705  2332 18183 E LoadedApk: Exception : java.lang.NullPointerException: Attempt to invoke virtual method 'boolean android.os.Looper.isPerfLogEnable()' on a null object reference
03-09 20:18:43.961  1394  1529 E MARsPolicyManager: Error occurred in setEnabledSetting()java.lang.SecurityException: Cannot disable a protected package: com.samsung.knox.securefolder
03-09 20:18:58.992  1394  1529 E MARsPolicyManager: Error occurred in setEnabledSetting()java.lang.SecurityException: Cannot disable a protected package: com.samsung.knox.securefolder
03-09 20:19:14.070  1394  1529 E MARsPolicyManager: Error occurred in setEnabledSetting()java.lang.SecurityException: Cannot disable a protected package: com.samsung.knox.securefolder
03-09 20:19:29.131  1394  1529 E MARsPolicyManager: Error occurred in setEnabledSetting()java.lang.SecurityException: Cannot disable a protected package: com.samsung.knox.securefolder
03-09 20:19:44.192  1394  1529 E MARsPolicyManager: Error occurred in setEnabledSetting()java.lang.SecurityException: Cannot disable a protected package: com.samsung.knox.securefolder
03-09 20:19:59.265  1394  1529 E MARsPolicyManager: Error occurred in setEnabledSetting()java.lang.SecurityException: Cannot disable a protected package: com.samsung.knox.securefolder
03-09 20:20:14.339  1394  1529 E MARsPolicyManager: Error occurred in setEnabledSetting()java.lang.SecurityException: Cannot disable a protected package: com.samsung.knox.securefolder
03-09 20:20:29.411  1394  1529 E MARsPolicyManager: Error occurred in setEnabledSetting()java.lang.SecurityException: Cannot disable a protected package: com.samsung.knox.securefolder
03-09 20:20:44.479  1394  1529 E MARsPolicyManager: Error occurred in setEnabledSetting()java.lang.SecurityException: Cannot disable a protected package: com.samsung.knox.securefolder
03-09 20:20:59.547  1394  1529 E MARsPolicyManager: Error occurred in setEnabledSetting()java.lang.SecurityException: Cannot disable a protected package: com.samsung.knox.securefolder
03-09 20:21:14.620  1394  1529 E MARsPolicyManager: Error occurred in setEnabledSetting()java.lang.SecurityException: Cannot disable a protected package: com.samsung.knox.securefolder
03-09 20:21:29.686  1394  1529 E MARsPolicyManager: Error occurred in setEnabledSetting()java.lang.SecurityException: Cannot disable a protected package: com.samsung.knox.securefolder
03-09 20:21:44.749  1394  1529 E MARsPolicyManager: Error occurred in setEnabledSetting()java.lang.SecurityException: Cannot disable a protected package: com.samsung.knox.securefolder
03-09 20:21:59.824  1394  1529 E MARsPolicyManager: Error occurred in setEnabledSetting()java.lang.SecurityException: Cannot disable a protected package: com.samsung.knox.securefolder
03-09 20:22:14.949  1394  1529 E MARsPolicyManager: Error occurred in setEnabledSetting()java.lang.SecurityException: Cannot disable a protected package: com.samsung.knox.securefolder
03-09 20:22:30.043  1394  1529 E MARsPolicyManager: Error occurred in setEnabledSetting()java.lang.SecurityException: Cannot disable a protected package: com.samsung.knox.securefolder
03-09 20:22:45.120  1394  1529 E MARsPolicyManager: Error occurred in setEnabledSetting()java.lang.SecurityException: Cannot disable a protected package: com.samsung.knox.securefolder
03-09 20:23:00.177  1394  1529 E MARsPolicyManager: Error occurred in setEnabledSetting()java.lang.SecurityException: Cannot disable a protected package: com.samsung.knox.securefolder
03-09 20:23:15.251  1394  1529 E MARsPolicyManager: Error occurred in setEnabledSetting()java.lang.SecurityException: Cannot disable a protected package: com.samsung.knox.securefolder
03-09 20:23:30.332  1394  1529 E MARsPolicyManager: Error occurred in setEnabledSetting()java.lang.SecurityException: Cannot disable a protected package: com.samsung.knox.securefolder
03-09 20:23:45.400  1394  1529 E MARsPolicyManager: Error occurred in setEnabledSetting()java.lang.SecurityException: Cannot disable a protected package: com.samsung.knox.securefolder
03-09 20:24:00.478  1394  1529 E MARsPolicyManager: Error occurred in setEnabledSetting()java.lang.SecurityException: Cannot disable a protected package: com.samsung.knox.securefolder
03-09 20:24:15.559  1394  1529 E MARsPolicyManager: Error occurred in setEnabledSetting()java.lang.SecurityException: Cannot disable a protected package: com.samsung.knox.securefolder
03-09 20:24:30.638  1394  1529 E MARsPolicyManager: Error occurred in setEnabledSetting()java.lang.SecurityException: Cannot disable a protected package: com.samsung.knox.securefolder
03-09 20:24:45.723  1394  1529 E MARsPolicyManager: Error occurred in setEnabledSetting()java.lang.SecurityException: Cannot disable a protected package: com.samsung.knox.securefolder
03-09 20:25:00.788  1394  1529 E MARsPolicyManager: Error occurred in setEnabledSetting()java.lang.SecurityException: Cannot disable a protected package: com.samsung.knox.securefolder
03-09 20:25:15.899  1394  1529 E MARsPolicyManager: Error occurred in setEnabledSetting()java.lang.SecurityException: Cannot disable a protected package: com.samsung.knox.securefolder
03-09 20:25:30.971  1394  1529 E MARsPolicyManager: Error occurred in setEnabledSetting()java.lang.SecurityException: Cannot disable a protected package: com.samsung.knox.securefolder
03-09 20:25:46.050  1394  1529 E MARsPolicyManager: Error occurred in setEnabledSetting()java.lang.SecurityException: Cannot disable a protected package: com.samsung.knox.securefolder
03-09 20:26:01.129  1394  1529 E MARsPolicyManager: Error occurred in setEnabledSetting()java.lang.SecurityException: Cannot disable a protected package: com.samsung.knox.securefolder
03-09 20:26:16.186  1394  1529 E MARsPolicyManager: Error occurred in setEnabledSetting()java.lang.SecurityException: Cannot disable a protected package: com.samsung.knox.securefolder
03-09 20:26:31.254  1394  1529 E MARsPolicyManager: Error occurred in setEnabledSetting()java.lang.SecurityException: Cannot disable a protected package: com.samsung.knox.securefolder
03-09 20:26:46.320  1394  1529 E MARsPolicyManager: Error occurred in setEnabledSetting()java.lang.SecurityException: Cannot disable a protected package: com.samsung.knox.securefolder
03-09 20:27:01.401  1394  1529 E MARsPolicyManager: Error occurred in setEnabledSetting()java.lang.SecurityException: Cannot disable a protected package: com.samsung.knox.securefolder
03-09 20:27:16.481  1394  1529 E MARsPolicyManager: Error occurred in setEnabledSetting()java.lang.SecurityException: Cannot disable a protected package: com.samsung.knox.securefolder
03-09 20:27:31.559  1394  1529 E MARsPolicyManager: Error occurred in setEnabledSetting()java.lang.SecurityException: Cannot disable a protected package: com.samsung.knox.securefolder
03-09 20:27:46.641  1394  1529 E MARsPolicyManager: Error occurred in setEnabledSetting()java.lang.SecurityException: Cannot disable a protected package: com.samsung.knox.securefolder
03-09 20:28:01.728  1394  1529 E MARsPolicyManager: Error occurred in setEnabledSetting()java.lang.SecurityException: Cannot disable a protected package: com.samsung.knox.securefolder
03-09 20:28:16.863  1394  1529 E MARsPolicyManager: Error occurred in setEnabledSetting()java.lang.SecurityException: Cannot disable a protected package: com.samsung.knox.securefolder
03-09 20:28:31.969  1394  1529 E MARsPolicyManager: Error occurred in setEnabledSetting()java.lang.SecurityException: Cannot disable a protected package: com.samsung.knox.securefolder
03-09 20:28:47.053  1394  1529 E MARsPolicyManager: Error occurred in setEnabledSetting()java.lang.SecurityException: Cannot disable a protected package: com.samsung.knox.securefolder
03-09 20:29:02.145  1394  1529 E MARsPolicyManager: Error occurred in setEnabledSetting()java.lang.SecurityException: Cannot disable a protected package: com.samsung.knox.securefolder
03-09 20:29:08.693  1394  1742 E AppOps  : java.lang.SecurityException: Specified package "client.pid<958>" under uid 1000 but it is not
03-09 20:29:08.886  2332 14492 E LoadedApk: Exception : java.lang.NullPointerException: Attempt to invoke virtual method 'boolean android.os.Looper.isPerfLogEnable()' on a null object reference
03-09 20:29:08.959  2332  5450 E LoadedApk: Exception : java.lang.NullPointerException: Attempt to invoke virtual method 'boolean android.os.Looper.isPerfLogEnable()' on a null object reference
03-09 20:29:08.961  2332  5450 E LoadedApk: Exception : java.lang.NullPointerException: Attempt to invoke virtual method 'boolean android.os.Looper.isPerfLogEnable()' on a null object reference
03-09 20:29:09.052 15735 15878 W ResourcesOffloading: An exception occurred :
03-09 20:29:09.052 15735 15878 W ResourcesOffloading: android.content.res.Resources$NotFoundException: Resource ID #0x7f080b64
03-09 20:29:16.803  1394  1608 W ActivityManager: Exception when starting service com.fiverr.fiverr/com.google.android.datatransport.runtime.scheduling.jobscheduling.JobInfoSchedulerService
03-09 20:29:16.803  1394  1608 W ActivityManager: android.os.DeadObjectException
03-09 20:30:05.904 24768 17455 E AndroidRuntime: FATAL EXCEPTION: SWPool3_t1of1
03-09 20:30:05.904 24768 17455 E AndroidRuntime: Process: com.instagram.android, PID: 24768
03-09 20:30:05.904 24768 17455 E AndroidRuntime: java.lang.OutOfMemoryError: Failed to allocate a 32 byte allocation with 2228336 free bytes and 2176KB until OOM, target footprint 536870912, growth limit 536870912; giving up on allocation because <1% of heap free after GC.
03-09 20:30:05.904 24768 17455 E AndroidRuntime:        at X.03sp.AfC(:15)
03-09 20:30:05.904 24768 17455 E AndroidRuntime:        at X.01Pp.A01(:14)
03-09 20:30:05.904 24768 17455 E AndroidRuntime:        at X.0Jqi.onFailure(:2)
03-09 20:30:05.904 24768 17455 E AndroidRuntime:        at X.061X.A08(:467)
03-09 20:30:05.904 24768 17455 E AndroidRuntime:        at X.0Jqg.run(:54)
03-09 20:30:05.904 24768 17455 E AndroidRuntime:        at X.02pm.run(:25)
03-09 20:30:05.904 24768 17455 E AndroidRuntime:        at X.02pm.run(:25)
03-09 20:30:05.904 24768 17455 E AndroidRuntime:        at X.01ns.A00(:112)
03-09 20:30:05.904 24768 17455 E AndroidRuntime:        at X.01ns.run(:108)
03-09 20:30:20.583  1394  1648 I WindowManager: ANR in Window{868588b u0 com.instagram.android/com.instagram.modal.ModalActivity}. Reason:Input dispatching timed out (868588b com.instagram.android/com.instagram.modal.ModalActivity (server) is not responding. Waited 10002ms for MotionEvent)
03-09 20:30:20.584  1394 17493 W ActivityManager: anr : com.instagram.android,10297
03-09 20:30:20.584  1394 17492 D ActivityManager: created ANR temporary file:/data/anr/temp_anr_1697759365996794747.txt
03-09 20:30:20.584  1394 17492 I ActivityManager: Collecting stacks for pid 24768 into temporary file temp_anr_1697759365996794747.txt
03-09 20:30:20.603  4900  4900 I SDHMS:BarTender:Gatherer:AppError: update AppError : uid=10297, pkg=com.instagram.android, errorType=anr
03-09 20:30:21.711  1394 17494 D SystemDumpWriter_ANR: Successful to save dumpsys to log/dumpsys_ANR_WindowManager.txt
03-09 20:30:21.711  1394 17494 D SystemDumpWriter_ANR: save dumpsys, duration=1090
03-09 20:30:21.719  1394 17494 I ActivityManager: Dumping to /data/anr/anr_2025-03-09-20-30-21-718
03-09 20:30:23.962  1394  1498 W WindowManager: android.os.DeadObjectException
03-09 20:30:24.309  1394  2543 W WindowManager: android.os.DeadObjectException
03-09 20:30:33.585  1394 17494 E ActivityManager: ANR in com.instagram.android (com.instagram.android/com.instagram.modal.ModalActivity)
03-09 20:30:33.585  1394 17494 E ActivityManager:     42% 17496/AnrAuxiliaryTas: 16% user + 25% kernel
03-09 20:30:33.586  1394 17494 I ActivityManager: Killing 0:com.instagram.android/u0a297 (adj -10000): bg anr
03-09 20:30:33.586  1394 17494 D ActivityManager: Completed ANR of com.instagram.android in 13002ms, latency 1ms
03-09 20:30:33.592  1394 18253 I DropBoxManagerService: add tag=data_app_anr isTagEnabled=true flags=0x6
03-09 20:31:09.704 19473 19493 W ResourcesOffloading: An exception occurred :
03-09 20:31:09.704 19473 19493 W ResourcesOffloading: android.content.res.Resources$NotFoundException: Resource ID #0x7f020004
03-09 20:31:10.705  2332 18021 E LoadedApk: Exception : java.lang.NullPointerException: Attempt to invoke virtual method 'boolean android.os.Looper.isPerfLogEnable()' on a null object reference
03-09 20:31:10.736  2332 18183 E LoadedApk: Exception : java.lang.NullPointerException: Attempt to invoke virtual method 'boolean android.os.Looper.isPerfLogEnable()' on a null object reference
03-09 20:31:10.747  2332  5450 E LoadedApk: Exception : java.lang.NullPointerException: Attempt to invoke virtual method 'boolean android.os.Looper.isPerfLogEnable()' on a null object reference
03-09 20:31:11.609 19615 19670 W ResourcesOffloading: An exception occurred :
03-09 20:31:11.609 19615 19670 W ResourcesOffloading: android.content.res.Resources$NotFoundException: Resource ID #0x7f08080f
03-09 20:31:21.040 19889 19920 W ResourcesOffloading: An exception occurred :
03-09 20:31:21.040 19889 19920 W ResourcesOffloading: android.content.res.Resources$NotFoundException: Resource ID #0x7f080613
03-09 20:31:23.531  1394  2007 I AdbDebuggingManager: java.io.FileNotFoundException: /data/misc/adb/adb_keys: open failed: ENOENT (No such file or directory)
03-09 20:31:23.531  1394  2007 I AdbDebuggingManager: Caused by: android.system.ErrnoException: open failed: ENOENT (No such file or directory)
03-09 20:31:23.531  1394  2007 I AdbDebuggingManager: java.io.FileNotFoundException: /adb_keys: open failed: ENOENT (No such file or directory)
03-09 20:31:23.531  1394  2007 I AdbDebuggingManager: Caused by: android.system.ErrnoException: open failed: ENOENT (No such file or directory)
03-09 20:31:23.531  1394  2007 I AdbDebuggingManager: java.io.FileNotFoundException: /data/misc/adb/adb_temp_keys.xml: open failed: ENOENT (No such file or directory)
03-09 20:31:23.531  1394  2007 I AdbDebuggingManager: Caused by: android.system.ErrnoException: open failed: ENOENT (No such file or directory)
03-09 20:31:26.349 20180 20198 W ResourcesOffloading: An exception occurred :
03-09 20:31:26.349 20180 20198 W ResourcesOffloading: android.content.res.Resources$NotFoundException: Resource ID #0x7f0802d7
03-09 20:31:50.503  1394  4664 E AppOps  : java.lang.SecurityException: Specified package "client.pid<958>" under uid 1000 but it is not
03-09 20:31:50.680  2332 19950 E LoadedApk: Exception : java.lang.NullPointerException: Attempt to invoke virtual method 'boolean android.os.Looper.isPerfLogEnable()' on a null object reference
03-09 20:31:50.725  2332  5450 E LoadedApk: Exception : java.lang.NullPointerException: Attempt to invoke virtual method 'boolean android.os.Looper.isPerfLogEnable()' on a null object reference
03-09 20:31:50.756  2332  5450 E LoadedApk: Exception : java.lang.NullPointerException: Attempt to invoke virtual method 'boolean android.os.Looper.isPerfLogEnable()' on a null object reference
03-09 20:32:41.256 17693 22164 E AndroidRuntime: FATAL EXCEPTION: SWPool3_t1of1
03-09 20:32:41.256 17693 22164 E AndroidRuntime: Process: com.instagram.android, PID: 17693
03-09 20:32:41.256 17693 22164 E AndroidRuntime: java.lang.OutOfMemoryError: Failed to allocate a 16 byte allocation with 2785920 free bytes and 2720KB until OOM, target footprint 536870912, growth limit 536870912; giving up on allocation because <1% of heap free after GC.
03-09 20:32:41.256 17693 22164 E AndroidRuntime:        at X.02pm.run(:55)
03-09 20:32:41.256 17693 22164 E AndroidRuntime:        at X.01ns.A00(:112)
03-09 20:32:41.256 17693 22164 E AndroidRuntime:        at X.01ns.run(:108)
03-09 20:32:50.029  1394  1648 I WindowManager: ANR in Window{e9da827 u0 com.instagram.android/com.instagram.modal.ModalActivity}. Reason:Input dispatching timed out (e9da827 com.instagram.android/com.instagram.modal.ModalActivity (server) is not responding. Waited 10001ms for MotionEvent)
03-09 20:32:50.030  1394 22180 D ActivityManager: created ANR temporary file:/data/anr/temp_anr_2311879466565960856.txt
03-09 20:32:50.030  1394 22181 W ActivityManager: anr : com.instagram.android,10297
03-09 20:32:50.030  1394 22180 I ActivityManager: Collecting stacks for pid 17693 into temporary file temp_anr_2311879466565960856.txt
03-09 20:32:50.042  4900  4900 I SDHMS:BarTender:Gatherer:AppError: update AppError : uid=10297, pkg=com.instagram.android, errorType=anr
03-09 20:32:50.771  1394 22182 D SystemDumpWriter_ANR: Successful to save dumpsys to log/dumpsys_ANR_WindowManager.txt
03-09 20:32:50.771  1394 22182 D SystemDumpWriter_ANR: save dumpsys, duration=716
03-09 20:32:50.776  1394 22182 I ActivityManager: Dumping to /data/anr/anr_2025-03-09-20-32-50-775
03-09 20:33:00.285  1394  1498 W WindowManager: android.os.DeadObjectException
03-09 20:33:00.652  1394  2540 W WindowManager: android.os.DeadObjectException
03-09 20:33:03.931  1394 22182 E ActivityManager: ANR in com.instagram.android (com.instagram.android/com.instagram.modal.ModalActivity)
03-09 20:33:03.931  1394 22182 E ActivityManager:     40% 22184/AnrAuxiliaryTas: 14% user + 25% kernel
03-09 20:33:03.934  1394 22182 I ActivityManager: Killing 0:com.instagram.android/u0a297 (adj -10000): bg anr
03-09 20:33:03.934  1394 22182 D ActivityManager: Completed ANR of com.instagram.android in 13904ms, latency 0ms
03-09 20:33:03.953  1394 23197 I DropBoxManagerService: add tag=data_app_anr isTagEnabled=true flags=0x6
03-09 20:33:04.210  1394  4848 W ProcessCpuTracker: Failed to stat(/proc/23216): android.system.ErrnoException: stat failed: ENOENT (No such file or directory)
03-09 20:33:43.132  2332 19950 E LoadedApk: Exception : java.lang.NullPointerException: Attempt to invoke virtual method 'boolean android.os.Looper.isPerfLogEnable()' on a null object reference
03-09 20:33:43.166  2332 22161 E LoadedApk: Exception : java.lang.NullPointerException: Attempt to invoke virtual method 'boolean android.os.Looper.isPerfLogEnable()' on a null object reference
03-09 20:33:43.185  2332 22161 E LoadedApk: Exception : java.lang.NullPointerException: Attempt to invoke virtual method 'boolean android.os.Looper.isPerfLogEnable()' on a null object reference
03-09 20:33:52.028  1394  1529 E MARsPolicyManager: Error occurred in setEnabledSetting()java.lang.SecurityException: Cannot disable a protected package: com.samsung.knox.securefolder
03-09 20:34:07.015  1394  1529 E MARsPolicyManager: Error occurred in setEnabledSetting()java.lang.SecurityException: Cannot disable a protected package: com.samsung.knox.securefolder
03-09 20:34:22.102  1394  1529 E MARsPolicyManager: Error occurred in setEnabledSetting()java.lang.SecurityException: Cannot disable a protected package: com.samsung.knox.securefolder
03-09 20:34:37.218  1394  1529 E MARsPolicyManager: Error occurred in setEnabledSetting()java.lang.SecurityException: Cannot disable a protected package: com.samsung.knox.securefolder
03-09 20:34:52.350  1394  1529 E MARsPolicyManager: Error occurred in setEnabledSetting()java.lang.SecurityException: Cannot disable a protected package: com.samsung.knox.securefolder
03-09 20:35:07.454  1394  1529 E MARsPolicyManager: Error occurred in setEnabledSetting()java.lang.SecurityException: Cannot disable a protected package: com.samsung.knox.securefolder
03-09 20:35:11.342  1394  2779 E AppOps  : java.lang.SecurityException: Specified package "client.pid<958>" under uid 1000 but it is not
03-09 20:35:11.460  2332 23681 E LoadedApk: Exception : java.lang.NullPointerException: Attempt to invoke virtual method 'boolean android.os.Looper.isPerfLogEnable()' on a null object reference
03-09 20:35:11.544  2332 15649 E LoadedApk: Exception : java.lang.NullPointerException: Attempt to invoke virtual method 'boolean android.os.Looper.isPerfLogEnable()' on a null object reference
03-09 20:35:11.551  2332 23664 E LoadedApk: Exception : java.lang.NullPointerException: Attempt to invoke virtual method 'boolean android.os.Looper.isPerfLogEnable()' on a null object reference
03-09 20:35:11.862 24095 24112 W ResourcesOffloading: An exception occurred :
03-09 20:35:11.862 24095 24112 W ResourcesOffloading: android.content.res.Resources$NotFoundException: Resource ID #0x7f080613
03-09 20:35:17.473  2332 23680 E LoadedApk: Exception : java.lang.NullPointerException: Attempt to invoke virtual method 'boolean android.os.Looper.isPerfLogEnable()' on a null object reference
03-09 20:35:17.518  2332 15649 E LoadedApk: Exception : java.lang.NullPointerException: Attempt to invoke virtual method 'boolean android.os.Looper.isPerfLogEnable()' on a null object reference
03-09 20:35:17.534  2332 23664 E LoadedApk: Exception : java.lang.NullPointerException: Attempt to invoke virtual method 'boolean android.os.Looper.isPerfLogEnable()' on a null object reference
03-09 20:35:22.755  1394  1529 E MARsPolicyManager: Error occurred in setEnabledSetting()java.lang.SecurityException: Cannot disable a protected package: com.samsung.knox.securefolder
03-09 20:35:37.734  1394  1529 E MARsPolicyManager: Error occurred in setEnabledSetting()java.lang.SecurityException: Cannot disable a protected package: com.samsung.knox.securefolder
03-09 20:35:52.819  1394  1529 E MARsPolicyManager: Error occurred in setEnabledSetting()java.lang.SecurityException: Cannot disable a protected package: com.samsung.knox.securefolder
03-09 20:36:07.955  1394  1529 E MARsPolicyManager: Error occurred in setEnabledSetting()java.lang.SecurityException: Cannot disable a protected package: com.samsung.knox.securefolder
03-09 20:36:23.010  1394  1529 E MARsPolicyManager: Error occurred in setEnabledSetting()java.lang.SecurityException: Cannot disable a protected package: com.samsung.knox.securefolder
03-09 20:36:38.094  1394  1529 E MARsPolicyManager: Error occurred in setEnabledSetting()java.lang.SecurityException: Cannot disable a protected package: com.samsung.knox.securefolder
03-09 20:36:53.178  1394  1529 E MARsPolicyManager: Error occurred in setEnabledSetting()java.lang.SecurityException: Cannot disable a protected package: com.samsung.knox.securefolder
03-09 20:37:08.257  1394  1529 E MARsPolicyManager: Error occurred in setEnabledSetting()java.lang.SecurityException: Cannot disable a protected package: com.samsung.knox.securefolder
03-09 20:37:23.314  1394  1529 E MARsPolicyManager: Error occurred in setEnabledSetting()java.lang.SecurityException: Cannot disable a protected package: com.samsung.knox.securefolder
03-09 20:37:38.413  1394  1529 E MARsPolicyManager: Error occurred in setEnabledSetting()java.lang.SecurityException: Cannot disable a protected package: com.samsung.knox.securefolder
03-09 20:37:53.467  1394  1529 E MARsPolicyManager: Error occurred in setEnabledSetting()java.lang.SecurityException: Cannot disable a protected package: com.samsung.knox.securefolder
03-09 20:38:08.543  1394  1529 E MARsPolicyManager: Error occurred in setEnabledSetting()java.lang.SecurityException: Cannot disable a protected package: com.samsung.knox.securefolder
03-09 20:38:23.605  1394  1529 E MARsPolicyManager: Error occurred in setEnabledSetting()java.lang.SecurityException: Cannot disable a protected package: com.samsung.knox.securefolder
03-09 20:38:38.683  1394  1529 E MARsPolicyManager: Error occurred in setEnabledSetting()java.lang.SecurityException: Cannot disable a protected package: com.samsung.knox.securefolder
03-09 20:38:53.750  1394  1529 E MARsPolicyManager: Error occurred in setEnabledSetting()java.lang.SecurityException: Cannot disable a protected package: com.samsung.knox.securefolder
03-09 20:39:08.822  1394  1529 E MARsPolicyManager: Error occurred in setEnabledSetting()java.lang.SecurityException: Cannot disable a protected package: com.samsung.knox.securefolder
03-09 20:39:23.927  1394  1529 E MARsPolicyManager: Error occurred in setEnabledSetting()java.lang.SecurityException: Cannot disable a protected package: com.samsung.knox.securefolder
03-09 20:39:39.007  1394  1529 E MARsPolicyManager: Error occurred in setEnabledSetting()java.lang.SecurityException: Cannot disable a protected package: com.samsung.knox.securefolder
03-09 20:39:54.064  1394  1529 E MARsPolicyManager: Error occurred in setEnabledSetting()java.lang.SecurityException: Cannot disable a protected package: com.samsung.knox.securefolder
03-09 20:40:09.138  1394  1529 E MARsPolicyManager: Error occurred in setEnabledSetting()java.lang.SecurityException: Cannot disable a protected package: com.samsung.knox.securefolder
03-09 20:40:24.222  1394  1529 E MARsPolicyManager: Error occurred in setEnabledSetting()java.lang.SecurityException: Cannot disable a protected package: com.samsung.knox.securefolder
03-09 20:40:39.296  1394  1529 E MARsPolicyManager: Error occurred in setEnabledSetting()java.lang.SecurityException: Cannot disable a protected package: com.samsung.knox.securefolder
03-09 20:40:54.395  1394  1529 E MARsPolicyManager: Error occurred in setEnabledSetting()java.lang.SecurityException: Cannot disable a protected package: com.samsung.knox.securefolder
03-09 20:41:09.480  1394  1529 E MARsPolicyManager: Error occurred in setEnabledSetting()java.lang.SecurityException: Cannot disable a protected package: com.samsung.knox.securefolder
03-09 20:41:24.551  1394  1529 E MARsPolicyManager: Error occurred in setEnabledSetting()java.lang.SecurityException: Cannot disable a protected package: com.samsung.knox.securefolder
03-09 20:41:39.627  1394  1529 E MARsPolicyManager: Error occurred in setEnabledSetting()java.lang.SecurityException: Cannot disable a protected package: com.samsung.knox.securefolder
03-09 20:41:54.699  1394  1529 E MARsPolicyManager: Error occurred in setEnabledSetting()java.lang.SecurityException: Cannot disable a protected package: com.samsung.knox.securefolder
03-09 20:42:09.770  1394  1529 E MARsPolicyManager: Error occurred in setEnabledSetting()java.lang.SecurityException: Cannot disable a protected package: com.samsung.knox.securefolder
03-09 20:42:24.849  1394  1529 E MARsPolicyManager: Error occurred in setEnabledSetting()java.lang.SecurityException: Cannot disable a protected package: com.samsung.knox.securefolder
03-09 20:42:26.970  2332 24246 E LoadedApk: Exception : java.lang.NullPointerException: Attempt to invoke virtual method 'boolean android.os.Looper.isPerfLogEnable()' on a null object reference
03-09 20:42:27.061  2332 23664 E LoadedApk: Exception : java.lang.NullPointerException: Attempt to invoke virtual method 'boolean android.os.Looper.isPerfLogEnable()' on a null object reference
