03-09 20:42:27.061  2332 25017 E LoadedApk: Exception : java.lang.NullPointerException: Attempt to invoke virtual method 'boolean android.os.Looper.isPerfLogEnable()' on a null object reference
03-09 20:43:12.584  2332 24246 E LoadedApk: Exception : java.lang.NullPointerException: Attempt to invoke virtual method 'boolean android.os.Looper.isPerfLogEnable()' on a null object reference
03-09 20:43:12.644  2332 15649 E LoadedApk: Exception : java.lang.NullPointerException: Attempt to invoke virtual method 'boolean android.os.Looper.isPerfLogEnable()' on a null object reference
03-09 20:43:12.660  2332 15649 E LoadedApk: Exception : java.lang.NullPointerException: Attempt to invoke virtual method 'boolean android.os.Looper.isPerfLogEnable()' on a null object reference
03-09 20:44:00.162  1394  1529 E MARsPolicyManager: Error occurred in setEnabledSetting()java.lang.SecurityException: Cannot disable a protected package: com.samsung.knox.securefolder
03-09 20:44:15.099  1394  1529 E MARsPolicyManager: Error occurred in setEnabledSetting()java.lang.SecurityException: Cannot disable a protected package: com.samsung.knox.securefolder
03-09 20:44:30.218  1394  1529 E MARsPolicyManager: Error occurred in setEnabledSetting()java.lang.SecurityException: Cannot disable a protected package: com.samsung.knox.securefolder
03-09 20:44:45.332  1394  1529 E MARsPolicyManager: Error occurred in setEnabledSetting()java.lang.SecurityException: Cannot disable a protected package: com.samsung.knox.securefolder
03-09 20:45:00.406  1394  1529 E MARsPolicyManager: Error occurred in setEnabledSetting()java.lang.SecurityException: Cannot disable a protected package: com.samsung.knox.securefolder
03-09 20:45:15.478  1394  1529 E MARsPolicyManager: Error occurred in setEnabledSetting()java.lang.SecurityException: Cannot disable a protected package: com.samsung.knox.securefolder
03-09 20:45:30.554  1394  1529 E MARsPolicyManager: Error occurred in setEnabledSetting()java.lang.SecurityException: Cannot disable a protected package: com.samsung.knox.securefolder
03-09 20:45:45.631  1394  1529 E MARsPolicyManager: Error occurred in setEnabledSetting()java.lang.SecurityException: Cannot disable a protected package: com.samsung.knox.securefolder
03-09 20:46:00.779  1394  1529 E MARsPolicyManager: Error occurred in setEnabledSetting()java.lang.SecurityException: Cannot disable a protected package: com.samsung.knox.securefolder
03-09 20:46:15.868  1394  1529 E MARsPolicyManager: Error occurred in setEnabledSetting()java.lang.SecurityException: Cannot disable a protected package: com.samsung.knox.securefolder
03-09 20:46:30.948  1394  1529 E MARsPolicyManager: Error occurred in setEnabledSetting()java.lang.SecurityException: Cannot disable a protected package: com.samsung.knox.securefolder
03-09 20:46:46.014  1394  1529 E MARsPolicyManager: Error occurred in setEnabledSetting()java.lang.SecurityException: Cannot disable a protected package: com.samsung.knox.securefolder
03-09 20:47:01.080  1394  1529 E MARsPolicyManager: Error occurred in setEnabledSetting()java.lang.SecurityException: Cannot disable a protected package: com.samsung.knox.securefolder
03-09 20:47:16.186  1394  1529 E MARsPolicyManager: Error occurred in setEnabledSetting()java.lang.SecurityException: Cannot disable a protected package: com.samsung.knox.securefolder
03-09 20:47:22.348  2332 22161 E LoadedApk: Exception : java.lang.NullPointerException: Attempt to invoke virtual method 'boolean android.os.Looper.isPerfLogEnable()' on a null object reference
03-09 20:47:31.288  1394  1529 E MARsPolicyManager: Error occurred in setEnabledSetting()java.lang.SecurityException: Cannot disable a protected package: com.samsung.knox.securefolder
03-09 20:47:46.365  1394  1529 E MARsPolicyManager: Error occurred in setEnabledSetting()java.lang.SecurityException: Cannot disable a protected package: com.samsung.knox.securefolder
03-09 20:47:50.865  2332 26383 E LoadedApk: Exception : java.lang.NullPointerException: Attempt to invoke virtual method 'boolean android.os.Looper.isPerfLogEnable()' on a null object reference
03-09 20:47:50.879  2332 25017 E LoadedApk: Exception : java.lang.NullPointerException: Attempt to invoke virtual method 'boolean android.os.Looper.isPerfLogEnable()' on a null object reference
03-09 20:47:50.900  2332 15649 E LoadedApk: Exception : java.lang.NullPointerException: Attempt to invoke virtual method 'boolean android.os.Looper.isPerfLogEnable()' on a null object reference
03-09 20:47:53.609 27011 27027 W ResourcesOffloading: An exception occurred :
03-09 20:47:53.609 27011 27027 W ResourcesOffloading: android.content.res.Resources$NotFoundException: Resource ID #0x7f110010
03-09 20:48:24.910  2332 26685 E LoadedApk: Exception : java.lang.NullPointerException: Attempt to invoke virtual method 'boolean android.os.Looper.isPerfLogEnable()' on a null object reference
03-09 20:48:24.959  2332 15649 E LoadedApk: Exception : java.lang.NullPointerException: Attempt to invoke virtual method 'boolean android.os.Looper.isPerfLogEnable()' on a null object reference
03-09 20:48:24.967  2332 15649 E LoadedApk: Exception : java.lang.NullPointerException: Attempt to invoke virtual method 'boolean android.os.Looper.isPerfLogEnable()' on a null object reference
03-09 20:48:43.519  2332 26685 E LoadedApk: Exception : java.lang.NullPointerException: Attempt to invoke virtual method 'boolean android.os.Looper.isPerfLogEnable()' on a null object reference
03-09 20:48:43.560  2332 26706 E LoadedApk: Exception : java.lang.NullPointerException: Attempt to invoke virtual method 'boolean android.os.Looper.isPerfLogEnable()' on a null object reference
03-09 20:48:43.577  2332 26706 E LoadedApk: Exception : java.lang.NullPointerException: Attempt to invoke virtual method 'boolean android.os.Looper.isPerfLogEnable()' on a null object reference
03-09 20:48:43.736  2332 14710 I NullBinder: NullBinder for android.net.action.RECOMMEND_NETWORKS triggering remote TransactionTooLargeException due to Service without Chimera impl
03-09 20:48:44.157  6154  6154 W System.err: java.lang.Exception: BluetoothAdapter.isEnabled() == false
03-09 20:48:44.157  6154  6154 E SemBluetoothAudioCast: getProxy() : Exception : java.lang.Exception: BluetoothAdapter.isEnabled() == false
03-09 20:48:44.157  6154  6154 W System.err: java.lang.Exception: BluetoothAdapter.isEnabled() == false
03-09 20:48:44.158  6154  6154 E SemBluetoothAudioCast: getProxy() : Exception : java.lang.Exception: BluetoothAdapter.isEnabled() == false
03-09 20:48:45.313 25843 25892 W MultiSignalANRDetectorLacrima: Resuming error state checks
03-09 20:48:45.322 25843 25843 W MDCLLight: java.lang.ClassNotFoundException: android.widget.ViewStub
03-09 20:48:45.322 25843 25843 W MDCLLight: java.lang.ClassNotFoundException: android.webkit.ViewStub
03-09 20:48:45.322 25843 25843 W MDCLLight: java.lang.ClassNotFoundException: android.app.ViewStub
03-09 20:48:45.352 25843 25843 W IgMetaConfig: java.lang.RuntimeException: Could not obtain MC, call-site will receive default values
03-09 20:48:45.353 25843 25843 W IgMetaConfig: java.lang.RuntimeException: Could not obtain MC, call-site will receive default values
03-09 20:48:45.354   904   904 E audit   : type=1400 audit(1741549725.349:36361): avc:  granted  { execute } for  pid=25843 comm="stagram.android" path="/data/data/com.instagram.android/lib-compressed/libbreakpad-fatal-java-exception-description-handler-jni.so" dev="dm-53" ino=744164 scontext=u:r:untrusted_app:s0:c41,c257,c512,c768 tcontext=u:object_r:app_data_file:s0:c41,c257,c512,c768 tclass=file SEPF_SM-S908B_12_0001 audit_filtered
03-09 20:48:45.529 25843 26118 W MDCLLight: java.lang.ClassNotFoundException: androidx.window.extensions.WindowExtensionsProvider
03-09 20:48:45.533 25843 26118 W MDCLLight: java.lang.ClassNotFoundException: androidx.window.sidecar.SidecarProvider
03-09 20:48:45.572 25843 25984 W MDCLLight: java.lang.ClassNotFoundException: org.slf4j.impl.StaticLoggerBinder
03-09 20:48:50.535 25843 25843 E fatal   : runForegroundReporters
03-09 20:48:50.753  1394  1593 E VpnManagerService: Exception occured while trying to get the getProxyInfoForUid for knoxvpn uid 10110
03-09 20:48:51.274  1394  1593 E VpnManagerService: Exception occured while trying to get the getProxyInfoForUid for knoxvpn uid 10214
03-09 20:48:51.406  1394  1593 E VpnManagerService: Exception occured while trying to get the getProxyInfoForUid for knoxvpn uid 10119
03-09 20:48:51.578  1394  4666 E VpnManagerService: Exception occured while trying to get the getProxyInfoForUid for knoxvpn uid 5278
03-09 20:48:57.294 25843 25979 W IgMetaConfig: java.lang.RuntimeException: Could not obtain MC, call-site will receive default values
03-09 20:48:57.294 25843 25979 W IgMetaConfig: java.lang.RuntimeException: Could not obtain MC, call-site will receive default values
03-09 20:49:14.205 25843 27558 E AndroidRuntime: FATAL EXCEPTION: SWPool3_t1of1
03-09 20:49:14.205 25843 27558 E AndroidRuntime: Process: com.instagram.android, PID: 25843
03-09 20:49:14.205 25843 27558 E AndroidRuntime: java.lang.OutOfMemoryError: Failed to allocate a 83070912 byte allocation with 14979776 free bytes and 14MB until OOM, target footprint 536870912, growth limit 536870912
03-09 20:49:14.205 25843 27558 E AndroidRuntime:        at java.util.Arrays.copyOf(Arrays.java:3553)
03-09 20:49:14.205 25843 27558 E AndroidRuntime:        at java.util.Arrays.copyOf(Arrays.java:3522)
03-09 20:49:14.205 25843 27558 E AndroidRuntime:        at java.util.ArrayList.grow(ArrayList.java:244)
03-09 20:49:14.205 25843 27558 E AndroidRuntime:        at java.util.ArrayList.grow(ArrayList.java:251)
03-09 20:49:14.205 25843 27558 E AndroidRuntime:        at java.util.ArrayList.add(ArrayList.java:461)
03-09 20:49:14.205 25843 27558 E AndroidRuntime:        at java.util.ArrayList.add(ArrayList.java:474)
03-09 20:49:14.205 25843 27558 E AndroidRuntime:        at X.057T.<init>(:13)
03-09 20:49:14.205 25843 27558 E AndroidRuntime:        at X.0NrL.E4V(:8)
03-09 20:49:14.205 25843 27558 E AndroidRuntime:        at X.0Jqg.run(:8)
03-09 20:49:14.205 25843 27558 E AndroidRuntime:        at X.02pm.run(:25)
03-09 20:49:14.205 25843 27558 E AndroidRuntime:        at X.02pm.run(:25)
03-09 20:49:14.205 25843 27558 E AndroidRuntime:        at X.01ns.A00(:112)
03-09 20:49:14.205 25843 27558 E AndroidRuntime:        at X.01ns.run(:108)
03-09 20:49:15.968 19615 19615 E SENL$CPLog$SO$ConfigurationModel: getDisplayType# exception
03-09 20:49:15.968 19615 19615 E SENL$CPLog$SO$ConfigurationModel: getDisplayType# exception
03-09 20:49:15.977  2332 27218 E LoadedApk: Exception : java.lang.NullPointerException: Attempt to invoke virtual method 'boolean android.os.Looper.isPerfLogEnable()' on a null object reference
03-09 20:49:15.985  6154  6154 W System.err: java.lang.Exception: BluetoothAdapter.isEnabled() == false
03-09 20:49:15.985  6154  6154 E SemBluetoothAudioCast: getProxy() : Exception : java.lang.Exception: BluetoothAdapter.isEnabled() == false
03-09 20:49:15.985  6154  6154 W System.err: java.lang.Exception: BluetoothAdapter.isEnabled() == false
03-09 20:49:15.985  6154  6154 E SemBluetoothAudioCast: getProxy() : Exception : java.lang.Exception: BluetoothAdapter.isEnabled() == false
03-09 20:49:15.988  1940  1940 W System.err: java.lang.NullPointerException: Attempt to invoke interface method 'void java.util.function.Consumer.accept(java.lang.Object)' on a null object reference
03-09 20:49:16.010  2332 15649 E LoadedApk: Exception : java.lang.NullPointerException: Attempt to invoke virtual method 'boolean android.os.Looper.isPerfLogEnable()' on a null object reference
03-09 20:49:16.014  2332 26706 E LoadedApk: Exception : java.lang.NullPointerException: Attempt to invoke virtual method 'boolean android.os.Looper.isPerfLogEnable()' on a null object reference
03-09 20:49:16.063  1940  1940 W Bundle  : Attempt to cast generated internal exception:
03-09 20:49:16.063  1940  1940 W Bundle  : java.lang.ClassCastException: java.lang.Integer cannot be cast to java.lang.String
03-09 20:49:25.824  1394  1648 I WindowManager: ANR in Window{2745af2 u0 com.instagram.android/com.instagram.modal.ModalActivity}. Reason:Input dispatching timed out (2745af2 com.instagram.android/com.instagram.modal.ModalActivity (server) is not responding. Waited 10001ms for FocusEvent(hasFocus=false))
03-09 20:49:25.826  1394 27662 W ActivityManager: anr : com.instagram.android,10297
03-09 20:49:25.826  1394 27661 D ActivityManager: created ANR temporary file:/data/anr/temp_anr_8069907599062195430.txt
03-09 20:49:25.826  1394 27661 I ActivityManager: Collecting stacks for pid 25843 into temporary file temp_anr_8069907599062195430.txt
03-09 20:49:25.839  4900  4900 I SDHMS:BarTender:Gatherer:AppError: update AppError : uid=10297, pkg=com.instagram.android, errorType=anr
03-09 20:49:25.950  1394  4666 E VpnManagerService: Exception occured while trying to get the getProxyInfoForUid for knoxvpn uid 1000
03-09 20:49:25.959  1394  4664 E VpnManagerService: Exception occured while trying to get the getProxyInfoForUid for knoxvpn uid 10124
03-09 20:49:26.000  1394 27663 W Binder  :      at com.android.server.am.AnrHelper$AnrRecord.appNotResponding(AnrHelper.java:326)
03-09 20:49:26.000  1394 27663 W Binder  :      at com.android.server.am.AnrHelper$AnrConsumerThread.run(AnrHelper.java:261)
03-09 20:49:26.421  1394  4666 W system_server: Long monitor contention with owner AnrConsumer (27663) at void com.android.server.am.ActivityManagerService.dumpEverything(java.io.FileDescriptor, java.io.PrintWriter, java.lang.String[], int, boolean, java.lang.String, int, boolean, boolean, int, boolean)(ActivityManagerService.java:12083) waiters=0 in void com.android.server.am.ActivityManagerService.serviceDoneExecuting(android.os.IBinder, int, int, int) for 414ms
03-09 20:49:26.422  1394  4664 W system_server: Long monitor contention with owner AnrConsumer (27663) at void com.android.server.am.ActivityManagerService.dumpEverything(java.io.FileDescriptor, java.io.PrintWriter, java.lang.String[], int, boolean, java.lang.String, int, boolean, boolean, int, boolean)(ActivityManagerService.java:12083) waiters=1 in android.app.ContentProviderHolder com.android.server.am.ContentProviderHelper.getContentProviderImpl(android.app.IApplicationThread, java.lang.String, android.os.IBinder, int, java.lang.String, java.lang.String, boolean, int, int) for 395ms
03-09 20:49:26.423  1394  1510 W system_server: Long monitor contention with owner AnrConsumer (27663) at void com.android.server.am.ActivityManagerService.dumpEverything(java.io.FileDescriptor, java.io.PrintWriter, java.lang.String[], int, boolean, java.lang.String, int, boolean, boolean, int, boolean)(ActivityManagerService.java:12083) waiters=2 in void com.android.server.am.ContentProviderHelper.handleProviderRemoval(com.android.server.am.ContentProviderConnection, boolean, boolean) for 228ms
03-09 20:49:26.655  1394 27663 D SystemDumpWriter_ANR: Successful to save dumpsys to log/dumpsys_ANR_WindowManager.txt
03-09 20:49:26.655  1394 27663 D SystemDumpWriter_ANR: save dumpsys, duration=800
03-09 20:49:26.658  1394 27663 I ActivityManager: Dumping to /data/anr/anr_2025-03-09-20-49-26-657
03-09 20:49:28.595  1394  4664 E VpnManagerService: Exception occured while trying to get the getProxyInfoForUid for knoxvpn uid 5009
03-09 20:49:28.710  1394  2779 E VpnManagerService: Exception occured while trying to get the getProxyInfoForUid for knoxvpn uid 10108
03-09 20:49:28.950 27774 27837 I SamsungAccount: [LocalBusinessException] Not Skip Name Validation by AppId
03-09 20:49:37.767  1394 27663 E ActivityManager: ANR in com.instagram.android (com.instagram.android/com.instagram.modal.ModalActivity)
03-09 20:49:37.767  1394 27663 E ActivityManager:     29% 27665/AnrAuxiliaryTas: 6.6% user + 23% kernel
03-09 20:49:37.769  1394 27663 D ActivityManager: Completed ANR of com.instagram.android in 11943ms, latency 1ms
03-09 20:49:37.773  1394 27858 I DropBoxManagerService: add tag=data_app_anr isTagEnabled=true flags=0x6
03-09 20:49:37.804  4825  4825 I DMASA[D]: [ANRDetectionService]Enqueue work to ANR
03-09 20:49:38.231  4825  5139 I DMASA[D]: [b]isValidFCInfoOfANR
03-09 20:50:00.135  1394  1529 E MARsPolicyManager: Error occurred in setEnabledSetting()java.lang.SecurityException: Cannot disable a protected package: com.samsung.knox.securefolder
03-09 20:50:15.081  1394  1529 E MARsPolicyManager: Error occurred in setEnabledSetting()java.lang.SecurityException: Cannot disable a protected package: com.samsung.knox.securefolder
03-09 20:50:26.865 17273 17336 D StrictMode:    at android.os.Parcel.readExceptionCode(Parcel.java:3036)
03-09 20:50:26.865 17273 17336 D StrictMode:    at android.os.Parcel.readException(Parcel.java:2997)
03-09 20:50:26.880  1394  4668 E VpnManagerService: Exception occured while trying to get the getProxyInfoForUid for knoxvpn uid 10297
03-09 20:50:26.882 17273 17336 D StrictMode:    at android.os.Parcel.readExceptionCode(Parcel.java:3036)
03-09 20:50:26.882 17273 17336 D StrictMode:    at android.os.Parcel.readException(Parcel.java:2997)
03-09 20:50:26.885 17273 17336 D StrictMode:    at android.os.Parcel.readExceptionCode(Parcel.java:3036)
03-09 20:50:26.885 17273 17336 D StrictMode:    at android.os.Parcel.readException(Parcel.java:2997)
03-09 20:50:26.902  1394  4668 E VpnManagerService: Exception occured while trying to get the getProxyInfoForUid for knoxvpn uid 10368
03-09 20:50:26.932 27937 27991 W lacrima : Start AnrAppDeathDetector... X.03em
03-09 20:50:26.954 27937 27937 W MDCLLight: java.lang.ClassNotFoundException: kotlinx.coroutines.test.internal.TestMainDispatcherFactory
03-09 20:50:26.957 27937 27991 W lacrima : Start AnrDetector... com.facebook.acra.anr.multisignal.MultiSignalANRDetector
03-09 20:50:26.957 27937 27991 W MultiSignalANRDetectorLacrima: Starting
03-09 20:50:26.957 27937 27991 W ProcessAnrErrorMonitor: startMonitoring with delay: 0
03-09 20:50:26.960 27937 28049 W ProcessAnrErrorMonitor: Starting process monitor checks for process 'com.instagram.android'
03-09 20:50:26.960 27937 28049 W MultiSignalANRDetectorLacrima: Started monitoring
03-09 20:50:26.975 27937 27937 W IgMetaConfig: java.lang.RuntimeException: Could not obtain MC, call-site will receive default values
03-09 20:50:26.975 27937 27937 W IgMetaConfig: java.lang.RuntimeException: Could not obtain MC, call-site will receive default values
03-09 20:50:26.987 27937 27937 W IgMetaConfig: java.lang.RuntimeException: Could not obtain MC, call-site will receive default values
03-09 20:50:27.037 27937 28102 W QPLConfig: java.io.FileNotFoundException: /data/user/0/com.instagram.android/app_qpl/qpl_sampling_config_v2.null: open failed: ENOENT (No such file or directory)
03-09 20:50:27.037 27937 28102 W QPLConfig: Caused by: android.system.ErrnoException: open failed: ENOENT (No such file or directory)
03-09 20:50:27.044 27937 28097 E QPLProvider: java.lang.IllegalStateException: No QPL instance provided
03-09 20:50:27.118 27937 27937 W IgMetaConfig: java.lang.RuntimeException: Could not obtain MC, call-site will receive default values
03-09 20:50:27.119 27937 28104 W IgMetaConfig: java.lang.RuntimeException: Could not obtain MC, call-site will receive default values
03-09 20:50:27.182 27937 28020 W MDCLLight: java.lang.ClassNotFoundException: com.fasterxml.jackson.databind.ext.Java7SupportImpl
03-09 20:50:27.330 27937 27937 W MDCLLight: java.lang.ClassNotFoundException: com.amazon.device.messaging.ADM
03-09 20:50:27.518  2332 27909 W NetworkScheduler: android.database.sqlite.SQLiteConstraintException: UNIQUE constraint failed: pending_ops.tag, pending_ops.target_class, pending_ops.target_package, pending_ops.user_id (code 2067 SQLITE_CONSTRAINT_UNIQUE[2067])
03-09 20:50:27.614 27937 28363 W MDCLLight: java.lang.ClassNotFoundException: org.apache.http.entity.InputStreamEntity
03-09 20:50:28.121 27937 28145 W IgMetaConfig: java.lang.RuntimeException: Could not obtain MC, call-site will receive default values
03-09 20:50:28.970 27937 28039 W MultiSignalANRDetectorLacrima: Pausing error state checks
03-09 20:50:29.246 27937 28166 W IgMetaConfig: java.lang.RuntimeException: Could not obtain MC, call-site will receive default values
03-09 20:50:29.246 27937 28166 W IgMetaConfig: java.lang.RuntimeException: Could not obtain MC, call-site will receive default values
03-09 20:50:30.124  1394  1529 E MARsPolicyManager: Error occurred in setEnabledSetting()java.lang.SecurityException: Cannot disable a protected package: com.samsung.knox.securefolder
03-09 20:50:32.485 27937 28426 E ActionQueryTaskListener: 0 onLoadBatchComplete exception: null BACKGROUND modules: [s_executorch_pytorch(*),s_1687668038(*),pytorch]
03-09 20:50:45.262  1394  1529 E MARsPolicyManager: Error occurred in setEnabledSetting()java.lang.SecurityException: Cannot disable a protected package: com.samsung.knox.securefolder
03-09 20:51:00.327  1394  1529 E MARsPolicyManager: Error occurred in setEnabledSetting()java.lang.SecurityException: Cannot disable a protected package: com.samsung.knox.securefolder
03-09 20:51:15.408  1394  1529 E MARsPolicyManager: Error occurred in setEnabledSetting()java.lang.SecurityException: Cannot disable a protected package: com.samsung.knox.securefolder
03-09 20:51:30.483  1394  1529 E MARsPolicyManager: Error occurred in setEnabledSetting()java.lang.SecurityException: Cannot disable a protected package: com.samsung.knox.securefolder
03-09 20:51:45.584  1394  1529 E MARsPolicyManager: Error occurred in setEnabledSetting()java.lang.SecurityException: Cannot disable a protected package: com.samsung.knox.securefolder
03-09 20:52:00.659  1394  1529 E MARsPolicyManager: Error occurred in setEnabledSetting()java.lang.SecurityException: Cannot disable a protected package: com.samsung.knox.securefolder
03-09 20:52:15.711  1394  1529 E MARsPolicyManager: Error occurred in setEnabledSetting()java.lang.SecurityException: Cannot disable a protected package: com.samsung.knox.securefolder
03-09 20:52:30.792  1394  1529 E MARsPolicyManager: Error occurred in setEnabledSetting()java.lang.SecurityException: Cannot disable a protected package: com.samsung.knox.securefolder
03-09 20:52:45.875  1394  1529 E MARsPolicyManager: Error occurred in setEnabledSetting()java.lang.SecurityException: Cannot disable a protected package: com.samsung.knox.securefolder
03-09 20:53:00.925  1394  1529 E MARsPolicyManager: Error occurred in setEnabledSetting()java.lang.SecurityException: Cannot disable a protected package: com.samsung.knox.securefolder
03-09 20:53:16.004  1394  1529 E MARsPolicyManager: Error occurred in setEnabledSetting()java.lang.SecurityException: Cannot disable a protected package: com.samsung.knox.securefolder
03-09 20:53:31.116  1394  1529 E MARsPolicyManager: Error occurred in setEnabledSetting()java.lang.SecurityException: Cannot disable a protected package: com.samsung.knox.securefolder
03-09 20:53:46.191  1394  1529 E MARsPolicyManager: Error occurred in setEnabledSetting()java.lang.SecurityException: Cannot disable a protected package: com.samsung.knox.securefolder
03-09 20:54:01.235  1394  1529 E MARsPolicyManager: Error occurred in setEnabledSetting()java.lang.SecurityException: Cannot disable a protected package: com.samsung.knox.securefolder
03-09 20:54:16.304  1394  1529 E MARsPolicyManager: Error occurred in setEnabledSetting()java.lang.SecurityException: Cannot disable a protected package: com.samsung.knox.securefolder
03-09 20:54:31.383  1394  1529 E MARsPolicyManager: Error occurred in setEnabledSetting()java.lang.SecurityException: Cannot disable a protected package: com.samsung.knox.securefolder
03-09 20:54:46.456  1394  1529 E MARsPolicyManager: Error occurred in setEnabledSetting()java.lang.SecurityException: Cannot disable a protected package: com.samsung.knox.securefolder
03-09 20:55:00.207  1394  4871 E VpnManagerService: Exception occured while trying to get the getProxyInfoForUid for knoxvpn uid 10237
03-09 20:55:00.211  1394  4871 E VpnManagerService: Exception occured while trying to get the getProxyInfoForUid for knoxvpn uid 10244
03-09 20:55:00.938  1394  4860 E VpnManagerService: Exception occured while trying to get the getProxyInfoForUid for knoxvpn uid 10245
03-09 20:55:01.448  1394  4827 E VpnManagerService: Exception occured while trying to get the getProxyInfoForUid for knoxvpn uid 10275
03-09 20:55:01.511  1394  1529 E MARsPolicyManager: Error occurred in setEnabledSetting()java.lang.SecurityException: Cannot disable a protected package: com.samsung.knox.securefolder
03-09 20:55:01.824  1394  4623 E VpnManagerService: Exception occured while trying to get the getProxyInfoForUid for knoxvpn uid 10248
03-09 20:55:02.078 28826 28924 I Finsky:background: [182] abfr.k(28): SettingNotFoundException, fall through to G.downloadBytesOverMobileMaximum
03-09 20:55:02.080 28826 28924 I Finsky:background: [182] abfr.j(31): SettingNotFoundException, fall through to G.downloadBytesOverMobileRecommended
03-09 20:55:06.188  1394  1787 V SemWifiScanPool: updateScanResult, full scan:2 configKeys: 2 pool_bssid:4 pool_configKeys:6
03-09 20:55:06.192  1394  1787 D WifiConnectivityMonitor: onScanResultUpdated
03-09 20:55:09.900  1394  4623 E VpnManagerService: Exception occured while trying to get the getProxyInfoForUid for knoxvpn uid 10357
03-09 20:55:16.697  1394  1529 E MARsPolicyManager: Error occurred in setEnabledSetting()java.lang.SecurityException: Cannot disable a protected package: com.samsung.knox.securefolder
03-09 20:55:19.056  2332 15649 W AsyncOperation: OperationException[Status{statusCode=Storage info not created for Play Store., resolution=null}]
03-09 20:55:20.815  1940  1940 W AOD_MONITOR@BroadcastMonitor: unregister: failed to unregister : android.intent.action.SERVICE_STATE java.lang.IllegalArgumentException: Receiver not registered: g.g0@77389af
03-09 20:55:20.842  2332 28980 E LoadedApk: Exception : java.lang.NullPointerException: Attempt to invoke virtual method 'boolean android.os.Looper.isPerfLogEnable()' on a null object reference
03-09 20:55:20.877  2332 15649 E LoadedApk: Exception : java.lang.NullPointerException: Attempt to invoke virtual method 'boolean android.os.Looper.isPerfLogEnable()' on a null object reference
03-09 20:55:20.886  2332 15649 E LoadedApk: Exception : java.lang.NullPointerException: Attempt to invoke virtual method 'boolean android.os.Looper.isPerfLogEnable()' on a null object reference
03-09 20:55:21.086  2332  2347 I NullBinder: NullBinder for android.net.action.RECOMMEND_NETWORKS triggering remote TransactionTooLargeException due to Service without Chimera impl
03-09 20:55:21.496  6154  6154 W System.err: java.lang.Exception: BluetoothAdapter.isEnabled() == false
03-09 20:55:21.496  6154  6154 E SemBluetoothAudioCast: getProxy() : Exception : java.lang.Exception: BluetoothAdapter.isEnabled() == false
03-09 20:55:21.496  6154  6154 W System.err: java.lang.Exception: BluetoothAdapter.isEnabled() == false
03-09 20:55:21.496  6154  6154 E SemBluetoothAudioCast: getProxy() : Exception : java.lang.Exception: BluetoothAdapter.isEnabled() == false
03-09 20:55:26.163 17273 17273 E AnimationUtils: RuntimeException for unknown animation name, resouce ID #0x7f010024
03-09 20:55:26.439  1394  2911 E VpnManagerService: Exception occured while trying to get the getProxyInfoForUid for knoxvpn uid 10260
03-09 20:55:26.531  2332 29203 W FontLog : java.lang.IllegalStateException: Cannot perform this operation because the connection pool has been closed.
03-09 20:55:26.659 17273 29474 W jqt     : java.lang.Exception
03-09 20:55:26.661 17273 29463 W jqt     : java.lang.Exception
03-09 20:55:26.665 17273 17319 D StrictMode:    at android.os.Parcel.readExceptionCode(Parcel.java:3036)
03-09 20:55:26.665 17273 17319 D StrictMode:    at android.os.Parcel.readException(Parcel.java:2997)
03-09 20:55:26.666 17273 17319 D StrictMode:    at android.os.Parcel.readExceptionCode(Parcel.java:3036)
03-09 20:55:26.666 17273 17319 D StrictMode:    at android.os.Parcel.readException(Parcel.java:2997)
03-09 20:55:26.666 17273 17319 D StrictMode:    at android.os.Parcel.readExceptionCode(Parcel.java:3036)
03-09 20:55:26.666 17273 17319 D StrictMode:    at android.os.Parcel.readException(Parcel.java:2997)
03-09 20:55:26.682 17273 17315 D StrictMode:    at android.os.Parcel.readExceptionCode(Parcel.java:3036)
03-09 20:55:26.682 17273 17315 D StrictMode:    at android.os.Parcel.readException(Parcel.java:2997)
03-09 20:55:26.685 17273 17336 D StrictMode:    at android.os.Parcel.readExceptionCode(Parcel.java:3036)
03-09 20:55:26.685 17273 17336 D StrictMode:    at android.os.Parcel.readException(Parcel.java:2997)
03-09 20:55:26.694 17273 17329 D StrictMode:    at android.os.Parcel.readExceptionCode(Parcel.java:3036)
03-09 20:55:26.694 17273 17329 D StrictMode:    at android.os.Parcel.readException(Parcel.java:2997)
03-09 20:55:26.697 17273 29474 W jqt     : java.lang.Exception
03-09 20:55:26.702 17273 29468 W jqt     : java.lang.Exception
03-09 20:55:26.718 17273 29464 W jqt     : java.lang.Exception
03-09 20:55:26.731 17273 29460 W jqt     : java.lang.Exception
03-09 20:55:26.941  2332 26706 W AsyncOperation: OperationException[Status{statusCode=Stale snapshot for com.google.android.libraries.social.populous#com.google.android.gm(committed configuration changed), resolution=null}]
03-09 20:55:27.825 17273 29590 W bnin    : java.lang.NoSuchMethodException: bdvi.getScopes []
03-09 20:55:28.957  2332 29553 W AsyncOperation: OperationException[Status{statusCode=Stale snapshot for com.google.apps.dynamite#com.google.android.gm_Hub(committed configuration changed), resolution=null}]
03-09 20:55:28.959  2332 25017 W AsyncOperation: OperationException[Status{statusCode=Stale snapshot for com.google.apps.dynamite#com.google.android.gm_Hub(committed configuration changed), resolution=null}]
03-09 20:55:28.961  2332 25017 W AsyncOperation: OperationException[Status{statusCode=Stale snapshot for com.google.apps.dynamite#com.google.android.gm_Hub(committed configuration changed), resolution=null}]
03-09 20:55:30.569  1394  4666 E VpnManagerService: Exception occured while trying to get the getProxyInfoForUid for knoxvpn uid 10109
03-09 20:55:30.572 29733 29749 W ResourcesOffloading: An exception occurred :
03-09 20:55:30.572 29733 29749 W ResourcesOffloading: android.content.res.Resources$NotFoundException: Resource ID #0x7f110010
03-09 20:55:30.605 29733 29763 I DeviceConfigUtil: [C] isDesktopModeImpl : java.lang.NoSuchFieldException: DEX_MODE_STANDALONE
03-09 20:55:30.720 29733 29763 I SimContactModel: [C] getAnrConfigValueIncludingTSS20() salesCode : EUX
03-09 20:55:30.738 29733 29763 I SimContactModel: [C] CarrierFeature getAnrConfig()  = 0
03-09 20:55:31.128 29733 29770 I SimContactModel: [C] getAnrConfigValueIncludingTSS20() salesCode : EUX
03-09 20:55:31.128 29733 29770 I SimContactModel: [C] CarrierFeature getAnrConfig()  = 0
03-09 20:55:31.157 29733 29770 I SimContactModel: [C] getAnrConfigValueIncludingTSS20() salesCode : EUX
03-09 20:55:31.157 29733 29770 I SimContactModel: [C] CarrierFeature getAnrConfig()  = 0
03-09 20:55:31.449  1394  4666 E VpnManagerService: Exception occured while trying to get the getProxyInfoForUid for knoxvpn uid 10365
03-09 20:55:32.623  1394  2543 E VpnManagerService: Exception occured while trying to get the getProxyInfoForUid for knoxvpn uid 10121
03-09 20:55:32.778  1394  2911 E VpnManagerService: Exception occured while trying to get the getProxyInfoForUid for knoxvpn uid 1000
03-09 20:55:32.945  1394  4871 E VpnManagerService: Exception occured while trying to get the getProxyInfoForUid for knoxvpn uid 5009
03-09 20:55:32.970 29894 29894 I [SC]SamsungCloudApp: time elapsed to initialize ExceptionFilterInitializer: 0
03-09 20:55:33.001 29894 29945 W Bundle  : Attempt to cast generated internal exception:
03-09 20:55:33.001 29894 29945 W Bundle  : java.lang.ClassCastException: java.lang.Float cannot be cast to java.lang.String
03-09 20:55:33.056 29865 29879 D SecTileUtils: addedCache put key : Pair{com.google.android.healthconnect.controller com.android.healthconnect.controller.LegacySettingsEntryPoint} , categoryKey com.android.settings.category.ia.privacy
03-09 20:55:33.064 29865 29879 D SecTileUtils: category.addTile com.android.healthconnect.controller.LegacySettingsEntryPoint , tileID : null
03-09 20:55:33.081 29894 29941 E [SC][ExceptionHandler]: exception caught.
03-09 20:55:33.081 29894 29941 E [SC][ExceptionHandler]: java.lang.IllegalStateException: Expected BEGIN_OBJECT but was STRING at line 1 column 1 path $
03-09 20:55:33.081 29894 29941 E [SC][ExceptionHandler]: See https://github.com/google/gson/blob/main/Troubleshooting.md#unexpected-json-structure
03-09 20:55:33.081 29894 29941 E [SC][ExceptionHandler]:        at i1.a.F(SourceFile:56)
03-09 20:55:33.081 29894 29941 E [SC][ExceptionHandler]:        at i1.a.b(SourceFile:22)
03-09 20:55:33.081 29894 29941 E [SC][ExceptionHandler]:        at com.google.gson.internal.bind.p.a(SourceFile:22)
03-09 20:55:33.081 29894 29941 E [SC][ExceptionHandler]:        at com.google.gson.g.d(SourceFile:29)
03-09 20:55:33.081 29894 29941 E [SC][ExceptionHandler]:        at com.google.gson.g.e(SourceFile:15)
03-09 20:55:33.081 29894 29941 E [SC][ExceptionHandler]:        at com.samsung.scsp.internal.odi.SamsungCloudODIQuota.read(SourceFile:48)
03-09 20:55:33.081 29894 29941 E [SC][ExceptionHandler]:        at com.samsung.scsp.internal.odi.SamsungCloudODIQuota.get(SourceFile:1)
03-09 20:55:33.081 29894 29941 E [SC][ExceptionHandler]:        at com.samsung.scsp.internal.odi.SamsungCloudODIQuota.getOneDriveQuota(SourceFile:14)
03-09 20:55:33.081 29894 29941 E [SC][ExceptionHandler]:        at androidx.drawerlayout.widget.b.get(SourceFile:537)
03-09 20:55:33.081 29894 29941 E [SC][ExceptionHandler]:        at com.samsung.android.scloud.common.exception.ExceptionHandler.commit(SourceFile:5)
03-09 20:55:33.081 29894 29941 E [SC][ExceptionHandler]:        at com.samsung.android.scloud.app.datamigrator.resolver.b.b(SourceFile:15)
03-09 20:55:33.081 29894 29941 E [SC][ExceptionHandler]:        at com.samsung.android.scloud.app.datamigrator.resolver.b.a(SourceFile:100)
03-09 20:55:33.081 29894 29941 E [SC][ExceptionHandler]:        at V1.g.apply(SourceFile:67)
03-09 20:55:33.081 29894 29941 E [SC][ExceptionHandler]:        at com.samsung.android.scloud.common.context.ContextProvider.call(SourceFile:8)
03-09 20:55:33.081 29894 29941 E [SC][ExceptionHandler]:        at android.content.ContentProvider.call(ContentProvider.java:2760)
03-09 20:55:33.081 29894 29941 E [SC][ExceptionHandler]:        at android.content.ContentProvider$Transport.call(ContentProvider.java:633)
03-09 20:55:33.081 29894 29941 E [SC][ExceptionHandler]:        at android.content.ContentResolver.call(ContentResolver.java:2479)
03-09 20:55:33.081 29894 29941 E [SC][ExceptionHandler]:        at android.content.ContentResolver.call(ContentResolver.java:2459)
03-09 20:55:33.081 29894 29941 E [SC][ExceptionHandler]:        at com.samsung.android.scloud.common.context.ContextProvider.call(SourceFile:1)
03-09 20:55:33.081 29894 29941 E [SC][ExceptionHandler]:        at n7.b.g(SourceFile:55)
03-09 20:55:33.081 29894 29941 E [SC][ExceptionHandler]:        at com.samsung.android.scloud.app.datamigrator.a.run(SourceFile:226)
03-09 20:55:33.081 29894 29941 E [SC][ExceptionHandler]:        at java.util.concurrent.Executors$RunnableAdapter.call(Executors.java:487)
03-09 20:55:33.081 29894 29941 E [SC][ExceptionHandler]:        at java.util.concurrent.FutureTask.run(FutureTask.java:264)
03-09 20:55:33.081 29894 29941 E [SC][ExceptionHandler]:        at java.util.concurrent.ThreadPoolExecutor.runWorker(ThreadPoolExecutor.java:1145)
03-09 20:55:33.081 29894 29941 E [SC][ExceptionHandler]:        at java.util.concurrent.ThreadPoolExecutor$Worker.run(ThreadPoolExecutor.java:644)
03-09 20:55:33.081 29894 29941 E [SC][ExceptionHandler]:        at java.lang.Thread.run(Thread.java:1012)
03-09 20:55:33.373  1394  4827 E VpnManagerService: Exception occured while trying to get the getProxyInfoForUid for knoxvpn uid 1000
03-09 20:55:33.469  1394  4871 E VpnManagerService: Exception occured while trying to get the getProxyInfoForUid for knoxvpn uid 10111
03-09 20:55:33.631  1394  4664 E VpnManagerService: Exception occured while trying to get the getProxyInfoForUid for knoxvpn uid 5012
03-09 20:55:33.733  1394  4871 E VpnManagerService: Exception occured while trying to get the getProxyInfoForUid for knoxvpn uid 1000
03-09 20:55:34.265 29865 30237 D SecTileUtils: setMetaData key : Pair{com.google.android.healthconnect.controller com.android.healthconnect.controller.LegacySettingsEntryPoint} , categoryKey com.android.settings.category.ia.privacy
03-09 20:55:34.268 29865 30237 D SecTileUtils: category.addTile com.android.healthconnect.controller.LegacySettingsEntryPoint , tileID : null
03-09 20:55:34.381 29865 30237 D SecTileUtils: setMetaData key : Pair{com.google.android.healthconnect.controller com.android.healthconnect.controller.LegacySettingsEntryPoint} , categoryKey com.android.settings.category.ia.privacy
03-09 20:55:34.383 29865 30237 D SecTileUtils: category.addTile com.android.healthconnect.controller.LegacySettingsEntryPoint , tileID : null
03-09 20:55:35.269 29865 29879 W PrefCtrlListHelper: Cannot instantiate controller from reflection: com.android.settings.notification.zen.ZenModeContactExceptionController
03-09 20:55:35.387 29865 29878 D MobileWIPSExceptionList: Key should remain added in search index
03-09 20:55:35.540  1394  2545 E VpnManagerService: Exception occured while trying to get the getProxyInfoForUid for knoxvpn uid 1000
03-09 20:55:35.552 29865 29878 I CollectDiagnosticsPreferenceController: NameNotFoundException : MyAccount
03-09 20:55:35.585 30302 30302 E PkgMgrAPI: hasPackage() - NameNotFoundException occurred. packageName : com.google.android.marvin.talkback
03-09 20:55:35.658 29865 29878 D ConnectionsUtils: isHideAdvancedCalling: Exception
03-09 20:55:35.733  1394  4668 E VpnManagerService: Exception occured while trying to get the getProxyInfoForUid for knoxvpn uid 10043
03-09 20:55:35.753 30336 30336 E getBitmap : FileNotFoundException: /data/user/0/com.samsung.android.app.aodservice/files/sub_home_wallpaper_bitmap: open failed: ENOENT (No such file or directory)
03-09 20:55:35.753 30336 30336 E getBitmap : FileNotFoundException: /data/user/0/com.samsung.android.app.aodservice/files/sub_home_theme_wallpaper_bitmap: open failed: ENOENT (No such file or directory)
03-09 20:55:35.753 30336 30336 E getBitmap : FileNotFoundException: /data/user/0/com.samsung.android.app.aodservice/files/sub_home_wallpaper_bitmap: open failed: ENOENT (No such file or directory)
03-09 20:55:35.753 30336 30336 E getBitmap : FileNotFoundException: /data/user/0/com.samsung.android.app.aodservice/files/sub_home_theme_wallpaper_bitmap: open failed: ENOENT (No such file or directory)
03-09 20:55:35.788  1394  2545 E VpnManagerService: Exception occured while trying to get the getProxyInfoForUid for knoxvpn uid 10050
03-09 20:55:35.789 30336 30352 W System.err: android.database.sqlite.SQLiteException: no such table: table_sub_launcher_settings (code 1 SQLITE_ERROR[1]): , while compiling: SELECT * FROM table_sub_launcher_settings
03-09 20:55:35.789 30336 30352 W System.err: android.database.sqlite.SQLiteException: no such table: table_sub_launcher_settings (code 1 SQLITE_ERROR[1]): , while compiling: SELECT * FROM table_sub_launcher_settings WHERE (SETTING_KEY=?)
03-09 20:55:35.862 30349 30349 E BCL@CoreSvc: (EmClassHelper) Failed to instantiate EmActionHandler : java.lang.ClassNotFoundException: com.samsung.android.bixby.agent2.cphandler.EmActionHandler
03-09 20:55:35.878  1394  4623 E VpnManagerService: Exception occured while trying to get the getProxyInfoForUid for knoxvpn uid 1001
03-09 20:55:35.930 30396 30429 E UD.PackageUtils: NameNotFoundException
03-09 20:55:36.088  1394  4871 E VpnManagerService: Exception occured while trying to get the getProxyInfoForUid for knoxvpn uid 1000
03-09 20:55:36.188  1394  4623 E VpnManagerService: Exception occured while trying to get the getProxyInfoForUid for knoxvpn uid 10057
03-09 20:55:36.310 29865 29878 W PrefCtrlListHelper: Cannot instantiate controller from reflection: com.android.settings.notification.zen.ZenModeContactExceptionController
03-09 20:55:41.749 17273 29551 W bcsf    : java.lang.Exception: Waiting for world sync when sync engine is not started!
03-09 20:55:41.753 17273 17315 W jqt     : java.lang.Exception: Waiting for world sync when sync engine is not started!
03-09 20:55:43.935 17273 29664 W bcsf    : java.lang.Exception: Waiting for world sync when sync engine is not started!
03-09 20:55:43.936 17273 29678 W bcsf    : java.lang.Exception: Waiting for world sync when sync engine is not started!
03-09 20:55:43.939 17273 17315 W jqt     : java.lang.Exception: Waiting for world sync when sync engine is not started!
03-09 20:55:43.939 17273 17319 W jqt     : java.lang.Exception: Waiting for world sync when sync engine is not started!
03-09 20:55:43.947 17273 29680 W bcsf    : java.lang.Exception: Waiting for world sync when sync engine is not started!
03-09 20:55:43.949 17273 17319 W jqt     : java.lang.Exception: Waiting for world sync when sync engine is not started!
03-09 20:55:43.960 17273 29688 W bcsf    : java.lang.Exception: Waiting for world sync when sync engine is not started!
03-09 20:55:43.962 17273 17315 W jqt     : java.lang.Exception: Waiting for world sync when sync engine is not started!
03-09 20:55:43.965 17273 29698 W bcsf    : java.lang.Exception: Waiting for world sync when sync engine is not started!
03-09 20:55:43.968 17273 17319 W jqt     : java.lang.Exception: Waiting for world sync when sync engine is not started!
03-09 20:56:02.780 29865 30237 D SecTileUtils: setMetaData key : Pair{com.google.android.healthconnect.controller com.android.healthconnect.controller.LegacySettingsEntryPoint} , categoryKey com.android.settings.category.ia.privacy
03-09 20:56:02.782 29865 30237 D SecTileUtils: category.addTile com.android.healthconnect.controller.LegacySettingsEntryPoint , tileID : null
03-09 20:56:07.785 29865 30536 D SecTileUtils: setMetaData key : Pair{com.google.android.healthconnect.controller com.android.healthconnect.controller.LegacySettingsEntryPoint} , categoryKey com.android.settings.category.ia.privacy
03-09 20:56:07.787 29865 30536 D SecTileUtils: category.addTile com.android.healthconnect.controller.LegacySettingsEntryPoint , tileID : null
03-09 20:56:09.697  1394  4624 E AppSearchManagerService: java.lang.IllegalStateException: UserHandle{150} is locked or not running.
03-09 20:56:09.706  1394  4624 E AppSearchManagerService: java.lang.IllegalStateException: UserHandle{150} is locked or not running.
03-09 20:56:09.708  1394  4848 E AppSearchManagerService: java.lang.IllegalStateException: UserHandle{150} is locked or not running.
03-09 20:56:09.710  1394  4848 E AppSearchManagerService: java.lang.IllegalStateException: UserHandle{150} is locked or not running.
03-09 20:56:09.718  1394  4624 E AppSearchManagerService: java.lang.IllegalStateException: UserHandle{150} is locked or not running.
03-09 20:56:09.720  1394  4848 E AppSearchManagerService: java.lang.IllegalStateException: UserHandle{150} is locked or not running.
03-09 20:56:09.721  1394  4848 E AppSearchManagerService: java.lang.IllegalStateException: UserHandle{150} is locked or not running.
03-09 20:56:09.729  1394  4848 E AppSearchManagerService: java.lang.IllegalStateException: UserHandle{150} is locked or not running.
03-09 20:56:09.731  1394  4624 E AppSearchManagerService: java.lang.IllegalStateException: UserHandle{150} is locked or not running.
03-09 20:56:09.732  1394  4848 E AppSearchManagerService: java.lang.IllegalStateException: UserHandle{150} is locked or not running.
03-09 20:56:09.734  1394  4848 E AppSearchManagerService: java.lang.IllegalStateException: UserHandle{150} is locked or not running.
03-09 20:56:09.735  1394  4848 E AppSearchManagerService: java.lang.IllegalStateException: UserHandle{150} is locked or not running.
03-09 20:56:09.744  1394  4848 E AppSearchManagerService: java.lang.IllegalStateException: UserHandle{150} is locked or not running.
03-09 20:56:09.746  1394  4624 E AppSearchManagerService: java.lang.IllegalStateException: UserHandle{150} is locked or not running.
03-09 20:56:09.748  1394  4848 E AppSearchManagerService: java.lang.IllegalStateException: UserHandle{150} is locked or not running.
03-09 20:56:09.758  1394  4624 E AppSearchManagerService: java.lang.IllegalStateException: UserHandle{150} is locked or not running.
03-09 20:56:09.768  1394  4848 E AppSearchManagerService: java.lang.IllegalStateException: UserHandle{150} is locked or not running.
03-09 20:56:09.777  1394  4624 E AppSearchManagerService: java.lang.IllegalStateException: UserHandle{150} is locked or not running.
03-09 20:56:09.785  1394  4848 E AppSearchManagerService: java.lang.IllegalStateException: UserHandle{150} is locked or not running.
03-09 20:56:09.786  1394  4848 E AppSearchManagerService: java.lang.IllegalStateException: UserHandle{150} is locked or not running.
03-09 20:56:09.787  1394  4848 E AppSearchManagerService: java.lang.IllegalStateException: UserHandle{150} is locked or not running.
03-09 20:56:09.788  1394  4848 E AppSearchManagerService: java.lang.IllegalStateException: UserHandle{150} is locked or not running.
03-09 20:56:09.790  1394  4848 E AppSearchManagerService: java.lang.IllegalStateException: UserHandle{150} is locked or not running.
03-09 20:56:09.799  1394  4848 E AppSearchManagerService: java.lang.IllegalStateException: UserHandle{150} is locked or not running.
03-09 20:56:09.801  1394  4848 E AppSearchManagerService: java.lang.IllegalStateException: UserHandle{150} is locked or not running.
03-09 20:56:09.802  1394  4848 E AppSearchManagerService: java.lang.IllegalStateException: UserHandle{150} is locked or not running.
03-09 20:56:09.814  1394  4624 E AppSearchManagerService: java.lang.IllegalStateException: UserHandle{150} is locked or not running.
03-09 20:56:09.823  1394  4848 E AppSearchManagerService: java.lang.IllegalStateException: UserHandle{150} is locked or not running.
03-09 20:56:09.825  1394  4624 E AppSearchManagerService: java.lang.IllegalStateException: UserHandle{150} is locked or not running.
03-09 20:56:09.833  1394  4848 E AppSearchManagerService: java.lang.IllegalStateException: UserHandle{150} is locked or not running.
03-09 20:56:09.835  1394  4624 E AppSearchManagerService: java.lang.IllegalStateException: UserHandle{150} is locked or not running.
03-09 20:56:09.836  1394  4848 E AppSearchManagerService: java.lang.IllegalStateException: UserHandle{150} is locked or not running.
03-09 20:56:09.838  1394  4624 E AppSearchManagerService: java.lang.IllegalStateException: UserHandle{150} is locked or not running.
03-09 20:56:09.839  1394  4624 E AppSearchManagerService: java.lang.IllegalStateException: UserHandle{150} is locked or not running.
03-09 20:56:09.840  1394  4848 E AppSearchManagerService: java.lang.IllegalStateException: UserHandle{150} is locked or not running.
03-09 20:56:09.848  1394  4624 E AppSearchManagerService: java.lang.IllegalStateException: UserHandle{150} is locked or not running.
03-09 20:56:09.850  1394  4624 E AppSearchManagerService: java.lang.IllegalStateException: UserHandle{150} is locked or not running.
03-09 20:56:09.851  1394  4848 E AppSearchManagerService: java.lang.IllegalStateException: UserHandle{150} is locked or not running.
03-09 20:56:09.863  1394  4624 E AppSearchManagerService: java.lang.IllegalStateException: UserHandle{150} is locked or not running.
03-09 20:56:09.866  1394  4848 E AppSearchManagerService: java.lang.IllegalStateException: UserHandle{150} is locked or not running.
03-09 20:56:09.868  1394  4624 E AppSearchManagerService: java.lang.IllegalStateException: UserHandle{150} is locked or not running.
03-09 20:56:09.879  1394  4848 E AppSearchManagerService: java.lang.IllegalStateException: UserHandle{150} is locked or not running.
03-09 20:56:09.880  1394  4624 E AppSearchManagerService: java.lang.IllegalStateException: UserHandle{150} is locked or not running.
03-09 20:56:09.894  1394  4848 E AppSearchManagerService: java.lang.IllegalStateException: UserHandle{150} is locked or not running.
03-09 20:56:09.904  1394  4624 E AppSearchManagerService: java.lang.IllegalStateException: UserHandle{150} is locked or not running.
03-09 20:56:09.906  1394  4848 E AppSearchManagerService: java.lang.IllegalStateException: UserHandle{150} is locked or not running.
03-09 20:56:09.908  1394  4624 E AppSearchManagerService: java.lang.IllegalStateException: UserHandle{150} is locked or not running.
03-09 20:56:09.909  1394  4848 E AppSearchManagerService: java.lang.IllegalStateException: UserHandle{150} is locked or not running.
03-09 20:56:09.918  1394  4624 E AppSearchManagerService: java.lang.IllegalStateException: UserHandle{150} is locked or not running.
03-09 20:56:09.920  1394  4848 E AppSearchManagerService: java.lang.IllegalStateException: UserHandle{150} is locked or not running.
03-09 20:56:09.922  1394  4624 E AppSearchManagerService: java.lang.IllegalStateException: UserHandle{150} is locked or not running.
03-09 20:56:09.924  1394  4848 E AppSearchManagerService: java.lang.IllegalStateException: UserHandle{150} is locked or not running.
03-09 20:56:09.926  1394  4624 E AppSearchManagerService: java.lang.IllegalStateException: UserHandle{150} is locked or not running.
03-09 20:56:09.928  1394  4848 E AppSearchManagerService: java.lang.IllegalStateException: UserHandle{150} is locked or not running.
03-09 20:56:09.936  1394  4624 E AppSearchManagerService: java.lang.IllegalStateException: UserHandle{150} is locked or not running.
