03-09 21:03:09.167  1394  4871 E AppSearchManagerService: java.lang.IllegalStateException: UserHandle{150} is locked or not running.
03-09 21:03:09.168  1394  4871 E AppSearchManagerService: java.lang.IllegalStateException: UserHandle{150} is locked or not running.
03-09 21:03:09.170  1394  4871 E AppSearchManagerService: java.lang.IllegalStateException: UserHandle{150} is locked or not running.
03-09 21:03:09.171  1394  4623 E AppSearchManagerService: java.lang.IllegalStateException: UserHandle{150} is locked or not running.
03-09 21:03:09.171  1394  4623 E AppSearchManagerService: java.lang.IllegalStateException: UserHandle{150} is locked or not running.
03-09 21:03:09.172  1394  4623 E AppSearchManagerService: java.lang.IllegalStateException: UserHandle{150} is locked or not running.
03-09 21:03:09.172  1394  4871 E AppSearchManagerService: java.lang.IllegalStateException: UserHandle{150} is locked or not running.
03-09 21:03:09.172  1394  4623 E AppSearchManagerService: java.lang.IllegalStateException: UserHandle{150} is locked or not running.
03-09 21:03:09.173  1394  4623 E AppSearchManagerService: java.lang.IllegalStateException: UserHandle{150} is locked or not running.
03-09 21:03:09.175  1394  2006 E AppSearchManagerService: java.lang.IllegalStateException: UserHandle{150} is locked or not running.
03-09 21:03:09.175  1394  2779 E AppSearchManagerService: java.lang.IllegalStateException: UserHandle{150} is locked or not running.
03-09 21:03:09.177  1394  2779 E AppSearchManagerService: java.lang.IllegalStateException: UserHandle{150} is locked or not running.
03-09 21:03:09.177  1394  4623 E AppSearchManagerService: java.lang.IllegalStateException: UserHandle{150} is locked or not running.
03-09 21:03:09.179  1394  4623 E AppSearchManagerService: java.lang.IllegalStateException: UserHandle{150} is locked or not running.
03-09 21:03:09.182  1394  4623 E AppSearchManagerService: java.lang.IllegalStateException: UserHandle{150} is locked or not running.
03-09 21:03:09.182  1394  4623 E AppSearchManagerService: java.lang.IllegalStateException: UserHandle{150} is locked or not running.
03-09 21:03:09.184  1394  2006 E AppSearchManagerService: java.lang.IllegalStateException: UserHandle{150} is locked or not running.
03-09 21:03:09.186  1394  4623 E AppSearchManagerService: java.lang.IllegalStateException: UserHandle{150} is locked or not running.
03-09 21:03:09.188  1394  2006 E AppSearchManagerService: java.lang.IllegalStateException: UserHandle{150} is locked or not running.
03-09 21:03:09.188  1394  4623 E AppSearchManagerService: java.lang.IllegalStateException: UserHandle{150} is locked or not running.
03-09 21:03:09.189  1394  2006 E AppSearchManagerService: java.lang.IllegalStateException: UserHandle{150} is locked or not running.
03-09 21:03:09.190  1394  4623 E AppSearchManagerService: java.lang.IllegalStateException: UserHandle{150} is locked or not running.
03-09 21:03:09.190  1394  2006 E AppSearchManagerService: java.lang.IllegalStateException: UserHandle{150} is locked or not running.
03-09 21:03:09.192  1394  4623 E AppSearchManagerService: java.lang.IllegalStateException: UserHandle{150} is locked or not running.
03-09 21:03:09.194  1394  4623 E AppSearchManagerService: java.lang.IllegalStateException: UserHandle{150} is locked or not running.
03-09 21:03:09.196  1394  4623 E AppSearchManagerService: java.lang.IllegalStateException: UserHandle{150} is locked or not running.
03-09 21:03:09.198  1394  2537 E AppSearchManagerService: java.lang.IllegalStateException: UserHandle{150} is locked or not running.
03-09 21:03:09.199  1394  2537 E AppSearchManagerService: java.lang.IllegalStateException: UserHandle{150} is locked or not running.
03-09 21:03:09.201  1394  4623 E AppSearchManagerService: java.lang.IllegalStateException: UserHandle{150} is locked or not running.
03-09 21:03:09.202  1394  4623 E AppSearchManagerService: java.lang.IllegalStateException: UserHandle{150} is locked or not running.
03-09 21:03:09.202  1394  4623 E AppSearchManagerService: java.lang.IllegalStateException: UserHandle{150} is locked or not running.
03-09 21:03:09.203  1394  4623 E AppSearchManagerService: java.lang.IllegalStateException: UserHandle{150} is locked or not running.
03-09 21:03:09.204  1394  2537 E AppSearchManagerService: java.lang.IllegalStateException: UserHandle{150} is locked or not running.
03-09 21:03:09.205  1394  2537 E AppSearchManagerService: java.lang.IllegalStateException: UserHandle{150} is locked or not running.
03-09 21:03:09.205  1394  4623 E AppSearchManagerService: java.lang.IllegalStateException: UserHandle{150} is locked or not running.
03-09 21:03:09.206  1394  2537 E AppSearchManagerService: java.lang.IllegalStateException: UserHandle{150} is locked or not running.
03-09 21:03:09.206  1394  4623 E AppSearchManagerService: java.lang.IllegalStateException: UserHandle{150} is locked or not running.
03-09 21:03:09.207  1394  4623 E AppSearchManagerService: java.lang.IllegalStateException: UserHandle{150} is locked or not running.
03-09 21:03:09.207  1394  4623 E AppSearchManagerService: java.lang.IllegalStateException: UserHandle{150} is locked or not running.
03-09 21:03:09.207  1394  2537 E AppSearchManagerService: java.lang.IllegalStateException: UserHandle{150} is locked or not running.
03-09 21:03:09.209  1394  4623 E AppSearchManagerService: java.lang.IllegalStateException: UserHandle{150} is locked or not running.
03-09 21:03:09.210  1394  2537 E AppSearchManagerService: java.lang.IllegalStateException: UserHandle{150} is locked or not running.
03-09 21:03:09.210  1394  4623 E AppSearchManagerService: java.lang.IllegalStateException: UserHandle{150} is locked or not running.
03-09 21:03:09.211  1394  4623 E AppSearchManagerService: java.lang.IllegalStateException: UserHandle{150} is locked or not running.
03-09 21:03:09.213  1394  4623 E AppSearchManagerService: java.lang.IllegalStateException: UserHandle{150} is locked or not running.
03-09 21:03:09.214  1394  4623 E AppSearchManagerService: java.lang.IllegalStateException: UserHandle{150} is locked or not running.
03-09 21:03:09.214  1394  4623 E AppSearchManagerService: java.lang.IllegalStateException: UserHandle{150} is locked or not running.
03-09 21:03:09.215  1394  4871 E AppSearchManagerService: java.lang.IllegalStateException: UserHandle{150} is locked or not running.
03-09 21:03:09.216  1394  4871 E AppSearchManagerService: java.lang.IllegalStateException: UserHandle{150} is locked or not running.
03-09 21:03:09.216  1394  4871 E AppSearchManagerService: java.lang.IllegalStateException: UserHandle{150} is locked or not running.
03-09 21:03:09.217  1394  4623 E AppSearchManagerService: java.lang.IllegalStateException: UserHandle{150} is locked or not running.
03-09 21:03:09.217  1394  4871 E AppSearchManagerService: java.lang.IllegalStateException: UserHandle{150} is locked or not running.
03-09 21:03:09.218  1394  4871 E AppSearchManagerService: java.lang.IllegalStateException: UserHandle{150} is locked or not running.
03-09 21:03:09.218  1394  4623 E AppSearchManagerService: java.lang.IllegalStateException: UserHandle{150} is locked or not running.
03-09 21:03:09.219  1394  4871 E AppSearchManagerService: java.lang.IllegalStateException: UserHandle{150} is locked or not running.
03-09 21:03:09.219  1394  4623 E AppSearchManagerService: java.lang.IllegalStateException: UserHandle{150} is locked or not running.
03-09 21:03:09.219  1394  4623 E AppSearchManagerService: java.lang.IllegalStateException: UserHandle{150} is locked or not running.
03-09 21:03:09.221  1394  4871 E AppSearchManagerService: java.lang.IllegalStateException: UserHandle{150} is locked or not running.
03-09 21:03:09.221  1394  4623 E AppSearchManagerService: java.lang.IllegalStateException: UserHandle{150} is locked or not running.
03-09 21:03:09.222  1394  4623 E AppSearchManagerService: java.lang.IllegalStateException: UserHandle{150} is locked or not running.
03-09 21:03:09.223  1394  4871 E AppSearchManagerService: java.lang.IllegalStateException: UserHandle{150} is locked or not running.
03-09 21:03:09.224  1394  4623 E AppSearchManagerService: java.lang.IllegalStateException: UserHandle{150} is locked or not running.
03-09 21:03:09.224  1394  4623 E AppSearchManagerService: java.lang.IllegalStateException: UserHandle{150} is locked or not running.
03-09 21:03:09.225  1394  4871 E AppSearchManagerService: java.lang.IllegalStateException: UserHandle{150} is locked or not running.
03-09 21:03:09.226  1394  4623 E AppSearchManagerService: java.lang.IllegalStateException: UserHandle{150} is locked or not running.
03-09 21:03:09.227  1394  4871 E AppSearchManagerService: java.lang.IllegalStateException: UserHandle{150} is locked or not running.
03-09 21:03:09.228  1394  4623 E AppSearchManagerService: java.lang.IllegalStateException: UserHandle{150} is locked or not running.
03-09 21:03:09.228  1394  4871 E AppSearchManagerService: java.lang.IllegalStateException: UserHandle{150} is locked or not running.
03-09 21:03:09.230  1394  4871 E AppSearchManagerService: java.lang.IllegalStateException: UserHandle{150} is locked or not running.
03-09 21:03:09.231  1394  4623 E AppSearchManagerService: java.lang.IllegalStateException: UserHandle{150} is locked or not running.
03-09 21:03:09.232  1394  2537 E AppSearchManagerService: java.lang.IllegalStateException: UserHandle{150} is locked or not running.
03-09 21:03:09.233  1394  4623 E AppSearchManagerService: java.lang.IllegalStateException: UserHandle{150} is locked or not running.
03-09 21:03:09.234  1394  4871 E AppSearchManagerService: java.lang.IllegalStateException: UserHandle{150} is locked or not running.
03-09 21:03:09.235  1394  4623 E AppSearchManagerService: java.lang.IllegalStateException: UserHandle{150} is locked or not running.
03-09 21:03:09.235  1394  4623 E AppSearchManagerService: java.lang.IllegalStateException: UserHandle{150} is locked or not running.
03-09 21:03:09.236  1394  4623 E AppSearchManagerService: java.lang.IllegalStateException: UserHandle{150} is locked or not running.
03-09 21:04:25.000  1394  1924 E VpnManagerService: Exception occured while trying to get the getProxyInfoForUid for knoxvpn uid 10245
03-09 21:04:26.003  1394  1787 V SemWifiScanPool: updateScanResult, full scan:2 configKeys: 2 pool_bssid:4 pool_configKeys:6
03-09 21:04:26.003  1394  1787 D WifiConnectivityMonitor: onScanResultUpdated
03-09 21:04:28.748  1394  1742 E VpnManagerService: Exception occured while trying to get the getProxyInfoForUid for knoxvpn uid 10109
03-09 21:04:28.756  2870  2900 W ResourcesOffloading: An exception occurred :
03-09 21:04:28.756  2870  2900 W ResourcesOffloading: android.content.res.Resources$NotFoundException: Resource ID #0x7f110010
03-09 21:04:28.798  2870  2925 I DeviceConfigUtil: [C] isDesktopModeImpl : java.lang.NoSuchFieldException: DEX_MODE_STANDALONE
03-09 21:04:28.904  2870  2925 I SimContactModel: [C] getAnrConfigValueIncludingTSS20() salesCode : EUX
03-09 21:04:28.922  2870  2925 I SimContactModel: [C] CarrierFeature getAnrConfig()  = 0
03-09 21:04:29.324  2870  2947 I SimContactModel: [C] getAnrConfigValueIncludingTSS20() salesCode : EUX
03-09 21:04:29.324  2870  2947 I SimContactModel: [C] CarrierFeature getAnrConfig()  = 0
03-09 21:04:29.357  2870  2947 I SimContactModel: [C] getAnrConfigValueIncludingTSS20() salesCode : EUX
03-09 21:04:29.357  2870  2947 I SimContactModel: [C] CarrierFeature getAnrConfig()  = 0
03-09 21:04:29.642  1394  4865 E VpnManagerService: Exception occured while trying to get the getProxyInfoForUid for knoxvpn uid 10365
03-09 21:04:30.077 27937 32314 E msys    : E[N mccw.liger]onReadError(732)=>read/error - ex: AsyncSocketException: recv() failed (peer=31.13.69.175:5222), type = Internal error, errno = 103 (Software caused connection abort), errno: 103
03-09 21:04:30.084 27937 32171 E msys    : E[N MQTT]onReadError(656)=>Read Error: AsyncSocketException: recv() failed (peer=31.13.69.20:443), type = Internal error, errno = 103 (Software caused connection abort)
03-09 21:04:30.124 27937 28039 W MultiSignalANRDetectorLacrima: Resuming error state checks
03-09 21:04:34.488 27937 32359 W IgMetaConfig: java.lang.RuntimeException: Could not obtain MC, call-site will receive default values
03-09 21:04:34.489 27937 32359 W IgMetaConfig: java.lang.RuntimeException: Could not obtain MC, call-site will receive default values
03-09 21:04:35.082 27937 28166 W IgMetaConfig: java.lang.RuntimeException: Could not obtain MC, call-site will receive default values
03-09 21:04:35.082 27937 28166 W IgMetaConfig: java.lang.RuntimeException: Could not obtain MC, call-site will receive default values
03-09 21:04:35.406 27937 27937 E fatal   : runForegroundReporters
03-09 21:04:38.088 27937 28166 W IgMetaConfig: java.lang.RuntimeException: Could not obtain MC, call-site will receive default values
03-09 21:04:38.088 27937 28166 W IgMetaConfig: java.lang.RuntimeException: Could not obtain MC, call-site will receive default values
03-09 21:04:39.567  1394  4870 E VpnManagerService: Exception occured while trying to get the getProxyInfoForUid for knoxvpn uid 10109
03-09 21:04:39.576  3173  3209 W ResourcesOffloading: An exception occurred :
03-09 21:04:39.576  3173  3209 W ResourcesOffloading: android.content.res.Resources$NotFoundException: Resource ID #0x7f110010
03-09 21:04:39.632  3173  3237 I DeviceConfigUtil: [C] isDesktopModeImpl : java.lang.NoSuchFieldException: DEX_MODE_STANDALONE
03-09 21:04:40.031  3173  3237 I SimContactModel: [C] getAnrConfigValueIncludingTSS20() salesCode : EUX
03-09 21:04:40.136  3173  3237 I SimContactModel: [C] CarrierFeature getAnrConfig()  = 0
03-09 21:04:40.196  3173  3249 I SimContactModel: [C] getAnrConfigValueIncludingTSS20() salesCode : EUX
03-09 21:04:40.196  3173  3249 I SimContactModel: [C] CarrierFeature getAnrConfig()  = 0
03-09 21:04:40.240  3173  3249 I SimContactModel: [C] getAnrConfigValueIncludingTSS20() salesCode : EUX
03-09 21:04:40.241  3173  3249 I SimContactModel: [C] CarrierFeature getAnrConfig()  = 0
03-09 21:04:40.559  1394  2543 E VpnManagerService: Exception occured while trying to get the getProxyInfoForUid for knoxvpn uid 10110
03-09 21:04:56.128 27937  3262 D androidtc: Interrupted during ResponseReceiver.get(): textselection (InterruptedException)
03-09 21:04:56.130 27937  3262 D androidtc: Interrupted during ResponseReceiver.get(): textclassification (InterruptedException)
03-09 21:04:56.133 27937  3419 D androidtc: Interrupted during ResponseReceiver.get(): textselection (InterruptedException)
03-09 21:04:56.134 27937  3419 D androidtc: Interrupted during ResponseReceiver.get(): textclassification (InterruptedException)
03-09 21:04:57.464  4630  3434 W TextClassifierService: Request fail: java.lang.IndexOutOfBoundsException: Index 0 out of bounds for length 0
03-09 21:04:57.488  4630  3438 W TextClassifierService: Request fail: java.lang.IndexOutOfBoundsException: Index 0 out of bounds for length 0
03-09 21:04:57.681 27937  3262 D androidtc: Interrupted during ResponseReceiver.get(): textselection (InterruptedException)
03-09 21:04:57.683 27937  3262 D androidtc: Interrupted during ResponseReceiver.get(): textclassification (InterruptedException)
03-09 21:04:58.759  4630  3434 W TextClassifierService: Request fail: java.lang.IndexOutOfBoundsException: Index 0 out of bounds for length 0
03-09 21:05:06.560 27937 28166 W IgMetaConfig: java.lang.RuntimeException: Could not obtain MC, call-site will receive default values
03-09 21:05:06.560 27937 28166 W IgMetaConfig: java.lang.RuntimeException: Could not obtain MC, call-site will receive default values
03-09 21:05:11.928 27937 28166 W IgMetaConfig: java.lang.RuntimeException: Could not obtain MC, call-site will receive default values
03-09 21:05:11.928 27937 28166 W IgMetaConfig: java.lang.RuntimeException: Could not obtain MC, call-site will receive default values
03-09 21:05:23.332  1394  1648 I WindowManager: ANR in Window{39d9709 u0 com.instagram.android/com.instagram.modal.ModalActivity}. Reason:Input dispatching timed out (39d9709 com.instagram.android/com.instagram.modal.ModalActivity (server) is not responding. Waited 10001ms for MotionEvent)
03-09 21:05:23.333  1394  3606 W ActivityManager: anr : com.instagram.android,10297
03-09 21:05:23.333  1394  3605 D ActivityManager: created ANR temporary file:/data/anr/temp_anr_7760903650449229746.txt
03-09 21:05:23.333  1394  3605 I ActivityManager: Collecting stacks for pid 27937 into temporary file temp_anr_7760903650449229746.txt
03-09 21:05:23.338 27937 27937 W SigquitDetector: anrDetected [Lacrima]
03-09 21:05:23.338 27937 27937 W appstatelogger2: ANR detected
03-09 21:05:23.344  4900  4900 I SDHMS:BarTender:Gatherer:AppError: update AppError : uid=10297, pkg=com.instagram.android, errorType=anr
03-09 21:05:23.431  1394  2540 E VpnManagerService: Exception occured while trying to get the getProxyInfoForUid for knoxvpn uid 1000
03-09 21:05:23.450  1394  1933 E VpnManagerService: Exception occured while trying to get the getProxyInfoForUid for knoxvpn uid 10124
03-09 21:05:23.487  1394  3616 W Binder  :      at com.android.server.am.AnrHelper$AnrRecord.appNotResponding(AnrHelper.java:326)
03-09 21:05:23.487  1394  3616 W Binder  :      at com.android.server.am.AnrHelper$AnrConsumerThread.run(AnrHelper.java:261)
03-09 21:05:23.963  1394  1933 W system_server: Long monitor contention with owner AnrConsumer (3616) at void com.android.server.am.ActivityManagerService.dumpEverything(java.io.FileDescriptor, java.io.PrintWriter, java.lang.String[], int, boolean, java.lang.String, int, boolean, boolean, int, boolean)(ActivityManagerService.java:12083) waiters=0 in void com.android.server.am.ActivityManagerService.serviceDoneExecuting(android.os.IBinder, int, int, int) for 467ms
03-09 21:05:24.255  1394  3616 D SystemDumpWriter_ANR: Successful to save dumpsys to log/dumpsys_ANR_WindowManager.txt
03-09 21:05:24.255  1394  3616 D SystemDumpWriter_ANR: save dumpsys, duration=903
03-09 21:05:24.258  1394  3616 I ActivityManager: Dumping to /data/anr/anr_2025-03-09-21-05-24-258
03-09 21:05:25.384  1394  1648 I WindowManager: ANR in Window{d77613b u0 PopupWindow:ddd2b21}. Reason:Input dispatching timed out (d77613b PopupWindow:ddd2b21 (server) is not responding. Waited 10000ms for MotionEvent)
03-09 21:05:25.384  1394  1648 I ActivityManager: Skip duplicated ANR, pid=27937 Input dispatching timed out (d77613b PopupWindow:ddd2b21 (server) is not responding. Waited 10000ms for MotionEvent)
03-09 21:05:25.980 27937 27952 W MultiSignalANRDetectorLacrima: On onSigquitTracesAvailable call
03-09 21:05:25.980 27937 28039 W MultiSignalANRDetectorLacrima: Will start new report
03-09 21:05:25.980 27937 28039 W MultiSignalANRDetectorLacrima: Transitioning from NO_ANR_DETECTED event SIGQUIT_RECEIVED inFgV1: true inFgV2: true
03-09 21:05:26.222  1394  4876 E VpnManagerService: Exception occured while trying to get the getProxyInfoForUid for knoxvpn uid 5009
03-09 21:05:26.236  3719  3719 I [SC]SamsungCloudApp: time elapsed to initialize ExceptionFilterInitializer: 0
03-09 21:05:26.247  3719  3755 W Bundle  : Attempt to cast generated internal exception:
03-09 21:05:26.247  3719  3755 W Bundle  : java.lang.ClassCastException: java.lang.Float cannot be cast to java.lang.String
03-09 21:05:26.388  3719  3750 E [SC][ExceptionHandler]: exception caught.
03-09 21:05:26.388  3719  3750 E [SC][ExceptionHandler]: java.lang.IllegalStateException: Expected BEGIN_OBJECT but was STRING at line 1 column 1 path $
03-09 21:05:26.388  3719  3750 E [SC][ExceptionHandler]: See https://github.com/google/gson/blob/main/Troubleshooting.md#unexpected-json-structure
03-09 21:05:26.388  3719  3750 E [SC][ExceptionHandler]:        at i1.a.F(SourceFile:56)
03-09 21:05:26.388  3719  3750 E [SC][ExceptionHandler]:        at i1.a.b(SourceFile:22)
03-09 21:05:26.388  3719  3750 E [SC][ExceptionHandler]:        at com.google.gson.internal.bind.p.a(SourceFile:22)
03-09 21:05:26.388  3719  3750 E [SC][ExceptionHandler]:        at com.google.gson.g.d(SourceFile:29)
03-09 21:05:26.388  3719  3750 E [SC][ExceptionHandler]:        at com.google.gson.g.e(SourceFile:15)
03-09 21:05:26.388  3719  3750 E [SC][ExceptionHandler]:        at com.samsung.scsp.internal.odi.SamsungCloudODIQuota.read(SourceFile:48)
03-09 21:05:26.388  3719  3750 E [SC][ExceptionHandler]:        at com.samsung.scsp.internal.odi.SamsungCloudODIQuota.get(SourceFile:1)
03-09 21:05:26.388  3719  3750 E [SC][ExceptionHandler]:        at com.samsung.scsp.internal.odi.SamsungCloudODIQuota.getOneDriveQuota(SourceFile:14)
03-09 21:05:26.388  3719  3750 E [SC][ExceptionHandler]:        at androidx.drawerlayout.widget.b.get(SourceFile:537)
03-09 21:05:26.388  3719  3750 E [SC][ExceptionHandler]:        at com.samsung.android.scloud.common.exception.ExceptionHandler.commit(SourceFile:5)
03-09 21:05:26.388  3719  3750 E [SC][ExceptionHandler]:        at com.samsung.android.scloud.app.datamigrator.resolver.b.b(SourceFile:15)
03-09 21:05:26.388  3719  3750 E [SC][ExceptionHandler]:        at com.samsung.android.scloud.app.datamigrator.resolver.b.a(SourceFile:100)
03-09 21:05:26.388  3719  3750 E [SC][ExceptionHandler]:        at V1.g.apply(SourceFile:67)
03-09 21:05:26.388  3719  3750 E [SC][ExceptionHandler]:        at com.samsung.android.scloud.common.context.ContextProvider.call(SourceFile:8)
03-09 21:05:26.388  3719  3750 E [SC][ExceptionHandler]:        at android.content.ContentProvider.call(ContentProvider.java:2760)
03-09 21:05:26.388  3719  3750 E [SC][ExceptionHandler]:        at android.content.ContentProvider$Transport.call(ContentProvider.java:633)
03-09 21:05:26.388  3719  3750 E [SC][ExceptionHandler]:        at android.content.ContentResolver.call(ContentResolver.java:2479)
03-09 21:05:26.388  3719  3750 E [SC][ExceptionHandler]:        at android.content.ContentResolver.call(ContentResolver.java:2459)
03-09 21:05:26.388  3719  3750 E [SC][ExceptionHandler]:        at com.samsung.android.scloud.common.context.ContextProvider.call(SourceFile:1)
03-09 21:05:26.388  3719  3750 E [SC][ExceptionHandler]:        at n7.b.g(SourceFile:55)
03-09 21:05:26.388  3719  3750 E [SC][ExceptionHandler]:        at com.samsung.android.scloud.app.datamigrator.a.run(SourceFile:226)
03-09 21:05:26.388  3719  3750 E [SC][ExceptionHandler]:        at java.util.concurrent.Executors$RunnableAdapter.call(Executors.java:487)
03-09 21:05:26.388  3719  3750 E [SC][ExceptionHandler]:        at java.util.concurrent.FutureTask.run(FutureTask.java:264)
03-09 21:05:26.388  3719  3750 E [SC][ExceptionHandler]:        at java.util.concurrent.ThreadPoolExecutor.runWorker(ThreadPoolExecutor.java:1145)
03-09 21:05:26.388  3719  3750 E [SC][ExceptionHandler]:        at java.util.concurrent.ThreadPoolExecutor$Worker.run(ThreadPoolExecutor.java:644)
03-09 21:05:26.388  3719  3750 E [SC][ExceptionHandler]:        at java.lang.Thread.run(Thread.java:1012)
03-09 21:05:26.822  1394  3616 E ActivityManager: ANR in com.instagram.android (com.instagram.android/com.instagram.modal.ModalActivity)
03-09 21:05:26.822  1394  3616 E ActivityManager:     33% 3620/AnrAuxiliaryTas: 9.1% user + 24% kernel
03-09 21:05:26.823  1394  3616 D ActivityManager: Completed ANR of com.instagram.android in 3490ms, latency 1ms
03-09 21:05:26.827  1394  3860 I DropBoxManagerService: add tag=data_app_anr isTagEnabled=true flags=0x6
03-09 21:05:26.836  4825  4825 I DMASA[D]: [ANRDetectionService]Enqueue work to ANR
03-09 21:05:26.983 27937 28049 W ProcessAnrErrorMonitor: ANR detected Short msg: ANR Input dispatching timed out (39d9709 com.instagram.android/com.instagram.modal.ModalActivity (server) is not responding. Waited 10001ms for MotionEvent) Tag: com.instagram.android/com.instagram.modal.ModalActivity
03-09 21:05:26.984 27937 28049 W MultiSignalANRDetectorLacrima: On error detected ANR Input dispatching timed out (39d9709 com.instagram.android/com.instagram.modal.ModalActivity (server) is not responding. Waited 10001ms for MotionEvent) com.instagram.android/com.instagram.modal.ModalActivity
03-09 21:05:27.084  4825  5139 I DMASA[D]: [b]isValidFCInfoOfANR
03-09 21:05:27.571  1394  4876 E VpnManagerService: Exception occured while trying to get the getProxyInfoForUid for knoxvpn uid 10368
03-09 21:05:27.633 27937  3597 E AndroidRuntime: FATAL EXCEPTION: SWPool3_t1of1
03-09 21:05:27.633 27937  3597 E AndroidRuntime: Process: com.instagram.android, PID: 27937
03-09 21:05:27.633 27937  3597 E AndroidRuntime: java.lang.OutOfMemoryError: Failed to allocate a 32 byte allocation with 895904 free bytes and 874KB until OOM, target footprint 536870912, growth limit 536870912; giving up on allocation because <1% of heap free after GC.
03-09 21:05:27.633 27937  3597 E AndroidRuntime:        at X.03sp.AfC(:15)
03-09 21:05:27.633 27937  3597 E AndroidRuntime:        at X.01Pp.A01(:14)
03-09 21:05:27.633 27937  3597 E AndroidRuntime:        at X.0Jqi.onFailure(:2)
03-09 21:05:27.633 27937  3597 E AndroidRuntime:        at X.061X.A08(:467)
03-09 21:05:27.633 27937  3597 E AndroidRuntime:        at X.0Jqg.run(:54)
03-09 21:05:27.633 27937  3597 E AndroidRuntime:        at X.02pm.run(:25)
03-09 21:05:27.633 27937  3597 E AndroidRuntime:        at X.02pm.run(:25)
03-09 21:05:27.633 27937  3597 E AndroidRuntime:        at X.01ns.A00(:112)
03-09 21:05:27.633 27937  3597 E AndroidRuntime:        at X.01ns.run(:108)
03-09 21:05:29.313 27937 28166 W IgMetaConfig: java.lang.RuntimeException: Could not obtain MC, call-site will receive default values
03-09 21:05:29.313 27937 28166 W IgMetaConfig: java.lang.RuntimeException: Could not obtain MC, call-site will receive default values
03-09 21:05:31.227  3719  3818 E [SC][ExceptionHandler]: exception caught.
03-09 21:05:31.236  3719  3818 E [SC]AbstractMediaSyncAdapter: [E] SCException in performSync : [rcode] 507, [rmsg]: Insufficient Storage, trid=p2ew1eprx-s068074_37_1741412115397_43570422, timestamp=1741550732287 com.samsung.android.scloud.common.exception.SCException: [rcode] 507, [rmsg]: Insufficient Storage, trid=p2ew1eprx-s068074_37_1741412115397_43570422, timestamp=1741550732287, ResultCode: 111
03-09 21:05:31.236  3719  3818 E [SC]AbstractMediaSyncAdapter:  at com.samsung.android.scloud.common.exception.ExceptionHandler.commit(SourceFile:158)
03-09 21:05:31.236  3719  3719 I [SC]NotificationOperator: Cannot register because of java.lang.ClassCastException: java.lang.Class cannot be cast to java.lang.reflect.ParameterizedType
03-09 21:05:31.246  3719  3719 I [SC]NotificationOperator: Cannot register because of java.lang.ClassCastException: java.lang.Class cannot be cast to java.lang.reflect.ParameterizedType
03-09 21:05:31.252  1394  1862 W SyncManager: failed sync operation JobId=64 ***/com.osp.app.signin u0 [media] LOCAL ExpectedIn=-32s STANDBY-EXEMPTED(TOP) Reason=10278 Retries=1, SyncResult: stats [ numAuthExceptions: 1]
03-09 21:05:34.192 27937 28039 W appstatelogger2: ANR cleared
03-09 21:05:34.192 27937 28039 W MultiSignalANRDetectorLacrima: Posting main thread check
03-09 21:05:34.193 27937 28039 W MultiSignalANRDetectorLacrima: On maybeStartReport event: SIGQUIT_RECEIVED has pending report false
03-09 21:05:34.193 27937 28039 W MultiSignalANRDetectorLacrima: Starting timer for AM confirmation
03-09 21:05:34.196 27937 28039 W MultiSignalANRDetectorLacrima: On error detected waiting for confirmation true
03-09 21:05:34.197 27937 28039 W MultiSignalANRDetectorLacrima: Transitioning from SIGQUIT_RECEIVED_AM_UNCONFIRMED_MT_BLOCKED event AM_CONFIRMED inFgV1: false inFgV2: false
03-09 21:05:34.197 27937 28039 W MultiSignalANRDetectorLacrima: On maybeStartReport event: AM_CONFIRMED has pending report false
03-09 21:05:44.233  1394  1648 I WindowManager: ANR in Window{39d9709 u0 com.instagram.android/com.instagram.modal.ModalActivity}. Reason:Input dispatching timed out (39d9709 com.instagram.android/com.instagram.modal.ModalActivity (server) is not responding. Waited 18241ms for MotionEvent)
03-09 21:05:44.234  1394  4098 W ActivityManager: anr : com.instagram.android,10297
03-09 21:05:44.236  1394  4097 D ActivityManager: created ANR temporary file:/data/anr/temp_anr_3751776922661097209.txt
03-09 21:05:44.236  1394  4097 I ActivityManager: Collecting stacks for pid 27937 into temporary file temp_anr_3751776922661097209.txt
03-09 21:05:44.251  4900  4900 I SDHMS:BarTender:Gatherer:AppError: update AppError : uid=10297, pkg=com.instagram.android, errorType=anr
03-09 21:05:44.764  1394  4593 W system_server: Long monitor contention with owner AnrConsumer (4099) at void com.android.server.am.ActivityManagerService.dumpEverything(java.io.FileDescriptor, java.io.PrintWriter, java.lang.String[], int, boolean, java.lang.String, int, boolean, boolean, int, boolean)(ActivityManagerService.java:12083) waiters=0 in void com.android.server.am.ActivityManagerService.serviceDoneExecuting(android.os.IBinder, int, int, int) for 455ms
03-09 21:05:44.767  1394  4871 W system_server: Long monitor contention with owner AnrConsumer (4099) at void com.android.server.am.ActivityManagerService.dumpEverything(java.io.FileDescriptor, java.io.PrintWriter, java.lang.String[], int, boolean, java.lang.String, int, boolean, boolean, int, boolean)(ActivityManagerService.java:12083) waiters=1 in int com.android.server.am.ActivityManagerService.broadcastIntentWithFeature(android.app.IApplicationThread, java.lang.String, android.content.Intent, java.lang.String, android.content.IIntentReceiver, int, java.lang.String, android.os.Bundle, java.lang.String[], java.lang.String[], java.lang.String[], int, android.os.Bundle, boolean, boolean, int) for 393ms
03-09 21:05:45.061  1394  4099 D SystemDumpWriter_ANR: Successful to save dumpsys to log/dumpsys_ANR_WindowManager.txt
03-09 21:05:45.061  1394  4099 D SystemDumpWriter_ANR: save dumpsys, duration=824
03-09 21:05:45.065  1394  4099 I ActivityManager: Dumping to /data/anr/anr_2025-03-09-21-05-45-065
03-09 21:05:55.430 27937  3597 E ExceptionHandlerManager: OOM while handling OOM
03-09 21:05:55.499  1394  4099 E ActivityManager: ANR in com.instagram.android (com.instagram.android/com.instagram.modal.ModalActivity)
03-09 21:05:55.499  1394  4099 E ActivityManager:     39% 4100/AnrAuxiliaryTas: 6% user + 33% kernel
03-09 21:05:55.501  1394  4099 D ActivityManager: Completed ANR of com.instagram.android in 11266ms, latency 1ms
03-09 21:05:55.515  1394  4134 I DropBoxManagerService: add tag=data_app_anr isTagEnabled=true flags=0x6
03-09 21:05:55.531  4825  4825 I DMASA[D]: [ANRDetectionService]Enqueue work to ANR
03-09 21:05:55.622  1394  1495 W WindowManager: android.os.DeadObjectException
03-09 21:05:55.708  1394  1498 W WindowManager: android.os.DeadObjectException
03-09 21:05:55.710  1394  4869 E VpnManagerService: Exception occured while trying to get the getProxyInfoForUid for knoxvpn uid 1000
03-09 21:05:55.737  1394  4869 E VpnManagerService: Exception occured while trying to get the getProxyInfoForUid for knoxvpn uid 10297
03-09 21:05:55.803  4168  4168 W MDCLLight: java.lang.ClassNotFoundException: kotlinx.coroutines.test.internal.TestMainDispatcherFactory
03-09 21:05:55.811  4168  4202 W lacrima : Start AnrAppDeathDetector... X.03em
03-09 21:05:55.815  4825  5139 I DMASA[D]: [b]isValidFCInfoOfANR
03-09 21:05:55.830  4168  4168 W IgMetaConfig: java.lang.RuntimeException: Could not obtain MC, call-site will receive default values
03-09 21:05:55.830  4168  4168 W IgMetaConfig: java.lang.RuntimeException: Could not obtain MC, call-site will receive default values
03-09 21:05:55.843  4168  4168 W IgMetaConfig: java.lang.RuntimeException: Could not obtain MC, call-site will receive default values
03-09 21:05:55.844  4168  4202 W lacrima : Start AnrDetector... com.facebook.acra.anr.multisignal.MultiSignalANRDetector
03-09 21:05:55.844  4168  4202 W MultiSignalANRDetectorLacrima: Starting
03-09 21:05:55.844  4168  4202 W ProcessAnrErrorMonitor: startMonitoring with delay: 0
03-09 21:05:55.844  4168  4247 W ProcessAnrErrorMonitor: Starting process monitor checks for process 'com.instagram.android'
03-09 21:05:55.845  4168  4247 W MultiSignalANRDetectorLacrima: Started monitoring
03-09 21:05:55.887  4168  4277 W QPLConfig: java.io.FileNotFoundException: /data/user/0/com.instagram.android/app_qpl/qpl_sampling_config_v2.null: open failed: ENOENT (No such file or directory)
03-09 21:05:55.887  4168  4277 W QPLConfig: Caused by: android.system.ErrnoException: open failed: ENOENT (No such file or directory)
03-09 21:05:55.941  4168  4168 W IgMetaConfig: java.lang.RuntimeException: Could not obtain MC, call-site will receive default values
03-09 21:05:55.945  4168  4277 W IgMetaConfig: java.lang.RuntimeException: Could not obtain MC, call-site will receive default values
03-09 21:05:56.072  1394  2006 W WindowManager: android.os.DeadObjectException
03-09 21:05:56.106  4168  4168 W MDCLLight: java.lang.ClassNotFoundException: android.widget.ViewStub
03-09 21:05:56.106  4168  4168 W MDCLLight: java.lang.ClassNotFoundException: android.webkit.ViewStub
03-09 21:05:56.106  4168  4168 W MDCLLight: java.lang.ClassNotFoundException: android.app.ViewStub
03-09 21:05:56.112  4168  4168 E Resources: An exception occurred :
03-09 21:05:56.112  4168  4168 E Resources: java.util.concurrent.ExecutionException: android.content.res.Resources$NotFoundException: Drawable com.instagram.android:drawable/instagram_arrow_left_outline_24 with resource ID #0x7f081cea
03-09 21:05:56.112  4168  4168 E Resources: Caused by: android.content.res.Resources$NotFoundException: Drawable com.instagram.android:drawable/instagram_arrow_left_outline_24 with resource ID #0x7f081cea
03-09 21:05:56.112  4168  4168 E Resources: Caused by: android.content.res.Resources$NotFoundException: File r/wh5.xml from drawable resource ID #0x7f081cea
03-09 21:05:56.112  4168  4168 E Resources: Caused by: java.lang.NullPointerException: INVOKE_RETURN must not be null
03-09 21:05:56.115  4168  4268 W MDCLLight: java.lang.ClassNotFoundException: org.apache.http.entity.InputStreamEntity
03-09 21:05:56.156  4168  4454 W IgMetaConfig: java.lang.RuntimeException: Could not obtain MC, call-site will receive default values
03-09 21:05:56.156  4168  4454 W IgMetaConfig: java.lang.RuntimeException: Could not obtain MC, call-site will receive default values
03-09 21:05:56.157   904   904 E audit   : type=1400 audit(1741550756.153:37236): avc:  granted  { execute } for  pid=4168 comm="MainContext" path="/data/data/com.instagram.android/lib-compressed/libbreakpad-fatal-java-exception-description-handler-jni.so" dev="dm-53" ino=744164 scontext=u:r:untrusted_app:s0:c41,c257,c512,c768 tcontext=u:object_r:app_data_file:s0:c41,c257,c512,c768 tclass=file SEPF_SM-S908B_12_0001 audit_filtered
03-09 21:05:56.168  4168  4213 W MDCLLight: java.lang.ClassNotFoundException: com.fasterxml.jackson.databind.ext.Java7SupportImpl
03-09 21:05:56.180  4168  4168 E Resources: An exception occurred :
03-09 21:05:56.180  4168  4168 E Resources: java.util.concurrent.ExecutionException: android.content.res.Resources$NotFoundException: Drawable com.instagram.android:drawable/tab_direct_drawable with resource ID #0x7f08274e
03-09 21:05:56.180  4168  4168 E Resources: Caused by: android.content.res.Resources$NotFoundException: Drawable com.instagram.android:drawable/tab_direct_drawable with resource ID #0x7f08274e
03-09 21:05:56.180  4168  4168 E Resources: Caused by: android.content.res.Resources$NotFoundException: File r/xk7.xml from drawable resource ID #0x7f08274e
03-09 21:05:56.180  4168  4168 E Resources: Caused by: android.content.res.Resources$NotFoundException: Drawable com.instagram.android:drawable/instagram_direct_filled_24 with resource ID #0x7f081e70
03-09 21:05:56.180  4168  4168 E Resources: Caused by: android.content.res.Resources$NotFoundException: File r/wm7.xml from drawable resource ID #0x7f081e70
03-09 21:05:56.181  4168  4168 E Resources: Caused by: java.lang.NullPointerException: INVOKE_RETURN must not be null
03-09 21:05:56.181  4168  4168 E Resources: An exception occurred :
03-09 21:05:56.181  4168  4168 E Resources: java.util.concurrent.ExecutionException: android.content.res.Resources$NotFoundException: Drawable com.instagram.android:drawable/instagram_direct_filled_24 with resource ID #0x7f081e70
03-09 21:05:56.181  4168  4168 E Resources: Caused by: android.content.res.Resources$NotFoundException: Drawable com.instagram.android:drawable/instagram_direct_filled_24 with resource ID #0x7f081e70
03-09 21:05:56.181  4168  4168 E Resources: Caused by: android.content.res.Resources$NotFoundException: File r/wm7.xml from drawable resource ID #0x7f081e70
03-09 21:05:56.181  4168  4168 E Resources: Caused by: java.lang.NullPointerException: INVOKE_RETURN must not be null
03-09 21:05:56.182  4168  4168 E Resources: An exception occurred :
03-09 21:05:56.182  4168  4168 E Resources: java.util.concurrent.ExecutionException: android.content.res.Resources$NotFoundException: Drawable com.instagram.android:drawable/instagram_direct_outline_24 with resource ID #0x7f081e75
03-09 21:05:56.182  4168  4168 E Resources: Caused by: android.content.res.Resources$NotFoundException: Drawable com.instagram.android:drawable/instagram_direct_outline_24 with resource ID #0x7f081e75
03-09 21:05:56.182  4168  4168 E Resources: Caused by: android.content.res.Resources$NotFoundException: File r/wm9.xml from drawable resource ID #0x7f081e75
03-09 21:05:56.182  4168  4168 E Resources: Caused by: java.lang.NullPointerException: INVOKE_RETURN must not be null
03-09 21:05:56.184  4168  4168 E Resources: An exception occurred :
03-09 21:05:56.184  4168  4168 E Resources: java.util.concurrent.ExecutionException: android.content.res.Resources$NotFoundException: Drawable com.instagram.android:drawable/instagram_heart_selector with resource ID #0x7f081f64
03-09 21:05:56.184  4168  4168 E Resources: Caused by: android.content.res.Resources$NotFoundException: Drawable com.instagram.android:drawable/instagram_heart_selector with resource ID #0x7f081f64
03-09 21:05:56.184  4168  4168 E Resources: Caused by: android.content.res.Resources$NotFoundException: File r/wqr.xml from drawable resource ID #0x7f081f64
03-09 21:05:56.184  4168  4168 E Resources: Caused by: android.content.res.Resources$NotFoundException: Drawable com.instagram.android:drawable/instagram_heart_filled_24 with resource ID #0x7f081f59
03-09 21:05:56.184  4168  4168 E Resources: Caused by: android.content.res.Resources$NotFoundException: File r/wql.xml from drawable resource ID #0x7f081f59
03-09 21:05:56.184  4168  4168 E Resources: Caused by: java.lang.NullPointerException: INVOKE_RETURN must not be null
03-09 21:05:56.184  4168  4168 E Resources: An exception occurred :
03-09 21:05:56.184  4168  4168 E Resources: java.util.concurrent.ExecutionException: android.content.res.Resources$NotFoundException: Drawable com.instagram.android:drawable/instagram_heart_filled_24 with resource ID #0x7f081f59
03-09 21:05:56.184  4168  4168 E Resources: Caused by: android.content.res.Resources$NotFoundException: Drawable com.instagram.android:drawable/instagram_heart_filled_24 with resource ID #0x7f081f59
03-09 21:05:56.184  4168  4168 E Resources: Caused by: android.content.res.Resources$NotFoundException: File r/wql.xml from drawable resource ID #0x7f081f59
03-09 21:05:56.184  4168  4168 E Resources: Caused by: java.lang.NullPointerException: INVOKE_RETURN must not be null
03-09 21:05:56.185  4168  4168 E Resources: An exception occurred :
03-09 21:05:56.185  4168  4168 E Resources: java.util.concurrent.ExecutionException: android.content.res.Resources$NotFoundException: Drawable com.instagram.android:drawable/instagram_heart_outline_24 with resource ID #0x7f081f5f
03-09 21:05:56.185  4168  4168 E Resources: Caused by: android.content.res.Resources$NotFoundException: Drawable com.instagram.android:drawable/instagram_heart_outline_24 with resource ID #0x7f081f5f
03-09 21:05:56.185  4168  4168 E Resources: Caused by: android.content.res.Resources$NotFoundException: File r/wqo.xml from drawable resource ID #0x7f081f5f
03-09 21:05:56.185  4168  4168 E Resources: Caused by: java.lang.NullPointerException: INVOKE_RETURN must not be null
03-09 21:05:56.187  4168  4168 E Resources: An exception occurred :
03-09 21:05:56.187  4168  4168 E Resources: java.util.concurrent.ExecutionException: android.content.res.Resources$NotFoundException: Drawable com.instagram.android:drawable/instagram_home_filled_24 with resource ID #0x7f081f6f
03-09 21:05:56.187  4168  4168 E Resources: Caused by: android.content.res.Resources$NotFoundException: Drawable com.instagram.android:drawable/instagram_home_filled_24 with resource ID #0x7f081f6f
03-09 21:05:56.187  4168  4168 E Resources: Caused by: android.content.res.Resources$NotFoundException: File r/wqw.xml from drawable resource ID #0x7f081f6f
03-09 21:05:56.187  4168  4168 E Resources: Caused by: java.lang.NullPointerException: INVOKE_RETURN must not be null
03-09 21:05:56.188  4168  4168 E Resources: An exception occurred :
03-09 21:05:56.188  4168  4168 E Resources: java.util.concurrent.ExecutionException: android.content.res.Resources$NotFoundException: Drawable com.instagram.android:drawable/instagram_home_outline_24 with resource ID #0x7f081f70
03-09 21:05:56.188  4168  4168 E Resources: Caused by: android.content.res.Resources$NotFoundException: Drawable com.instagram.android:drawable/instagram_home_outline_24 with resource ID #0x7f081f70
03-09 21:05:56.188  4168  4168 E Resources: Caused by: android.content.res.Resources$NotFoundException: File r/wqx.xml from drawable resource ID #0x7f081f70
03-09 21:05:56.188  4168  4168 E Resources: Caused by: java.lang.NullPointerException: INVOKE_RETURN must not be null
03-09 21:05:56.191  4168  4168 E Resources: An exception occurred :
03-09 21:05:56.191  4168  4168 E Resources: java.util.concurrent.ExecutionException: android.content.res.Resources$NotFoundException: Drawable com.instagram.android:drawable/instagram_search_filled_24 with resource ID #0x7f082177
03-09 21:05:56.191  4168  4168 E Resources: Caused by: android.content.res.Resources$NotFoundException: Drawable com.instagram.android:drawable/instagram_search_filled_24 with resource ID #0x7f082177
03-09 21:05:56.191  4168  4168 E Resources: Caused by: android.content.res.Resources$NotFoundException: File r/wxm.xml from drawable resource ID #0x7f082177
03-09 21:05:56.191  4168  4168 E Resources: Caused by: java.lang.NullPointerException: INVOKE_RETURN must not be null
03-09 21:05:56.192  4168  4168 E Resources: An exception occurred :
03-09 21:05:56.192  4168  4168 E Resources: java.util.concurrent.ExecutionException: android.content.res.Resources$NotFoundException: Drawable com.instagram.android:drawable/instagram_search_outline_24 with resource ID #0x7f08218f
03-09 21:05:56.192  4168  4168 E Resources: Caused by: android.content.res.Resources$NotFoundException: Drawable com.instagram.android:drawable/instagram_search_outline_24 with resource ID #0x7f08218f
03-09 21:05:56.192  4168  4168 E Resources: Caused by: android.content.res.Resources$NotFoundException: File r/wx5.xml from drawable resource ID #0x7f08218f
03-09 21:05:56.192  4168  4168 E Resources: Caused by: java.lang.NullPointerException: INVOKE_RETURN must not be null
03-09 21:05:56.193  4168  4168 E Resources: An exception occurred :
03-09 21:05:56.193  4168  4168 E Resources: java.util.concurrent.ExecutionException: android.content.res.Resources$NotFoundException: Drawable com.instagram.android:drawable/tab_camera_drawable with resource ID #0x7f08274b
03-09 21:05:56.193  4168  4168 E Resources: Caused by: android.content.res.Resources$NotFoundException: Drawable com.instagram.android:drawable/tab_camera_drawable with resource ID #0x7f08274b
03-09 21:05:56.193  4168  4168 E Resources: Caused by: android.content.res.Resources$NotFoundException: File r/xk5.xml from drawable resource ID #0x7f08274b
03-09 21:05:56.193  4168  4168 E Resources: Caused by: android.content.res.Resources$NotFoundException: Drawable com.instagram.android:drawable/instagram_new_post_filled_24 with resource ID #0x7f082093
03-09 21:05:56.193  4168  4168 E Resources: Caused by: android.content.res.Resources$NotFoundException: File r/wtt.xml from drawable resource ID #0x7f082093
03-09 21:05:56.193  4168  4168 E Resources: Caused by: java.lang.NullPointerException: INVOKE_RETURN must not be null
03-09 21:05:56.193  4168  4168 E Resources: An exception occurred :
03-09 21:05:56.193  4168  4168 E Resources: java.util.concurrent.ExecutionException: android.content.res.Resources$NotFoundException: Drawable com.instagram.android:drawable/instagram_new_post_filled_24 with resource ID #0x7f082093
03-09 21:05:56.193  4168  4168 E Resources: Caused by: android.content.res.Resources$NotFoundException: Drawable com.instagram.android:drawable/instagram_new_post_filled_24 with resource ID #0x7f082093
03-09 21:05:56.193  4168  4168 E Resources: Caused by: android.content.res.Resources$NotFoundException: File r/wtt.xml from drawable resource ID #0x7f082093
03-09 21:05:56.193  4168  4168 E Resources: Caused by: java.lang.NullPointerException: INVOKE_RETURN must not be null
03-09 21:05:56.194  4168  4168 E Resources: An exception occurred :
03-09 21:05:56.194  4168  4168 E Resources: java.util.concurrent.ExecutionException: android.content.res.Resources$NotFoundException: Drawable com.instagram.android:drawable/instagram_new_post_outline_24 with resource ID #0x7f082094
03-09 21:05:56.194  4168  4168 E Resources: Caused by: android.content.res.Resources$NotFoundException: Drawable com.instagram.android:drawable/instagram_new_post_outline_24 with resource ID #0x7f082094
03-09 21:05:56.194  4168  4168 E Resources: Caused by: android.content.res.Resources$NotFoundException: File r/wtu.xml from drawable resource ID #0x7f082094
03-09 21:05:56.194  4168  4168 E Resources: Caused by: java.lang.NullPointerException: INVOKE_RETURN must not be null
03-09 21:05:56.195  4168  4168 E Resources: An exception occurred :
03-09 21:05:56.195  4168  4168 E Resources: java.util.concurrent.ExecutionException: android.content.res.Resources$NotFoundException: Drawable com.instagram.android:drawable/instagram_reels_filled_24 with resource ID #0x7f082125
03-09 21:05:56.195  4168  4168 E Resources: Caused by: android.content.res.Resources$NotFoundException: Drawable com.instagram.android:drawable/instagram_reels_filled_24 with resource ID #0x7f082125
03-09 21:05:56.195  4168  4168 E Resources: Caused by: android.content.res.Resources$NotFoundException: File r/wwc.xml from drawable resource ID #0x7f082125
03-09 21:05:56.195  4168  4168 E Resources: Caused by: java.lang.NullPointerException: INVOKE_RETURN must not be null
03-09 21:05:56.196  4168  4168 E Resources: An exception occurred :
03-09 21:05:56.196  4168  4168 E Resources: java.util.concurrent.ExecutionException: android.content.res.Resources$NotFoundException: Drawable com.instagram.android:drawable/instagram_reels_outline_24 with resource ID #0x7f082128
03-09 21:05:56.196  4168  4168 E Resources: Caused by: android.content.res.Resources$NotFoundException: Drawable com.instagram.android:drawable/instagram_reels_outline_24 with resource ID #0x7f082128
03-09 21:05:56.196  4168  4168 E Resources: Caused by: android.content.res.Resources$NotFoundException: File r/wwd.xml from drawable resource ID #0x7f082128
03-09 21:05:56.196  4168  4168 E Resources: Caused by: java.lang.NullPointerException: INVOKE_RETURN must not be null
03-09 21:05:56.236  4168  4168 E Resources: An exception occurred :
03-09 21:05:56.236  4168  4168 E Resources: java.util.concurrent.ExecutionException: android.content.res.Resources$NotFoundException: Drawable com.instagram.android:drawable/instagram_arrow_left_outline_24 with resource ID #0x7f081cea
03-09 21:05:56.236  4168  4168 E Resources: Caused by: android.content.res.Resources$NotFoundException: Drawable com.instagram.android:drawable/instagram_arrow_left_outline_24 with resource ID #0x7f081cea
03-09 21:05:56.236  4168  4168 E Resources: Caused by: android.content.res.Resources$NotFoundException: File r/wh5.xml from drawable resource ID #0x7f081cea
03-09 21:05:56.236  4168  4168 E Resources: Caused by: java.lang.NullPointerException: INVOKE_RETURN must not be null
03-09 21:05:56.236  4168  4168 E Resources: An exception occurred :
03-09 21:05:56.236  4168  4168 E Resources: java.util.concurrent.ExecutionException: android.content.res.Resources$NotFoundException: Drawable com.instagram.android:drawable/instagram_compose_outline_24 with resource ID #0x7f081e28
03-09 21:05:56.236  4168  4168 E Resources: Caused by: android.content.res.Resources$NotFoundException: Drawable com.instagram.android:drawable/instagram_compose_outline_24 with resource ID #0x7f081e28
03-09 21:05:56.236  4168  4168 E Resources: Caused by: android.content.res.Resources$NotFoundException: File r/wmf.xml from drawable resource ID #0x7f081e28
03-09 21:05:56.236  4168  4168 E Resources: Caused by: java.lang.NullPointerException: INVOKE_RETURN must not be null
03-09 21:05:56.240  4168  4168 E Resources: An exception occurred :
03-09 21:05:56.240  4168  4168 E Resources: java.util.concurrent.ExecutionException: android.content.res.Resources$NotFoundException: Drawable com.instagram.android:drawable/instagram_compose_outline_24 with resource ID #0x7f081e28
03-09 21:05:56.240  4168  4168 E Resources: Caused by: android.content.res.Resources$NotFoundException: Drawable com.instagram.android:drawable/instagram_compose_outline_24 with resource ID #0x7f081e28
03-09 21:05:56.240  4168  4168 E Resources: Caused by: android.content.res.Resources$NotFoundException: File r/wmf.xml from drawable resource ID #0x7f081e28
03-09 21:05:56.240  4168  4168 E Resources: Caused by: java.lang.NullPointerException: INVOKE_RETURN must not be null
03-09 21:05:56.261  4168  4168 E Resources: An exception occurred :
