03-10 15:38:31.428  1394  1933 W system_server: Long monitor contention with owner AnrConsumer (30114) at void com.android.server.am.ActivityManagerService.dumpEverything(java.io.FileDescriptor, java.io.PrintWriter, java.lang.String[], int, boolean, java.lang.String, int, boolean, boolean, int, boolean)(ActivityManagerService.java:12245) waiters=3 in int com.android.server.am.ActivityManagerService.bindServiceInstance(android.app.IApplicationThread, android.os.IBinder, android.content.Intent, java.lang.String, android.app.IServiceConnection, long, java.lang.String, boolean, int, java.lang.String, android.app.IApplicationThread, java.lang.String, int) for 338ms
03-10 15:38:31.436  4825  4825 I DMASA[D]: [ANRDetectionService]Enqueue work to ANR
03-10 15:38:31.773 30273 30419 W IgMetaConfig: java.lang.RuntimeException: Could not obtain MC, call-site will receive default values
03-10 15:38:31.773 30273 30419 W IgMetaConfig: java.lang.RuntimeException: Could not obtain MC, call-site will receive default values
03-10 15:38:31.895  1394 30114 D SystemDumpWriter_ANR: Successful to save dumpsys to log/dumpsys_ANR_WindowManager.txt
03-10 15:38:31.895  1394 30114 D SystemDumpWriter_ANR: save dumpsys, duration=1366
03-10 15:38:31.899  1394 30114 I ActivityManager: Dumping to /data/anr/anr_2025-03-10-15-38-31-898
03-10 15:38:31.904  1394 30114 E ActivityManager: ANR in com.samsung.android.honeyboard
03-10 15:38:31.907  1394 30114 I ActivityManager: Killing 5955:com.samsung.android.honeyboard/u0a205 (adj 100): bg anr
03-10 15:38:31.909  1394 30114 D ActivityManager: Completed ANR of com.samsung.android.honeyboard in 1381ms, latency 12132ms (expired, only dump ANR app)
03-10 15:38:31.913  1394 30656 I DropBoxManagerService: add tag=system_app_anr isTagEnabled=true flags=0x6
03-10 15:38:31.920  4825  5139 I DMASA[D]: [b]isValidFCInfoOfANR
03-10 15:38:31.923  4825  5139 I DMASA[C]: [b]Register DMA_ANR job
03-10 15:38:31.928  4825  4825 I DMASA[D]: [ANRDetectionService]Enqueue work to ANR
03-10 15:38:31.939  4825  5139 W DMASA[D]: [ANRDetectionService]ServiceInfo is empty
03-10 15:38:32.012 30273 30423 W MDCLLight: java.lang.ClassNotFoundException: org.slf4j.impl.StaticLoggerBinder
03-10 15:38:32.046  1394  1394 W InputMethodManagerService: Session failed to close due to remote exception
03-10 15:38:32.046  1394  1394 W InputMethodManagerService: android.os.DeadObjectException
03-10 15:38:32.048  1394  1394 W InputMethodManagerService: Session failed to close due to remote exception
03-10 15:38:32.048  1394  1394 W InputMethodManagerService: android.os.DeadObjectException
03-10 15:38:32.049  1394  1394 W InputMethodManagerService: Session failed to close due to remote exception
03-10 15:38:32.049  1394  1394 W InputMethodManagerService: android.os.DeadObjectException
03-10 15:38:32.050  1394  1394 W InputMethodManagerService: Session failed to close due to remote exception
03-10 15:38:32.050  1394  1394 W InputMethodManagerService: android.os.DeadObjectException
03-10 15:38:32.758 30273 30514 W AsyncLayoutInflater: android.view.InflateException: Binary XML file line #6: <merge /> can be used only with a valid ViewGroup root and attachToRoot=true
03-10 15:38:32.758 30273 30514 W AsyncLayoutInflater: Caused by: android.view.InflateException: <merge /> can be used only with a valid ViewGroup root and attachToRoot=true
03-10 15:38:33.226 30273 30273 W TextView: isCoverOpened() : RemoteException!!!!
03-10 15:38:33.237  1394  4624 E VpnManagerService: Exception occured while trying to get the getProxyInfoForUid for knoxvpn uid 10205
03-10 15:38:33.385  1394  2540 E DatabaseUtils: Writing exception to parcel
03-10 15:38:33.385  1394  2540 E DatabaseUtils: java.lang.IllegalArgumentException: You cannot keep your settings in the secure settings.
03-10 15:38:33.386 30692 30692 W HBD     : java.lang.IllegalArgumentException: You cannot keep your settings in the secure settings.
03-10 15:38:33.386 30692 30692 W HBD     :      at android.database.DatabaseUtils.readExceptionFromParcel(DatabaseUtils.java:172)
03-10 15:38:33.386 30692 30692 W HBD     :      at android.database.DatabaseUtils.readExceptionFromParcel(DatabaseUtils.java:142)
03-10 15:38:33.392 30273 30273 W TextView: isCoverOpened() : RemoteException!!!!
03-10 15:38:33.703 30273 30736 E IgFunctionalErrorEvent:         reason = android.content.pm.PackageManager$NameNotFoundException: com.facebook.stella
03-10 15:38:33.959 30692 30692 E HBD     : android.content.pm.PackageManager$NameNotFoundException: com.sec.android.inputmethod
03-10 15:38:34.057  4825  5419 I DMASA[D][4K0-399-5752101]: [DiagmonProvider]Received msg based on provider : true / anr_logging
03-10 15:38:34.086 30273 30736 W MDCLLight: java.lang.ClassNotFoundException: androidx.window.extensions.WindowExtensionsProvider
03-10 15:38:34.087 30273 30736 W MDCLLight: java.lang.ClassNotFoundException: androidx.window.sidecar.SidecarProvider
03-10 15:38:34.093 30692 30692 I [SCPMLIB_1.0.0]ConfigurationApi: getData : INPUT_DEVICE_EXCEPTION_LIST
03-10 15:38:34.093 30692 30692 I [SCPMLIB_1.0.0]ConfigurationApi: openFile : INPUT_DEVICE_EXCEPTION_LIST
03-10 15:38:34.095 28355 28368 I [SCPMV2][ConfigurationFileFunction]: uri : content://com.samsung.android.scpm.policy/894886bae57f053b016e48e001c589bc13ed1722de6487fba0fe69483c9c863f/INPUT_DEVICE_EXCEPTION_LIST, path : /894886bae57f053b016e48e001c589bc13ed1722de6487fba0fe69483c9c863f/INPUT_DEVICE_EXCEPTION_LIST
03-10 15:38:34.095 28355 28368 I [SCPMV2][ConfigurationFileFunction]: key [1] : INPUT_DEVICE_EXCEPTION_LIST
03-10 15:38:34.097 28355 28368 I [SCPMV2][ConfigurationItemDataManager]: getFilePath name : INPUT_DEVICE_EXCEPTION_LIST
03-10 15:38:34.104 30692 30692 I HBD     : b scpm getdata result : INPUT_DEVICE_EXCEPTION_LIST, 2
03-10 15:38:34.106 30273 30736 E ActionQueryTaskListener: 0 onLoadBatchComplete exception: null BACKGROUND modules: [s_executorch_pytorch(*),s_1687668038(*),pytorch]
03-10 15:38:34.284  1394  1993 E VpnManagerService: Exception occured while trying to get the getProxyInfoForUid for knoxvpn uid 1000
03-10 15:38:34.318 30692 30692 E roid.honeyboard:     88: void com.samsung.android.sdk.pen.document.SpenObjectBase.throwUncheckedException(int)
03-10 15:38:34.319 30692 30692 W Model   : HandleException - Consume NoSuchMethodError
03-10 15:38:34.471 30692 30721 E HBD     : a getPackageInfo, NameNotFoundException(com.samsung.android.keyscafe)
03-10 15:38:34.520 30273 30273 E fatal   : runForegroundReporters
03-10 15:38:36.100 30273 30591 E FbnsAIDLClientManager: Fbns AIDL request got RemoteException
03-10 15:38:36.100 30273 30591 E FbnsAIDLClientManager: android.os.RemoteException: AIDLService is not bound
03-10 15:38:39.927 30273 30273 W TextView: isCoverOpened() : RemoteException!!!!
03-10 15:38:42.192 30273 30273 W TextView: isCoverOpened() : RemoteException!!!!
03-10 15:38:43.359 30273 30273 W TextView: isCoverOpened() : RemoteException!!!!
03-10 15:38:43.410 30273 30273 W TextView: isCoverOpened() : RemoteException!!!!
03-10 15:38:44.411 30273 30273 W TextView: isCoverOpened() : RemoteException!!!!
03-10 15:38:44.514 30273 30273 W TextView: isCoverOpened() : RemoteException!!!!
03-10 15:38:44.558 30273 30273 W TextView: isCoverOpened() : RemoteException!!!!
03-10 15:38:44.610 30273 30273 W TextView: isCoverOpened() : RemoteException!!!!
03-10 15:38:45.944 30273 30273 W TextView: isCoverOpened() : RemoteException!!!!
03-10 15:38:53.617 30273 31000 E FbnsAIDLClientManager: Fbns AIDL request got RemoteException
03-10 15:38:53.617 30273 31000 E FbnsAIDLClientManager: android.os.RemoteException: AIDLService is not bound
03-10 15:38:59.109  1394  1476 E VpnManagerService: Exception occured while trying to get the getProxyInfoForUid for knoxvpn uid 10096
03-10 15:39:16.275  1394  1476 E VpnManagerService: Exception occured while trying to get the getProxyInfoForUid for knoxvpn uid 10063
03-10 15:39:16.313 31208 31227 E DymLock|340224|SettingsHelperDLS: Exception occurred
03-10 15:39:16.503  1394  1924 E VpnManagerService: Exception occured while trying to get the getProxyInfoForUid for knoxvpn uid 1000
03-10 15:39:16.708 31795 27541 I NearbyDiscovery: (REDACTED) FastPairScanner: eventType=%s, intReq=%s, scanning=%s, scanAllowed=%s, bleEnabled=%s, lockScanRate=%s, startScanningByLowPowerMode=%s
03-10 15:39:16.716 30273 30334 W MultiSignalANRDetectorLacrima: Moving to background
03-10 15:39:16.782  1394  1993 E VpnManagerService: Exception occured while trying to get the getProxyInfoForUid for knoxvpn uid 10182
03-10 15:39:16.824 31258 31258 D d       : ExceptionHandlerManager not explicitly initialized, using default mode
03-10 15:39:16.824 31258 31258 D d       : initializing exception handler manager, prioritized=true
03-10 15:39:16.863 31258 31258 E SQLiteDatabase: android.database.sqlite.SQLiteCantOpenDatabaseException: Cannot open database '/data/user/0/com.facebook.appmanager/databases/androidx.work.workdb' with flags 0x0: File /data/user/0/com.facebook.appmanager/databases/androidx.work.workdb doesn't exist
03-10 15:39:16.863 31258 31258 E SQLiteDatabase: Caused by: android.database.sqlite.SQLiteCantOpenDatabaseException: unknown error (code 1806 SQLITE_CANTOPEN_ENOENT[1806]): Could not open database
03-10 15:39:17.134  1940  1940 W Bundle  : Attempt to cast generated internal exception:
03-10 15:39:17.134  1940  1940 W Bundle  : java.lang.ClassCastException: java.lang.Integer cannot be cast to java.lang.String
03-10 15:39:17.156  1394  4624 E VpnManagerService: Exception occured while trying to get the getProxyInfoForUid for knoxvpn uid 10217
03-10 15:39:17.172  1394  2540 E VpnManagerService: Exception occured while trying to get the getProxyInfoForUid for knoxvpn uid 10066
03-10 15:39:17.195 31795 28168 E LoadedApk: Exception : java.lang.NullPointerException: Attempt to invoke virtual method 'boolean android.os.Looper.isPerfLogEnable()' on a null object reference
03-10 15:39:17.200  6154  6154 W System.err: java.lang.Exception: BluetoothAdapter.isEnabled() == false
03-10 15:39:17.201  6154  6154 E SemBluetoothAudioCast: getProxy() : Exception : java.lang.Exception: BluetoothAdapter.isEnabled() == false
03-10 15:39:17.201  6154  6154 W System.err: java.lang.Exception: BluetoothAdapter.isEnabled() == false
03-10 15:39:17.202  6154  6154 E SemBluetoothAudioCast: getProxy() : Exception : java.lang.Exception: BluetoothAdapter.isEnabled() == false
03-10 15:39:17.233 31795 15006 E LoadedApk: Exception : java.lang.NullPointerException: Attempt to invoke virtual method 'boolean android.os.Looper.isPerfLogEnable()' on a null object reference
03-10 15:39:17.236 31795 15006 E LoadedApk: Exception : java.lang.NullPointerException: Attempt to invoke virtual method 'boolean android.os.Looper.isPerfLogEnable()' on a null object reference
03-10 15:39:17.288 31795 27541 I NearbyDiscovery: (REDACTED) FastPairScanner: eventType=%s, intReq=%s, scanning=%s, scanAllowed=%s, bleEnabled=%s, lockScanRate=%s, startScanningByLowPowerMode=%s
03-10 15:39:17.541  1394  4624 E VpnManagerService: Exception occured while trying to get the getProxyInfoForUid for knoxvpn uid 10043
03-10 15:39:17.579 31409 31409 E getBitmap : FileNotFoundException: /data/user/0/com.samsung.android.app.aodservice/files/sub_home_wallpaper_bitmap: open failed: ENOENT (No such file or directory)
03-10 15:39:17.579 31409 31409 E getBitmap : FileNotFoundException: /data/user/0/com.samsung.android.app.aodservice/files/sub_home_theme_wallpaper_bitmap: open failed: ENOENT (No such file or directory)
03-10 15:39:17.710  1394  4624 E VpnManagerService: Exception occured while trying to get the getProxyInfoForUid for knoxvpn uid 10211
03-10 15:39:17.728 31368 31491 W ResourcesOffloading: An exception occurred :
03-10 15:39:17.728 31368 31491 W ResourcesOffloading: android.content.res.Resources$NotFoundException: Resource ID #0x7f08080f
03-10 15:39:17.990 31368 31368 E SENL$CPLog$SO$ConfigurationModel: getDisplayType# exception
03-10 15:39:17.990 31368 31368 E SENL$CPLog$SO$ConfigurationModel: getDisplayType# exception
03-10 15:39:18.461 30273 30334 W MultiSignalANRDetectorLacrima: Pausing error state checks
03-10 15:39:23.129 28292 31627 I SamsungAccount: [LocalBusinessException] Not Skip Name Validation by AppId
03-10 15:39:26.169  1394  1742 E AppOps  : java.lang.SecurityException: Specified package "client.pid<958>" under uid 1000 but it is not
03-10 15:39:26.182 31795 27541 I NearbyDiscovery: (REDACTED) FastPairScanner: eventType=%s, intReq=%s, scanning=%s, scanAllowed=%s, bleEnabled=%s, lockScanRate=%s, startScanningByLowPowerMode=%s
03-10 15:39:26.250 31795 23883 E LoadedApk: Exception : java.lang.NullPointerException: Attempt to invoke virtual method 'boolean android.os.Looper.isPerfLogEnable()' on a null object reference
03-10 15:39:26.330 31795 15006 E LoadedApk: Exception : java.lang.NullPointerException: Attempt to invoke virtual method 'boolean android.os.Looper.isPerfLogEnable()' on a null object reference
03-10 15:39:26.333  1394  1993 E VpnManagerService: Exception occured while trying to get the getProxyInfoForUid for knoxvpn uid 1001
03-10 15:39:26.334 31795 15006 E LoadedApk: Exception : java.lang.NullPointerException: Attempt to invoke virtual method 'boolean android.os.Looper.isPerfLogEnable()' on a null object reference
03-10 15:39:26.362 31795 27541 I NearbyDiscovery: (REDACTED) FastPairScanner: eventType=%s, intReq=%s, scanning=%s, scanAllowed=%s, bleEnabled=%s, lockScanRate=%s, startScanningByLowPowerMode=%s
03-10 15:39:26.410  1394  1742 E VpnManagerService: Exception occured while trying to get the getProxyInfoForUid for knoxvpn uid 1000
03-10 15:39:26.517 31795 31809 I NullBinder: NullBinder for android.net.action.RECOMMEND_NETWORKS triggering remote TransactionTooLargeException due to Service without Chimera impl
03-10 15:39:27.164  1394  4624 W ProcessCpuTracker: Failed to stat(/proc/31911): android.system.ErrnoException: stat failed: ENOENT (No such file or directory)
03-10 15:39:36.940 31795 27541 I NearbyDiscovery: (REDACTED) FastPairScanner: eventType=%s, intReq=%s, scanning=%s, scanAllowed=%s, bleEnabled=%s, lockScanRate=%s, startScanningByLowPowerMode=%s
03-10 15:39:37.314  1940  1940 W Bundle  : Attempt to cast generated internal exception:
03-10 15:39:37.314  1940  1940 W Bundle  : java.lang.ClassCastException: java.lang.Integer cannot be cast to java.lang.String
03-10 15:39:37.348  6154  6154 W System.err: java.lang.Exception: BluetoothAdapter.isEnabled() == false
03-10 15:39:37.348  6154  6154 E SemBluetoothAudioCast: getProxy() : Exception : java.lang.Exception: BluetoothAdapter.isEnabled() == false
03-10 15:39:37.349  6154  6154 W System.err: java.lang.Exception: BluetoothAdapter.isEnabled() == false
03-10 15:39:37.349  6154  6154 E SemBluetoothAudioCast: getProxy() : Exception : java.lang.Exception: BluetoothAdapter.isEnabled() == false
03-10 15:39:37.366 31795 31362 E LoadedApk: Exception : java.lang.NullPointerException: Attempt to invoke virtual method 'boolean android.os.Looper.isPerfLogEnable()' on a null object reference
03-10 15:39:37.422 31795 15006 E LoadedApk: Exception : java.lang.NullPointerException: Attempt to invoke virtual method 'boolean android.os.Looper.isPerfLogEnable()' on a null object reference
03-10 15:39:37.432 31795 15006 E LoadedApk: Exception : java.lang.NullPointerException: Attempt to invoke virtual method 'boolean android.os.Looper.isPerfLogEnable()' on a null object reference
03-10 15:39:37.452 31368 31368 E SENL$CPLog$SO$ConfigurationModel: getDisplayType# exception
03-10 15:39:37.452 31368 31368 E SENL$CPLog$SO$ConfigurationModel: getDisplayType# exception
03-10 15:39:37.465 31795 27541 I NearbyDiscovery: (REDACTED) FastPairScanner: eventType=%s, intReq=%s, scanning=%s, scanAllowed=%s, bleEnabled=%s, lockScanRate=%s, startScanningByLowPowerMode=%s
03-10 15:40:00.814  1394  1529 E MARsPolicyManager: Error occurred in setEnabledSetting()java.lang.SecurityException: Cannot disable a protected package: com.samsung.knox.securefolder
03-10 15:40:15.777  1394  1529 E MARsPolicyManager: Error occurred in setEnabledSetting()java.lang.SecurityException: Cannot disable a protected package: com.samsung.knox.securefolder
03-10 15:40:30.150  1394  4847 E VpnManagerService: Exception occured while trying to get the getProxyInfoForUid for knoxvpn uid 10282
03-10 15:40:30.848  1394  1529 E MARsPolicyManager: Error occurred in setEnabledSetting()java.lang.SecurityException: Cannot disable a protected package: com.samsung.knox.securefolder
03-10 15:40:45.904  1394  1529 E MARsPolicyManager: Error occurred in setEnabledSetting()java.lang.SecurityException: Cannot disable a protected package: com.samsung.knox.securefolder
03-10 15:40:59.108 30273 30664 E msys    : E[N MQTT]onReadError(656)=>Read Error: AsyncSocketException: recv() failed (peer=31.13.69.20:443), type = Internal error, errno = 103 (Software caused connection abort)
03-10 15:41:00.929  1394  1529 E MARsPolicyManager: Error occurred in setEnabledSetting()java.lang.SecurityException: Cannot disable a protected package: com.samsung.knox.securefolder
03-10 15:41:11.991  1394  1511 W ProcessCpuTracker: Failed to stat(/proc/32545): android.system.ErrnoException: stat failed: ENOENT (No such file or directory)
03-10 15:41:14.287  1394  2911 W FastPrintWriter: java.io.IOException: write failed: EPIPE (Broken pipe)
03-10 15:41:14.287  1394  2911 W FastPrintWriter: Caused by: android.system.ErrnoException: write failed: EPIPE (Broken pipe)
03-10 15:41:15.998  1394  1529 E MARsPolicyManager: Error occurred in setEnabledSetting()java.lang.SecurityException: Cannot disable a protected package: com.samsung.knox.securefolder
03-10 15:41:27.612 24884 24884 I AndroidRuntime: VM exiting with result code 0.
03-10 15:41:31.095  1394  1529 E MARsPolicyManager: Error occurred in setEnabledSetting()java.lang.SecurityException: Cannot disable a protected package: com.samsung.knox.securefolder
03-10 15:41:33.046 32636 32636 D AndroidRuntime: >>>>>> START com.android.internal.os.RuntimeInit uid 2000 <<<<<<
03-10 15:41:33.051 32636 32636 I AndroidRuntime: Using default boot image
03-10 15:41:33.051 32636 32636 I AndroidRuntime: Leaving lock profiling enabled
03-10 15:41:33.052 32636 32636 D AndroidRuntime: addProductProperty not brand or 7
03-10 15:41:33.186 32636 32636 D AndroidRuntime: Calling main entry com.genymobile.scrcpy.Server
03-10 15:41:33.235  1394  2006 E AppOps  : java.lang.SecurityException: Specified package "client.pid<958>" under uid 1000 but it is not
03-10 15:41:33.305 32651 32651 D AndroidRuntime: >>>>>> START com.android.internal.os.RuntimeInit uid 2000 <<<<<<
03-10 15:41:33.309 32651 32651 I AndroidRuntime: Using default boot image
03-10 15:41:33.309 32651 32651 I AndroidRuntime: Leaving lock profiling enabled
03-10 15:41:33.310 32651 32651 D AndroidRuntime: addProductProperty not brand or 7
03-10 15:41:33.433 31795 27541 I NearbyDiscovery: (REDACTED) FastPairScanner: eventType=%s, intReq=%s, scanning=%s, scanAllowed=%s, bleEnabled=%s, lockScanRate=%s, startScanningByLowPowerMode=%s
03-10 15:41:33.441 32651 32651 D AndroidRuntime: Calling main entry com.genymobile.scrcpy.CleanUp
03-10 15:41:33.506 30273 30664 E msys    : E[N MQTT]onReadError(656)=>Read Error: AsyncSocketException: recv() failed (peer=31.13.69.20:443), type = Internal error, errno = 103 (Software caused connection abort)
03-10 15:41:33.563  1394  4865 E VpnManagerService: Exception occured while trying to get the getProxyInfoForUid for knoxvpn uid 10057
03-10 15:41:33.590 31795 32002 E LoadedApk: Exception : java.lang.NullPointerException: Attempt to invoke virtual method 'boolean android.os.Looper.isPerfLogEnable()' on a null object reference
03-10 15:41:33.621 31795 15424 E LoadedApk: Exception : java.lang.NullPointerException: Attempt to invoke virtual method 'boolean android.os.Looper.isPerfLogEnable()' on a null object reference
03-10 15:41:33.624 31795 15424 E LoadedApk: Exception : java.lang.NullPointerException: Attempt to invoke virtual method 'boolean android.os.Looper.isPerfLogEnable()' on a null object reference
03-10 15:41:33.631 31795 27541 I NearbyDiscovery: (REDACTED) FastPairScanner: eventType=%s, intReq=%s, scanning=%s, scanAllowed=%s, bleEnabled=%s, lockScanRate=%s, startScanningByLowPowerMode=%s
03-10 15:41:33.776 31795 31812 I NullBinder: NullBinder for android.net.action.RECOMMEND_NETWORKS triggering remote TransactionTooLargeException due to Service without Chimera impl
03-10 15:41:35.446 30273 30334 W MultiSignalANRDetectorLacrima: Resuming error state checks
03-10 15:41:35.973  6154  6154 W System.err: java.lang.Exception: BluetoothAdapter.isEnabled() == false
03-10 15:41:35.973  6154  6154 E SemBluetoothAudioCast: getProxy() : Exception : java.lang.Exception: BluetoothAdapter.isEnabled() == false
03-10 15:41:35.973  6154  6154 W System.err: java.lang.Exception: BluetoothAdapter.isEnabled() == false
03-10 15:41:35.973  6154  6154 E SemBluetoothAudioCast: getProxy() : Exception : java.lang.Exception: BluetoothAdapter.isEnabled() == false
03-10 15:41:36.910 30273 30273 W TextView: isCoverOpened() : RemoteException!!!!
03-10 15:41:36.944 30273 30273 W TextView: isCoverOpened() : RemoteException!!!!
03-10 15:41:36.978 30273 30273 W TextView: isCoverOpened() : RemoteException!!!!
03-10 15:41:37.261 30273 30273 W TextView: isCoverOpened() : RemoteException!!!!
03-10 15:41:38.262 30273 30273 W TextView: isCoverOpened() : RemoteException!!!!
03-10 15:41:39.629 30273 30334 W MultiSignalANRDetectorLacrima: Moving to background
03-10 15:41:40.568  1394  1787 V SemWifiScanPool: updateScanResult, full scan:4 configKeys: 4 pool_bssid:26 pool_configKeys:9
03-10 15:41:40.569  1394  1787 D WifiConnectivityMonitor: onScanResultUpdated
03-10 15:41:41.643  1394  2540 E VpnManagerService: Exception occured while trying to get the getProxyInfoForUid for knoxvpn uid 10297
03-10 15:41:41.682  1394  2540 E VpnManagerService: Exception occured while trying to get the getProxyInfoForUid for knoxvpn uid 5012
03-10 15:41:41.938  1187  1305 W lacrima : Start AnrAppDeathDetector... X.03em
03-10 15:41:41.965  1187  1187 W MDCLLight: java.lang.ClassNotFoundException: kotlinx.coroutines.test.internal.TestMainDispatcherFactory
03-10 15:41:42.065  1187  1305 W lacrima : Start AnrDetector... com.facebook.acra.anr.multisignal.MultiSignalANRDetector
03-10 15:41:42.065  1187  1305 W MultiSignalANRDetectorLacrima: Starting
03-10 15:41:42.065  1187  1305 W ProcessAnrErrorMonitor: startMonitoring with delay: 0
03-10 15:41:42.124  1187  1348 W ProcessAnrErrorMonitor: Starting process monitor checks for process 'com.instagram.android'
03-10 15:41:42.125  1187  1348 W MultiSignalANRDetectorLacrima: Started monitoring
03-10 15:41:42.168  1187  1187 W IgMetaConfig: java.lang.RuntimeException: Could not obtain MC, call-site will receive default values
03-10 15:41:42.169  1187  1187 W IgMetaConfig: java.lang.RuntimeException: Could not obtain MC, call-site will receive default values
03-10 15:41:42.192  1187  1187 W IgMetaConfig: java.lang.RuntimeException: Could not obtain MC, call-site will receive default values
03-10 15:41:42.345  1187  1331 W QPLConfig: java.io.FileNotFoundException: /data/user/0/com.instagram.android/app_qpl/qpl_sampling_config_v2.null: open failed: ENOENT (No such file or directory)
03-10 15:41:42.345  1187  1331 W QPLConfig: Caused by: android.system.ErrnoException: open failed: ENOENT (No such file or directory)
03-10 15:41:42.533  1187  1187 W IgMetaConfig: java.lang.RuntimeException: Could not obtain MC, call-site will receive default values
03-10 15:41:42.657  1187  1487 W IgMetaConfig: java.lang.RuntimeException: Could not obtain MC, call-site will receive default values
03-10 15:41:42.658  1187  1487 W IgMetaConfig: java.lang.RuntimeException: Could not obtain MC, call-site will receive default values
03-10 15:41:42.695  1187  1331 W IgMetaConfig: java.lang.RuntimeException: Could not obtain MC, call-site will receive default values
03-10 15:41:43.251  1187  1704 W MDCLLight: java.lang.ClassNotFoundException: org.apache.http.entity.InputStreamEntity
03-10 15:41:43.266  1187  1187 W MDCLLight: java.lang.ClassNotFoundException: com.amazon.device.messaging.ADM
03-10 15:41:43.379 28447 28447 I AndroidRuntime: VM exiting with result code 0, cleanup skipped.
03-10 15:41:43.424  1394  4623 E VpnManagerService: Exception occured while trying to get the getProxyInfoForUid for knoxvpn uid 10067
03-10 15:41:43.497  1879  1879 D d       : ExceptionHandlerManager not explicitly initialized, using default mode
03-10 15:41:43.497  1879  1879 D d       : initializing exception handler manager, prioritized=true
03-10 15:41:43.572  1187  1436 W IgMetaConfig: java.lang.RuntimeException: Could not obtain MC, call-site will receive default values
03-10 15:41:43.738  1394  2779 E VpnManagerService: Exception occured while trying to get the getProxyInfoForUid for knoxvpn uid 1000
03-10 15:41:43.858  1394  1993 E VpnManagerService: Exception occured while trying to get the getProxyInfoForUid for knoxvpn uid 10081
03-10 15:41:44.014  1394  4668 E VpnManagerService: Exception occured while trying to get the getProxyInfoForUid for knoxvpn uid 10114
03-10 15:41:44.121  1394  4668 E VpnManagerService: Exception occured while trying to get the getProxyInfoForUid for knoxvpn uid 10108
03-10 15:41:44.136  1187  1344 W MultiSignalANRDetectorLacrima: Pausing error state checks
03-10 15:41:44.513  1394  4876 E VpnManagerService: Exception occured while trying to get the getProxyInfoForUid for knoxvpn uid 1002
03-10 15:41:45.550  1187  1487 W IgMetaConfig: java.lang.RuntimeException: Could not obtain MC, call-site will receive default values
03-10 15:41:45.551  1187  1487 W IgMetaConfig: java.lang.RuntimeException: Could not obtain MC, call-site will receive default values
03-10 15:41:46.052  1394  2540 E VpnManagerService: Exception occured while trying to get the getProxyInfoForUid for knoxvpn uid 10049
03-10 15:41:46.743  2298  2389 D AdapterProperties: BT_PROPERTY_LOCAL_LE_FEATURES: update from BT controller mNumOfAdvertisementInstancesSupported = 16 mRpaOffloadSupported = true mNumOfOffloadedIrkSupported = 0 mNumOfOffloadedScanFilterSupported = 64 mOffloadedScanResultStorageBytes= 1024 mIsActivityAndEnergyReporting = true mVersSupported = 99 mTotNumOfTrackableAdv = 20 mIsExtendedScanSupported = true mIsDebugLogSupported = true mIsLe2MPhySupported = true mIsLeCodedPhySupported = true mIsLeExtendedAdvertisingSupported = true mIsLePeriodicAdvertisingSupported = true mLeMaximumAdvertisingDataLength = 1650 mDynamicAudioBufferSizeSupportedCodecsGroup1 = 0 mDynamicAudioBufferSizeSupportedCodecsGroup2 = 0 mIsLePeriodicAdvertisingSyncTransferSenderSupported = true mIsLeConnectedIsochronousStreamCentralSupported = true mIsLeIsochronousBroadcasterSupported = false mIsLePeriodicAdvertisingSyncTransferRecipientSupported = true mIsOffloadedTransportDiscoveryDataScanSupported = false
03-10 15:41:47.002  1187  2390 E ActionQueryTaskListener: 0 onLoadBatchComplete exception: null BACKGROUND modules: [s_executorch_pytorch(*),s_1687668038(*),pytorch]
03-10 15:41:47.491  1394  4668 E VpnManagerService: Exception occured while trying to get the getProxyInfoForUid for knoxvpn uid 10365
03-10 15:41:47.521  6827 10201 W System.err: java.lang.NullPointerException: uuids must not be null
03-10 15:41:47.529  1394  2007 E VpnManagerService: Exception occured while trying to get the getProxyInfoForUid for knoxvpn uid 10180
03-10 15:41:49.531  1187  1868 E FbnsAIDLClientManager: Fbns AIDL request got RemoteException
03-10 15:41:49.531  1187  1868 E FbnsAIDLClientManager: android.os.RemoteException: AIDLService is not bound
03-10 15:41:53.879  1394  2540 E VpnManagerService: Exception occured while trying to get the getProxyInfoForUid for knoxvpn uid 10146
03-10 15:41:58.560  1187  2586 E FbnsAIDLClientManager: Fbns AIDL request got RemoteException
03-10 15:41:58.560  1187  2586 E FbnsAIDLClientManager: android.os.RemoteException: AIDLService is not bound
03-10 15:41:58.581  1187  2587 E FbnsAIDLClientManager: Fbns AIDL request got RemoteException
03-10 15:41:58.581  1187  2587 E FbnsAIDLClientManager: android.os.RemoteException: AIDLService is not bound
03-10 15:42:02.321  1394  2540 E VpnManagerService: Exception occured while trying to get the getProxyInfoForUid for knoxvpn uid 10245
03-10 15:42:02.491  1394  2540 E VpnManagerService: Exception occured while trying to get the getProxyInfoForUid for knoxvpn uid 10245
03-10 15:42:03.823  1394  2540 E VpnManagerService: Exception occured while trying to get the getProxyInfoForUid for knoxvpn uid 1000
03-10 15:42:07.064  1394  1993 E VpnManagerService: Exception occured while trying to get the getProxyInfoForUid for knoxvpn uid 1000
03-10 15:42:07.123  1394  2007 E VpnManagerService: Exception occured while trying to get the getProxyInfoForUid for knoxvpn uid 10244
03-10 15:42:07.157  1394  2540 E VpnManagerService: Exception occured while trying to get the getProxyInfoForUid for knoxvpn uid 10121
03-10 15:42:13.921  1394  4668 E VpnManagerService: Exception occured while trying to get the getProxyInfoForUid for knoxvpn uid 1000
03-10 15:42:19.085  1394  4668 E VpnManagerService: Exception occured while trying to get the getProxyInfoForUid for knoxvpn uid 10063
03-10 15:42:19.105  3129  3149 E DymLock|340224|SettingsHelperDLS: Exception occurred
03-10 15:42:19.276  1394  4668 E VpnManagerService: Exception occured while trying to get the getProxyInfoForUid for knoxvpn uid 10410
03-10 15:42:19.277  1394  2007 E VpnManagerService: Exception occured while trying to get the getProxyInfoForUid for knoxvpn uid 1000
03-10 15:42:19.375  1394  4668 E VpnManagerService: Exception occured while trying to get the getProxyInfoForUid for knoxvpn uid 10410
03-10 15:42:19.480 31795 27541 I NearbyDiscovery: (REDACTED) FastPairScanner: eventType=%s, intReq=%s, scanning=%s, scanAllowed=%s, bleEnabled=%s, lockScanRate=%s, startScanningByLowPowerMode=%s
03-10 15:42:19.778  1394  2007 E VpnManagerService: Exception occured while trying to get the getProxyInfoForUid for knoxvpn uid 10217
03-10 15:42:19.850  1940  1940 W Bundle  : Attempt to cast generated internal exception:
03-10 15:42:19.850  1940  1940 W Bundle  : java.lang.ClassCastException: java.lang.Integer cannot be cast to java.lang.String
03-10 15:42:19.917  6154  6154 W System.err: java.lang.Exception: BluetoothAdapter.isEnabled() == false
03-10 15:42:19.918  6154  6154 E SemBluetoothAudioCast: getProxy() : Exception : java.lang.Exception: BluetoothAdapter.isEnabled() == false
03-10 15:42:19.918  6154  6154 W System.err: java.lang.Exception: BluetoothAdapter.isEnabled() == false
03-10 15:42:19.919  6154  6154 E SemBluetoothAudioCast: getProxy() : Exception : java.lang.Exception: BluetoothAdapter.isEnabled() == false
03-10 15:42:19.947 31795 32002 E LoadedApk: Exception : java.lang.NullPointerException: Attempt to invoke virtual method 'boolean android.os.Looper.isPerfLogEnable()' on a null object reference
03-10 15:42:19.998  1394  2007 E VpnManagerService: Exception occured while trying to get the getProxyInfoForUid for knoxvpn uid 10211
03-10 15:42:20.001 31795  1117 E LoadedApk: Exception : java.lang.NullPointerException: Attempt to invoke virtual method 'boolean android.os.Looper.isPerfLogEnable()' on a null object reference
03-10 15:42:20.006 31795  1117 E LoadedApk: Exception : java.lang.NullPointerException: Attempt to invoke virtual method 'boolean android.os.Looper.isPerfLogEnable()' on a null object reference
03-10 15:42:20.018  3333  3388 W ResourcesOffloading: An exception occurred :
03-10 15:42:20.018  3333  3388 W ResourcesOffloading: android.content.res.Resources$NotFoundException: Resource ID #0x7f08080f
03-10 15:42:20.023 31795 27541 I NearbyDiscovery: (REDACTED) FastPairScanner: eventType=%s, intReq=%s, scanning=%s, scanAllowed=%s, bleEnabled=%s, lockScanRate=%s, startScanningByLowPowerMode=%s
03-10 15:42:20.301  3333  3333 E SENL$CPLog$SO$ConfigurationModel: getDisplayType# exception
03-10 15:42:20.301  3333  3333 E SENL$CPLog$SO$ConfigurationModel: getDisplayType# exception
03-10 15:42:20.315  1394  1924 E VpnManagerService: Exception occured while trying to get the getProxyInfoForUid for knoxvpn uid 10043
03-10 15:42:20.340  3465  3465 E getBitmap : FileNotFoundException: /data/user/0/com.samsung.android.app.aodservice/files/sub_home_wallpaper_bitmap: open failed: ENOENT (No such file or directory)
03-10 15:42:20.340  3465  3465 E getBitmap : FileNotFoundException: /data/user/0/com.samsung.android.app.aodservice/files/sub_home_theme_wallpaper_bitmap: open failed: ENOENT (No such file or directory)
03-10 15:42:25.592  2159  3582 I SamsungAccount: [LocalBusinessException] Not Skip Name Validation by AppId
03-10 15:42:30.122  1394  2007 E AppOps  : java.lang.SecurityException: Specified package "client.pid<958>" under uid 1000 but it is not
03-10 15:42:30.137 31795 27541 I NearbyDiscovery: (REDACTED) FastPairScanner: eventType=%s, intReq=%s, scanning=%s, scanAllowed=%s, bleEnabled=%s, lockScanRate=%s, startScanningByLowPowerMode=%s
03-10 15:42:30.298 31795 32002 E LoadedApk: Exception : java.lang.NullPointerException: Attempt to invoke virtual method 'boolean android.os.Looper.isPerfLogEnable()' on a null object reference
03-10 15:42:30.319 31795  1117 E LoadedApk: Exception : java.lang.NullPointerException: Attempt to invoke virtual method 'boolean android.os.Looper.isPerfLogEnable()' on a null object reference
03-10 15:42:30.325 31795  1117 E LoadedApk: Exception : java.lang.NullPointerException: Attempt to invoke virtual method 'boolean android.os.Looper.isPerfLogEnable()' on a null object reference
03-10 15:42:30.343 31795 27541 I NearbyDiscovery: (REDACTED) FastPairScanner: eventType=%s, intReq=%s, scanning=%s, scanAllowed=%s, bleEnabled=%s, lockScanRate=%s, startScanningByLowPowerMode=%s
03-10 15:42:30.344  1394  4865 E VpnManagerService: Exception occured while trying to get the getProxyInfoForUid for knoxvpn uid 1001
03-10 15:42:30.581 31795 32368 I NullBinder: NullBinder for android.net.action.RECOMMEND_NETWORKS triggering remote TransactionTooLargeException due to Service without Chimera impl
03-10 15:42:36.764 31795 27541 I NearbyDiscovery: (REDACTED) FastPairScanner: eventType=%s, intReq=%s, scanning=%s, scanAllowed=%s, bleEnabled=%s, lockScanRate=%s, startScanningByLowPowerMode=%s
03-10 15:42:37.110  1940  1940 W Bundle  : Attempt to cast generated internal exception:
03-10 15:42:37.110  1940  1940 W Bundle  : java.lang.ClassCastException: java.lang.Integer cannot be cast to java.lang.String
03-10 15:42:37.138  6154  6154 W System.err: java.lang.Exception: BluetoothAdapter.isEnabled() == false
03-10 15:42:37.138  6154  6154 E SemBluetoothAudioCast: getProxy() : Exception : java.lang.Exception: BluetoothAdapter.isEnabled() == false
03-10 15:42:37.138  6154  6154 W System.err: java.lang.Exception: BluetoothAdapter.isEnabled() == false
03-10 15:42:37.138  6154  6154 E SemBluetoothAudioCast: getProxy() : Exception : java.lang.Exception: BluetoothAdapter.isEnabled() == false
03-10 15:42:37.164 31795 32002 E LoadedApk: Exception : java.lang.NullPointerException: Attempt to invoke virtual method 'boolean android.os.Looper.isPerfLogEnable()' on a null object reference
03-10 15:42:37.211 31795 15424 E LoadedApk: Exception : java.lang.NullPointerException: Attempt to invoke virtual method 'boolean android.os.Looper.isPerfLogEnable()' on a null object reference
03-10 15:42:37.215 31795 15424 E LoadedApk: Exception : java.lang.NullPointerException: Attempt to invoke virtual method 'boolean android.os.Looper.isPerfLogEnable()' on a null object reference
03-10 15:42:37.220  3333  3333 E SENL$CPLog$SO$ConfigurationModel: getDisplayType# exception
03-10 15:42:37.220  3333  3333 E SENL$CPLog$SO$ConfigurationModel: getDisplayType# exception
03-10 15:42:37.222 31795 27541 I NearbyDiscovery: (REDACTED) FastPairScanner: eventType=%s, intReq=%s, scanning=%s, scanAllowed=%s, bleEnabled=%s, lockScanRate=%s, startScanningByLowPowerMode=%s
03-10 15:43:00.548  1394  1529 E MARsPolicyManager: Error occurred in setEnabledSetting()java.lang.SecurityException: Cannot disable a protected package: com.samsung.knox.securefolder
03-10 15:43:05.311 31795 27541 I NearbyDiscovery: (REDACTED) FastPairScanner: eventType=%s, intReq=%s, scanning=%s, scanAllowed=%s, bleEnabled=%s, lockScanRate=%s, startScanningByLowPowerMode=%s
03-10 15:43:05.380 31795   662 E LoadedApk: Exception : java.lang.NullPointerException: Attempt to invoke virtual method 'boolean android.os.Looper.isPerfLogEnable()' on a null object reference
03-10 15:43:05.389 31795  1117 E LoadedApk: Exception : java.lang.NullPointerException: Attempt to invoke virtual method 'boolean android.os.Looper.isPerfLogEnable()' on a null object reference
03-10 15:43:05.391 31795  1117 E LoadedApk: Exception : java.lang.NullPointerException: Attempt to invoke virtual method 'boolean android.os.Looper.isPerfLogEnable()' on a null object reference
03-10 15:43:05.394 31795 27541 I NearbyDiscovery: (REDACTED) FastPairScanner: eventType=%s, intReq=%s, scanning=%s, scanAllowed=%s, bleEnabled=%s, lockScanRate=%s, startScanningByLowPowerMode=%s
03-10 15:43:05.620 31795   964 I NullBinder: NullBinder for android.net.action.RECOMMEND_NETWORKS triggering remote TransactionTooLargeException due to Service without Chimera impl
03-10 15:43:06.035  6154  6154 W System.err: java.lang.Exception: BluetoothAdapter.isEnabled() == false
03-10 15:43:06.035  6154  6154 E SemBluetoothAudioCast: getProxy() : Exception : java.lang.Exception: BluetoothAdapter.isEnabled() == false
03-10 15:43:06.035  6154  6154 W System.err: java.lang.Exception: BluetoothAdapter.isEnabled() == false
03-10 15:43:06.035  6154  6154 E SemBluetoothAudioCast: getProxy() : Exception : java.lang.Exception: BluetoothAdapter.isEnabled() == false
03-10 15:43:06.360  1394  4865 E VpnManagerService: Exception occured while trying to get the getProxyInfoForUid for knoxvpn uid 1000
03-10 15:43:06.473  4825  5419 I DMASA[D][999-399-549750]: [DiagmonProvider]Received msg based on provider : true / anr_logging
03-10 15:43:07.138  1187  1344 W MultiSignalANRDetectorLacrima: Resuming error state checks
03-10 15:43:07.163  1187  1187 W MDCLLight: java.lang.ClassNotFoundException: android.widget.ViewStub
03-10 15:43:07.163  1187  1187 W MDCLLight: java.lang.ClassNotFoundException: android.webkit.ViewStub
03-10 15:43:07.163  1187  1187 W MDCLLight: java.lang.ClassNotFoundException: android.app.ViewStub
03-10 15:43:07.335  1187  2548 W MDCLLight: java.lang.ClassNotFoundException: androidx.window.extensions.WindowExtensionsProvider
03-10 15:43:07.335  1187  2548 W MDCLLight: java.lang.ClassNotFoundException: androidx.window.sidecar.SidecarProvider
03-10 15:43:07.449  1187  1370 W MDCLLight: java.lang.ClassNotFoundException: kotlin.reflect.jvm.internal.ReflectionFactoryImpl
03-10 15:43:07.524  1187  1505 W MDCLLight: java.lang.ClassNotFoundException: org.slf4j.impl.StaticLoggerBinder
03-10 15:43:08.597  1187  4217 W AsyncLayoutInflater: android.view.InflateException: Binary XML file line #6: <merge /> can be used only with a valid ViewGroup root and attachToRoot=true
03-10 15:43:08.597  1187  4217 W AsyncLayoutInflater: Caused by: android.view.InflateException: <merge /> can be used only with a valid ViewGroup root and attachToRoot=true
03-10 15:43:09.295  1187  1487 W IgMetaConfig: java.lang.RuntimeException: Could not obtain MC, call-site will receive default values
03-10 15:43:09.295  1187  1487 W IgMetaConfig: java.lang.RuntimeException: Could not obtain MC, call-site will receive default values
03-10 15:43:09.309  1187  2548 E IgFunctionalErrorEvent:         reason = android.content.pm.PackageManager$NameNotFoundException: com.facebook.stella
03-10 15:43:09.464  1187  4362 W IgMetaConfig: java.lang.RuntimeException: Could not obtain MC, call-site will receive default values
03-10 15:43:09.464  1187  4362 W IgMetaConfig: java.lang.RuntimeException: Could not obtain MC, call-site will receive default values
03-10 15:43:09.466   904   904 E audit   : type=1400 audit(1741617789.462:60238): avc:  granted  { execute } for  pid=1187 comm="MainContext" path="/data/data/com.instagram.android/lib-compressed/libbreakpad-fatal-java-exception-description-handler-jni.so" dev="dm-53" ino=486357 scontext=u:r:untrusted_app:s0:c41,c257,c512,c768 tcontext=u:object_r:app_data_file:s0:c41,c257,c512,c768 tclass=file SEPF_SM-S908B_12_0001 audit_filtered
03-10 15:43:12.250  1187  4146 E FbnsAIDLClientManager: Fbns AIDL request got RemoteException
03-10 15:43:12.250  1187  4146 E FbnsAIDLClientManager: android.os.RemoteException: AIDLService is not bound
03-10 15:43:12.425  1187  1187 E fatal   : runForegroundReporters
03-10 15:43:13.649  1187  4245 E FbnsAIDLClientManager: Fbns AIDL request got RemoteException
03-10 15:43:13.649  1187  4245 E FbnsAIDLClientManager: android.os.RemoteException: AIDLService is not bound
03-10 15:43:39.896  1394  2540 E VpnManagerService: Exception occured while trying to get the getProxyInfoForUid for knoxvpn uid 10264
03-10 15:43:40.111  4696  4748 D StrictMode:    at android.os.Parcel.readExceptionCode(Parcel.java:3036)
03-10 15:43:40.111  4696  4748 D StrictMode:    at android.os.Parcel.readException(Parcel.java:2997)
03-10 15:43:40.112  4696  4748 D StrictMode:    at android.os.Parcel.readExceptionCode(Parcel.java:3036)
03-10 15:43:40.112  4696  4748 D StrictMode:    at android.os.Parcel.readException(Parcel.java:2997)
03-10 15:43:40.113  4696  4748 D StrictMode:    at android.os.Parcel.readExceptionCode(Parcel.java:3036)
03-10 15:43:40.113  4696  4748 D StrictMode:    at android.os.Parcel.readException(Parcel.java:2997)
03-10 15:43:40.393  4696  4767 D StrictMode:    at android.os.Parcel.readExceptionCode(Parcel.java:3036)
03-10 15:43:40.393  4696  4767 D StrictMode:    at android.os.Parcel.readException(Parcel.java:2997)
03-10 15:43:40.394  4696  4767 D StrictMode:    at android.os.Parcel.readExceptionCode(Parcel.java:3036)
03-10 15:43:40.394  4696  4767 D StrictMode:    at android.os.Parcel.readException(Parcel.java:2997)
03-10 15:43:40.395  4696  4767 D StrictMode:    at android.os.Parcel.readExceptionCode(Parcel.java:3036)
03-10 15:43:40.395  4696  4767 D StrictMode:    at android.os.Parcel.readException(Parcel.java:2997)
03-10 15:43:44.166 31795 27541 I NearbyDiscovery: (REDACTED) FastPairScanner: eventType=%s, intReq=%s, scanning=%s, scanAllowed=%s, bleEnabled=%s, lockScanRate=%s, startScanningByLowPowerMode=%s
03-10 15:43:44.232  1187  1344 W MultiSignalANRDetectorLacrima: Moving to background
03-10 15:43:44.491  6154  6154 W System.err: java.lang.Exception: BluetoothAdapter.isEnabled() == false
03-10 15:43:44.492  6154  6154 E SemBluetoothAudioCast: getProxy() : Exception : java.lang.Exception: BluetoothAdapter.isEnabled() == false
03-10 15:43:44.492  6154  6154 W System.err: java.lang.Exception: BluetoothAdapter.isEnabled() == false
03-10 15:43:44.492  6154  6154 E SemBluetoothAudioCast: getProxy() : Exception : java.lang.Exception: BluetoothAdapter.isEnabled() == false
03-10 15:43:44.521  1940  1940 W Bundle  : Attempt to cast generated internal exception:
03-10 15:43:44.521  1940  1940 W Bundle  : java.lang.ClassCastException: java.lang.Integer cannot be cast to java.lang.String
03-10 15:43:44.528 31795  4694 E LoadedApk: Exception : java.lang.NullPointerException: Attempt to invoke virtual method 'boolean android.os.Looper.isPerfLogEnable()' on a null object reference
03-10 15:43:44.583  3333  3333 E SENL$CPLog$SO$ConfigurationModel: getDisplayType# exception
03-10 15:43:44.583  3333  3333 E SENL$CPLog$SO$ConfigurationModel: getDisplayType# exception
03-10 15:43:44.590 31795  1117 E LoadedApk: Exception : java.lang.NullPointerException: Attempt to invoke virtual method 'boolean android.os.Looper.isPerfLogEnable()' on a null object reference
03-10 15:43:44.597 31795  1117 E LoadedApk: Exception : java.lang.NullPointerException: Attempt to invoke virtual method 'boolean android.os.Looper.isPerfLogEnable()' on a null object reference
03-10 15:43:44.611 31795 27541 I NearbyDiscovery: (REDACTED) FastPairScanner: eventType=%s, intReq=%s, scanning=%s, scanAllowed=%s, bleEnabled=%s, lockScanRate=%s, startScanningByLowPowerMode=%s
03-10 15:43:45.981  1187  1487 W IgMetaConfig: java.lang.RuntimeException: Could not obtain MC, call-site will receive default values
03-10 15:43:45.982  1187  1487 W IgMetaConfig: java.lang.RuntimeException: Could not obtain MC, call-site will receive default values
03-10 15:43:46.354  1187  1344 W MultiSignalANRDetectorLacrima: Pausing error state checks
03-10 15:43:49.168  1187  1187 W MDCLLight: java.lang.ClassNotFoundException: com.fasterxml.jackson.databind.ext.Java7SupportImpl
03-10 15:44:00.894  1394  1529 E MARsPolicyManager: Error occurred in setEnabledSetting()java.lang.SecurityException: Cannot disable a protected package: com.samsung.knox.securefolder
03-10 15:44:15.873  1394  1529 E MARsPolicyManager: Error occurred in setEnabledSetting()java.lang.SecurityException: Cannot disable a protected package: com.samsung.knox.securefolder
03-10 15:44:30.906  1394  1529 E MARsPolicyManager: Error occurred in setEnabledSetting()java.lang.SecurityException: Cannot disable a protected package: com.samsung.knox.securefolder
03-10 15:44:45.957  1394  1529 E MARsPolicyManager: Error occurred in setEnabledSetting()java.lang.SecurityException: Cannot disable a protected package: com.samsung.knox.securefolder
03-10 15:45:01.005  1394  1529 E MARsPolicyManager: Error occurred in setEnabledSetting()java.lang.SecurityException: Cannot disable a protected package: com.samsung.knox.securefolder
03-10 15:45:16.064  1394  1529 E MARsPolicyManager: Error occurred in setEnabledSetting()java.lang.SecurityException: Cannot disable a protected package: com.samsung.knox.securefolder
03-10 15:45:17.762  5735  6063 W ciap    : java.text.ParseException: Unparseable number: "ve"
03-10 15:45:17.787  5735  6065 W ciap    : java.text.ParseException: Unparseable number: "ve"
03-10 15:45:20.006  5735  6075 E fawz    : java.lang.IllegalArgumentException
03-10 15:45:31.136  1394  1529 E MARsPolicyManager: Error occurred in setEnabledSetting()java.lang.SecurityException: Cannot disable a protected package: com.samsung.knox.securefolder
03-10 15:45:46.206  1394  1529 E MARsPolicyManager: Error occurred in setEnabledSetting()java.lang.SecurityException: Cannot disable a protected package: com.samsung.knox.securefolder
03-10 15:45:58.026  1187  4257 E msys    : E[N MQTT]onReadError(656)=>Read Error: AsyncSocketException: recv() failed (peer=31.13.69.20:443), type = Internal error, errno = 103 (Software caused connection abort)
03-10 15:46:01.248  1394  1529 E MARsPolicyManager: Error occurred in setEnabledSetting()java.lang.SecurityException: Cannot disable a protected package: com.samsung.knox.securefolder
03-10 15:46:08.823  1394  4623 W FastPrintWriter: java.io.IOException: write failed: EPIPE (Broken pipe)
03-10 15:46:08.823  1394  4623 W FastPrintWriter: Caused by: android.system.ErrnoException: write failed: EPIPE (Broken pipe)
03-10 15:46:16.329  1394  1529 E MARsPolicyManager: Error occurred in setEnabledSetting()java.lang.SecurityException: Cannot disable a protected package: com.samsung.knox.securefolder
03-10 15:46:31.382  1394  1529 E MARsPolicyManager: Error occurred in setEnabledSetting()java.lang.SecurityException: Cannot disable a protected package: com.samsung.knox.securefolder
03-10 15:46:44.272 31795 27541 I NearbyDiscovery: (REDACTED) FastPairScanner: eventType=%s, intReq=%s, scanning=%s, scanAllowed=%s, bleEnabled=%s, lockScanRate=%s, startScanningByLowPowerMode=%s
03-10 15:46:44.276  1187  4257 E msys    : E[N MQTT]onReadError(656)=>Read Error: AsyncSocketException: recv() failed (peer=31.13.69.20:443), type = Internal error, errno = 103 (Software caused connection abort)
03-10 15:46:44.291  1187  1344 W MultiSignalANRDetectorLacrima: Resuming error state checks
03-10 15:46:44.387 31795  4694 E LoadedApk: Exception : java.lang.NullPointerException: Attempt to invoke virtual method 'boolean android.os.Looper.isPerfLogEnable()' on a null object reference
03-10 15:46:44.471 31795 15424 E LoadedApk: Exception : java.lang.NullPointerException: Attempt to invoke virtual method 'boolean android.os.Looper.isPerfLogEnable()' on a null object reference
03-10 15:46:44.471 31795  1116 E LoadedApk: Exception : java.lang.NullPointerException: Attempt to invoke virtual method 'boolean android.os.Looper.isPerfLogEnable()' on a null object reference
03-10 15:46:44.475 31795 27541 I NearbyDiscovery: (REDACTED) FastPairScanner: eventType=%s, intReq=%s, scanning=%s, scanAllowed=%s, bleEnabled=%s, lockScanRate=%s, startScanningByLowPowerMode=%s
03-10 15:46:44.776 31795 32368 I NullBinder: NullBinder for android.net.action.RECOMMEND_NETWORKS triggering remote TransactionTooLargeException due to Service without Chimera impl
03-10 15:46:45.034  6154  6154 W System.err: java.lang.Exception: BluetoothAdapter.isEnabled() == false
03-10 15:46:45.034  6154  6154 E SemBluetoothAudioCast: getProxy() : Exception : java.lang.Exception: BluetoothAdapter.isEnabled() == false
03-10 15:46:45.034  6154  6154 W System.err: java.lang.Exception: BluetoothAdapter.isEnabled() == false
03-10 15:46:45.034  6154  6154 E SemBluetoothAudioCast: getProxy() : Exception : java.lang.Exception: BluetoothAdapter.isEnabled() == false
03-10 15:46:49.533  1187  1187 E fatal   : runForegroundReporters
03-10 15:46:50.749  1187  6444 E FbnsAIDLClientManager: Fbns AIDL request got RemoteException
03-10 15:46:50.749  1187  6444 E FbnsAIDLClientManager: android.os.RemoteException: AIDLService is not bound
03-10 15:46:50.824  1187  6451 E FbnsAIDLClientManager: Fbns AIDL request got RemoteException
03-10 15:46:50.824  1187  6451 E FbnsAIDLClientManager: android.os.RemoteException: AIDLService is not bound
