03-10 15:47:09.039 32651 32651 I AndroidRuntime: VM exiting with result code 0.
03-10 15:47:09.140  1394  1394 I SAccessoryManager_SAccessoryManager: File read fail java.io.FileNotFoundException: sys/class/power_supply/battery/wpc_auth_mode: open failed: ENOENT (No such file or directory)
03-10 15:47:09.212  1394  2540 E VpnManagerService: Exception occured while trying to get the getProxyInfoForUid for knoxvpn uid 5012
03-10 15:47:09.285  1394  2540 E VpnManagerService: Exception occured while trying to get the getProxyInfoForUid for knoxvpn uid 10182
03-10 15:47:09.301  6654  6654 D d       : ExceptionHandlerManager not explicitly initialized, using default mode
03-10 15:47:09.301  6654  6654 D d       : initializing exception handler manager, prioritized=true
03-10 15:47:09.328  6654  6654 E SQLiteDatabase: android.database.sqlite.SQLiteCantOpenDatabaseException: Cannot open database '/data/user/0/com.facebook.appmanager/databases/androidx.work.workdb' with flags 0x0: File /data/user/0/com.facebook.appmanager/databases/androidx.work.workdb doesn't exist
03-10 15:47:09.328  6654  6654 E SQLiteDatabase: Caused by: android.database.sqlite.SQLiteCantOpenDatabaseException: unknown error (code 1806 SQLITE_CANTOPEN_ENOENT[1806]): Could not open database
03-10 15:47:09.601  1394  4624 E VpnManagerService: Exception occured while trying to get the getProxyInfoForUid for knoxvpn uid 10066
03-10 15:47:10.868  1394  1394 I SAccessoryManager_SAccessoryManager: File read fail java.io.FileNotFoundException: sys/class/power_supply/battery/wpc_auth_mode: open failed: ENOENT (No such file or directory)
03-10 15:47:11.146  6769  6769 E BoostFramework: BoostFramework() : Exception_1 = java.lang.ClassNotFoundException: com.qualcomm.qti.Performance
03-10 15:47:11.146  6769  6769 E BoostFramework: BoostFramework() Ux Perf: Exception = java.lang.ClassNotFoundException: com.qualcomm.qti.UxPerformance
03-10 15:47:11.287  1155  6818 V NuPlayer: checkOffloadExceptions is true, call canOffloadStream
03-10 15:47:11.289  1155  6818 V NuPlayer: checkOffloadExceptions is true, call canOffloadStream
03-10 15:47:11.439  1394  4869 E VpnManagerService: Exception occured while trying to get the getProxyInfoForUid for knoxvpn uid 10135
03-10 15:47:11.524  1394  1993 E VpnManagerService: Exception occured while trying to get the getProxyInfoForUid for knoxvpn uid 10040
03-10 15:47:11.534  6856  6880 W ResourcesOffloading: An exception occurred :
03-10 15:47:11.534  6856  6880 W ResourcesOffloading: android.content.res.Resources$NotFoundException: Resource ID #0x0
03-10 15:47:23.365  7043  7043 D AndroidRuntime: >>>>>> START com.android.internal.os.RuntimeInit uid 2000 <<<<<<
03-10 15:47:23.372  7043  7043 I AndroidRuntime: Using default boot image
03-10 15:47:23.372  7043  7043 I AndroidRuntime: Leaving lock profiling enabled
03-10 15:47:23.374  7043  7043 D AndroidRuntime: addProductProperty not brand or 7
03-10 15:47:23.558  7043  7043 D AndroidRuntime: Calling main entry com.genymobile.scrcpy.Server
03-10 15:47:23.719  7067  7067 D AndroidRuntime: >>>>>> START com.android.internal.os.RuntimeInit uid 2000 <<<<<<
03-10 15:47:23.726  7067  7067 I AndroidRuntime: Using default boot image
03-10 15:47:23.726  7067  7067 I AndroidRuntime: Leaving lock profiling enabled
03-10 15:47:23.728  7067  7067 D AndroidRuntime: addProductProperty not brand or 7
03-10 15:47:23.910  7067  7067 D AndroidRuntime: Calling main entry com.genymobile.scrcpy.CleanUp
03-10 15:47:23.959  1394  1593 E VpnManagerService: Exception occured while trying to get the getProxyInfoForUid for knoxvpn uid 10057
03-10 15:47:24.705  1187  1187 W TextView: isCoverOpened() : RemoteException!!!!
03-10 15:47:24.762  1187  1187 W TextView: isCoverOpened() : RemoteException!!!!
03-10 15:47:24.963  1187  1187 W TextView: isCoverOpened() : RemoteException!!!!
03-10 15:47:25.365  1187  1187 W TextView: isCoverOpened() : RemoteException!!!!
03-10 15:47:25.853  1187  1344 W MultiSignalANRDetectorLacrima: Moving to background
03-10 15:47:26.290  1187  1187 E fatal   : runForegroundReporters
03-10 15:47:28.232  1394  2779 E VpnManagerService: Exception occured while trying to get the getProxyInfoForUid for knoxvpn uid 10297
03-10 15:47:28.404  7226  7261 W lacrima : Start AnrAppDeathDetector... X.03em
03-10 15:47:28.441  7226  7226 W MDCLLight: java.lang.ClassNotFoundException: kotlinx.coroutines.test.internal.TestMainDispatcherFactory
03-10 15:47:28.450  7226  7261 W lacrima : Start AnrDetector... com.facebook.acra.anr.multisignal.MultiSignalANRDetector
03-10 15:47:28.450  7226  7261 W MultiSignalANRDetectorLacrima: Starting
03-10 15:47:28.450  7226  7261 W ProcessAnrErrorMonitor: startMonitoring with delay: 0
03-10 15:47:28.459  7226  7286 W ProcessAnrErrorMonitor: Starting process monitor checks for process 'com.instagram.android'
03-10 15:47:28.459  7226  7286 W MultiSignalANRDetectorLacrima: Started monitoring
03-10 15:47:28.507  7226  7226 W IgMetaConfig: java.lang.RuntimeException: Could not obtain MC, call-site will receive default values
03-10 15:47:28.508  7226  7226 W IgMetaConfig: java.lang.RuntimeException: Could not obtain MC, call-site will receive default values
03-10 15:47:28.554  7226  7226 W IgMetaConfig: java.lang.RuntimeException: Could not obtain MC, call-site will receive default values
03-10 15:47:28.672  7226  7327 W QPLConfig: java.io.FileNotFoundException: /data/user/0/com.instagram.android/app_qpl/qpl_sampling_config_v2.null: open failed: ENOENT (No such file or directory)
03-10 15:47:28.672  7226  7327 W QPLConfig: Caused by: android.system.ErrnoException: open failed: ENOENT (No such file or directory)
03-10 15:47:28.822  7226  7226 W IgMetaConfig: java.lang.RuntimeException: Could not obtain MC, call-site will receive default values
03-10 15:47:28.841  7226  7376 W IgMetaConfig: java.lang.RuntimeException: Could not obtain MC, call-site will receive default values
03-10 15:47:28.842  7226  7376 W IgMetaConfig: java.lang.RuntimeException: Could not obtain MC, call-site will receive default values
03-10 15:47:28.879  7226  7324 W IgMetaConfig: java.lang.RuntimeException: Could not obtain MC, call-site will receive default values
03-10 15:47:29.214  7226  7226 W MDCLLight: java.lang.ClassNotFoundException: com.amazon.device.messaging.ADM
03-10 15:47:29.346  7226  7488 W MDCLLight: java.lang.ClassNotFoundException: org.apache.http.entity.InputStreamEntity
03-10 15:47:29.835  7226  7362 W IgMetaConfig: java.lang.RuntimeException: Could not obtain MC, call-site will receive default values
03-10 15:47:30.486  7226  7284 W MultiSignalANRDetectorLacrima: Pausing error state checks
03-10 15:47:31.187  7226  7376 W IgMetaConfig: java.lang.RuntimeException: Could not obtain MC, call-site will receive default values
03-10 15:47:31.188  7226  7376 W IgMetaConfig: java.lang.RuntimeException: Could not obtain MC, call-site will receive default values
03-10 15:47:33.157  7226  7515 E ActionQueryTaskListener: 0 onLoadBatchComplete exception: null BACKGROUND modules: [s_executorch_pytorch(*),s_1687668038(*),pytorch]
03-10 15:47:35.461  7226  7480 E FbnsAIDLClientManager: Fbns AIDL request got RemoteException
03-10 15:47:35.461  7226  7480 E FbnsAIDLClientManager: android.os.RemoteException: AIDLService is not bound
03-10 15:47:44.526  7226  7539 E FbnsAIDLClientManager: Fbns AIDL request got RemoteException
03-10 15:47:44.526  7226  7539 E FbnsAIDLClientManager: android.os.RemoteException: AIDLService is not bound
03-10 15:47:47.499  1394  1787 V SemWifiScanPool: updateScanResult, full scan:2 configKeys: 2 pool_bssid:26 pool_configKeys:9
03-10 15:47:47.499  1394  1787 D WifiConnectivityMonitor: onScanResultUpdated
03-10 15:47:53.642  2298  2298 I AndroidRuntime: VM exiting with result code 0, cleanup skipped.
03-10 15:47:53.896  1394  1933 E VpnManagerService: Exception occured while trying to get the getProxyInfoForUid for knoxvpn uid 1000
03-10 15:47:53.947  1394  2540 E VpnManagerService: Exception occured while trying to get the getProxyInfoForUid for knoxvpn uid 10067
03-10 15:47:53.996  7644  7644 D d       : ExceptionHandlerManager not explicitly initialized, using default mode
03-10 15:47:53.996  7644  7644 D d       : initializing exception handler manager, prioritized=true
03-10 15:47:54.010  1394  2540 E VpnManagerService: Exception occured while trying to get the getProxyInfoForUid for knoxvpn uid 10081
03-10 15:47:54.202  1394  2540 E VpnManagerService: Exception occured while trying to get the getProxyInfoForUid for knoxvpn uid 10114
03-10 15:47:54.335  1394  1933 E VpnManagerService: Exception occured while trying to get the getProxyInfoForUid for knoxvpn uid 10108
03-10 15:47:54.690  1394  1933 E VpnManagerService: Exception occured while trying to get the getProxyInfoForUid for knoxvpn uid 1002
03-10 15:47:56.925  7874  7944 D AdapterProperties: BT_PROPERTY_LOCAL_LE_FEATURES: update from BT controller mNumOfAdvertisementInstancesSupported = 16 mRpaOffloadSupported = true mNumOfOffloadedIrkSupported = 0 mNumOfOffloadedScanFilterSupported = 64 mOffloadedScanResultStorageBytes= 1024 mIsActivityAndEnergyReporting = true mVersSupported = 99 mTotNumOfTrackableAdv = 20 mIsExtendedScanSupported = true mIsDebugLogSupported = true mIsLe2MPhySupported = true mIsLeCodedPhySupported = true mIsLeExtendedAdvertisingSupported = true mIsLePeriodicAdvertisingSupported = true mLeMaximumAdvertisingDataLength = 1650 mDynamicAudioBufferSizeSupportedCodecsGroup1 = 0 mDynamicAudioBufferSizeSupportedCodecsGroup2 = 0 mIsLePeriodicAdvertisingSyncTransferSenderSupported = true mIsLeConnectedIsochronousStreamCentralSupported = true mIsLeIsochronousBroadcasterSupported = false mIsLePeriodicAdvertisingSyncTransferRecipientSupported = true mIsOffloadedTransportDiscoveryDataScanSupported = false
03-10 15:47:57.693  1394  1933 E VpnManagerService: Exception occured while trying to get the getProxyInfoForUid for knoxvpn uid 10365
03-10 15:47:57.717  6827 10201 W System.err: java.lang.NullPointerException: uuids must not be null
03-10 15:47:57.735  1394  1933 E VpnManagerService: Exception occured while trying to get the getProxyInfoForUid for knoxvpn uid 10180
03-10 15:48:00.112  1394  2006 E VpnManagerService: Exception occured while trying to get the getProxyInfoForUid for knoxvpn uid 1000
03-10 15:48:00.303  4825  5419 I DMASA[D][999-399-549750]: [DiagmonProvider]Received msg based on provider : true / anr_logging
03-10 15:48:02.579  7226  7942 E FbnsAIDLClientManager: Fbns AIDL request got RemoteException
03-10 15:48:02.579  7226  7942 E FbnsAIDLClientManager: android.os.RemoteException: AIDLService is not bound
03-10 15:48:04.001  1394  2540 E VpnManagerService: Exception occured while trying to get the getProxyInfoForUid for knoxvpn uid 10146
03-10 15:48:09.241  1394  2540 E VpnManagerService: Exception occured while trying to get the getProxyInfoForUid for knoxvpn uid 10244
03-10 15:48:13.300  7226  7284 W MultiSignalANRDetectorLacrima: Resuming error state checks
03-10 15:48:13.328  7226  7226 W MDCLLight: java.lang.ClassNotFoundException: android.widget.ViewStub
03-10 15:48:13.329  7226  7226 W MDCLLight: java.lang.ClassNotFoundException: android.webkit.ViewStub
03-10 15:48:13.329  7226  7226 W MDCLLight: java.lang.ClassNotFoundException: android.app.ViewStub
03-10 15:48:13.494  7226  7529 W MDCLLight: java.lang.ClassNotFoundException: androidx.window.extensions.WindowExtensionsProvider
03-10 15:48:13.494  7226  7529 W MDCLLight: java.lang.ClassNotFoundException: androidx.window.sidecar.SidecarProvider
03-10 15:48:13.596  7226  7311 W MDCLLight: java.lang.ClassNotFoundException: kotlin.reflect.jvm.internal.ReflectionFactoryImpl
03-10 15:48:13.661  7226  7381 W MDCLLight: java.lang.ClassNotFoundException: org.slf4j.impl.StaticLoggerBinder
03-10 15:48:13.926  1394  2779 E VpnManagerService: Exception occured while trying to get the getProxyInfoForUid for knoxvpn uid 1000
03-10 15:48:14.255  7226  8303 W AsyncLayoutInflater: android.view.InflateException: Binary XML file line #6: <merge /> can be used only with a valid ViewGroup root and attachToRoot=true
03-10 15:48:14.255  7226  8303 W AsyncLayoutInflater: Caused by: android.view.InflateException: <merge /> can be used only with a valid ViewGroup root and attachToRoot=true
03-10 15:48:14.818  7226  7284 W MultiSignalANRDetectorLacrima: Moving to background
03-10 15:48:14.840  7226  7226 E IgFunctionalErrorEvent: java.io.IOException: TransientError domain: MNSQUICConnection code: 0 detail: Error on socket write Operation not permitted,
03-10 15:48:16.345  7226  7529 E IgFunctionalErrorEvent:         reason = android.content.pm.PackageManager$NameNotFoundException: com.facebook.stella
03-10 15:48:16.364  7226  8543 W IgMetaConfig: java.lang.RuntimeException: Could not obtain MC, call-site will receive default values
03-10 15:48:16.364  7226  8543 W IgMetaConfig: java.lang.RuntimeException: Could not obtain MC, call-site will receive default values
03-10 15:48:16.367   904   904 E audit   : type=1400 audit(1741618096.362:60456): avc:  granted  { execute } for  pid=7226 comm="MainContext" path="/data/data/com.instagram.android/lib-compressed/libbreakpad-fatal-java-exception-description-handler-jni.so" dev="dm-53" ino=486357 scontext=u:r:untrusted_app:s0:c41,c257,c512,c768 tcontext=u:object_r:app_data_file:s0:c41,c257,c512,c768 tclass=file SEPF_SM-S908B_12_0001 audit_filtered
03-10 15:48:16.498  7226  7376 W IgMetaConfig: java.lang.RuntimeException: Could not obtain MC, call-site will receive default values
03-10 15:48:16.500  7226  7376 W IgMetaConfig: java.lang.RuntimeException: Could not obtain MC, call-site will receive default values
03-10 15:48:18.576  7226  7226 E fatal   : runForegroundReporters
03-10 15:48:19.792  7226  8338 E FbnsAIDLClientManager: Fbns AIDL request got RemoteException
03-10 15:48:19.792  7226  8338 E FbnsAIDLClientManager: android.os.RemoteException: AIDLService is not bound
03-10 15:48:20.367  7226  7226 W RecyclerView: java.lang.IllegalStateException:  com.instagram.ui.recyclerview.CustomFadingEdgeRecyclerView{a18c1cc VFED..... ......ID 0,0-1440,2475 #7f0b2486 app:id/message_list}, adapter:X.016N@cd15135, layout:com.instagram.direct.messagethread.DirectMessageListLinearLayoutManager@29fa116, context:X.0Cbo@e107a97
03-10 15:48:21.615  1394  2779 E VpnManagerService: Exception occured while trying to get the getProxyInfoForUid for knoxvpn uid 10049
03-10 15:48:37.882  7226  7376 W IgMetaConfig: java.lang.RuntimeException: Could not obtain MC, call-site will receive default values
03-10 15:48:37.883  7226  7376 W IgMetaConfig: java.lang.RuntimeException: Could not obtain MC, call-site will receive default values
03-10 15:48:55.833  7226  7226 W TextView: isCoverOpened() : RemoteException!!!!
03-10 15:48:57.627  7226  7376 W IgMetaConfig: java.lang.RuntimeException: Could not obtain MC, call-site will receive default values
03-10 15:48:57.627  7226  7376 W IgMetaConfig: java.lang.RuntimeException: Could not obtain MC, call-site will receive default values
03-10 15:49:05.042  7226  7226 W TextView: isCoverOpened() : RemoteException!!!!
03-10 15:49:09.652  1394  1648 I WindowManager: ANR in Window{5dac348 u0 InputMethod}. Reason:Input dispatching timed out (5dac348 InputMethod (server) is not responding. Waited 10000ms for MotionEvent)
03-10 15:49:09.654  1394  9158 D ActivityManager: created ANR temporary file:/data/anr/temp_anr_5839265648617909153.txt
03-10 15:49:09.654  1394  9158 I ActivityManager: Collecting stacks for pid 30692 into temporary file temp_anr_5839265648617909153.txt
03-10 15:49:09.844  1394  4846 E VpnManagerService: Exception occured while trying to get the getProxyInfoForUid for knoxvpn uid 1000
03-10 15:49:09.882  1394  1933 E VpnManagerService: Exception occured while trying to get the getProxyInfoForUid for knoxvpn uid 10124
03-10 15:49:09.919  1394  9159 W Binder  :      at com.android.server.am.AnrHelper$AnrRecord.appNotResponding(AnrHelper.java:326)
03-10 15:49:09.919  1394  9159 W Binder  :      at com.android.server.am.AnrHelper$AnrConsumerThread.run(AnrHelper.java:261)
03-10 15:49:10.356  1394  3225 W system_server: Long monitor contention with owner AnrConsumer (9159) at void com.android.server.am.ActivityManagerService.dumpEverything(java.io.FileDescriptor, java.io.PrintWriter, java.lang.String[], int, boolean, java.lang.String, int, boolean, boolean, int, boolean)(ActivityManagerService.java:12083) waiters=0 in void com.android.server.am.ActivityManagerService.unpendingScheduleServiceRestart(int, boolean) for 431ms
03-10 15:49:10.357  1394  1933 W system_server: Long monitor contention with owner AnrConsumer (9159) at void com.android.server.am.ActivityManagerService.dumpEverything(java.io.FileDescriptor, java.io.PrintWriter, java.lang.String[], int, boolean, java.lang.String, int, boolean, boolean, int, boolean)(ActivityManagerService.java:12083) waiters=1 in void com.android.server.am.ActivityManagerService.serviceDoneExecuting(android.os.IBinder, int, int, int) for 431ms
03-10 15:49:10.358  1394  4846 W system_server: Long monitor contention with owner AnrConsumer (9159) at void com.android.server.am.ActivityManagerService.dumpEverything(java.io.FileDescriptor, java.io.PrintWriter, java.lang.String[], int, boolean, java.lang.String, int, boolean, boolean, int, boolean)(ActivityManagerService.java:12083) waiters=2 in android.app.ContentProviderHolder com.android.server.am.ContentProviderHelper.getContentProviderImpl(android.app.IApplicationThread, java.lang.String, android.os.IBinder, int, java.lang.String, java.lang.String, boolean, int, int) for 428ms
03-10 15:49:10.358  1394  1654 W system_server: Long monitor contention with owner AnrConsumer (9159) at void com.android.server.am.ActivityManagerService.dumpEverything(java.io.FileDescriptor, java.io.PrintWriter, java.lang.String[], int, boolean, java.lang.String, int, boolean, boolean, int, boolean)(ActivityManagerService.java:12083) waiters=3 in int com.android.server.am.ActivityManagerService.broadcastIntentWithFeature(android.app.IApplicationThread, java.lang.String, android.content.Intent, java.lang.String, android.content.IIntentReceiver, int, java.lang.String, android.os.Bundle, java.lang.String[], java.lang.String[], java.lang.String[], int, android.os.Bundle, boolean, boolean, int) for 342ms
03-10 15:49:10.609  1394  9159 D SystemDumpWriter_ANR: Successful to save dumpsys to log/dumpsys_ANR_WindowManager.txt
03-10 15:49:10.609  1394  9159 D SystemDumpWriter_ANR: save dumpsys, duration=891
03-10 15:49:10.613  1394  9159 I ActivityManager: Dumping to /data/anr/anr_2025-03-10-15-49-10-612
03-10 15:49:10.617  1394  9159 E ActivityManager: ANR in com.samsung.android.honeyboard
03-10 15:49:10.619  1394  9159 I ActivityManager: Killing 30692:com.samsung.android.honeyboard/u0a205 (adj 100): bg anr
03-10 15:49:10.621  1394  9159 D ActivityManager: Completed ANR of com.samsung.android.honeyboard in 968ms, latency 1ms
03-10 15:49:10.623  1394  9241 I DropBoxManagerService: add tag=system_app_anr isTagEnabled=true flags=0x6
03-10 15:49:10.636  4825  4825 I DMASA[D]: [ANRDetectionService]Enqueue work to ANR
03-10 15:49:10.659  1394  1394 W InputMethodManagerService: Session failed to close due to remote exception
03-10 15:49:10.659  1394  1394 W InputMethodManagerService: android.os.DeadObjectException
03-10 15:49:10.660  1394  1394 W InputMethodManagerService: Session failed to close due to remote exception
03-10 15:49:10.660  1394  1394 W InputMethodManagerService: android.os.DeadObjectException
03-10 15:49:10.668  4825  5139 W DMASA[D]: [ANRDetectionService]ServiceInfo is empty
03-10 15:49:11.763  1394  4871 E VpnManagerService: Exception occured while trying to get the getProxyInfoForUid for knoxvpn uid 10205
03-10 15:49:11.854  1394  4871 E DatabaseUtils: Writing exception to parcel
03-10 15:49:11.854  1394  4871 E DatabaseUtils: java.lang.IllegalArgumentException: You cannot keep your settings in the secure settings.
03-10 15:49:11.855  9251  9251 W HBD     : java.lang.IllegalArgumentException: You cannot keep your settings in the secure settings.
03-10 15:49:11.855  9251  9251 W HBD     :      at android.database.DatabaseUtils.readExceptionFromParcel(DatabaseUtils.java:172)
03-10 15:49:11.855  9251  9251 W HBD     :      at android.database.DatabaseUtils.readExceptionFromParcel(DatabaseUtils.java:142)
03-10 15:49:12.092  9251  9251 E HBD     : android.content.pm.PackageManager$NameNotFoundException: com.sec.android.inputmethod
03-10 15:49:12.112  4825  5496 I DMASA[D][4K0-399-5752101]: [DiagmonProvider]Received msg based on provider : true / anr_logging
03-10 15:49:12.138  9251  9251 I [SCPMLIB_1.0.0]ConfigurationApi: getData : INPUT_DEVICE_EXCEPTION_LIST
03-10 15:49:12.138  9251  9251 I [SCPMLIB_1.0.0]ConfigurationApi: openFile : INPUT_DEVICE_EXCEPTION_LIST
03-10 15:49:12.138 28355 28369 I [SCPMV2][ConfigurationFileFunction]: uri : content://com.samsung.android.scpm.policy/894886bae57f053b016e48e001c589bc13ed1722de6487fba0fe69483c9c863f/INPUT_DEVICE_EXCEPTION_LIST, path : /894886bae57f053b016e48e001c589bc13ed1722de6487fba0fe69483c9c863f/INPUT_DEVICE_EXCEPTION_LIST
03-10 15:49:12.138 28355 28369 I [SCPMV2][ConfigurationFileFunction]: key [1] : INPUT_DEVICE_EXCEPTION_LIST
03-10 15:49:12.139 28355 28369 I [SCPMV2][ConfigurationItemDataManager]: getFilePath name : INPUT_DEVICE_EXCEPTION_LIST
03-10 15:49:12.140  9251  9251 I HBD     : b scpm getdata result : INPUT_DEVICE_EXCEPTION_LIST, 2
03-10 15:49:12.191  9251  9251 E roid.honeyboard:     88: void com.samsung.android.sdk.pen.document.SpenObjectBase.throwUncheckedException(int)
03-10 15:49:12.191  9251  9251 W Model   : HandleException - Consume NoSuchMethodError
03-10 15:49:12.218  9251  9283 E HBD     : a getPackageInfo, NameNotFoundException(com.samsung.android.keyscafe)
03-10 15:49:12.219  1394  4846 E VpnManagerService: Exception occured while trying to get the getProxyInfoForUid for knoxvpn uid 1000
03-10 15:49:12.363  9251  9289 W HBD     : java.lang.Exception
03-10 15:49:12.363  9251  9289 W HBD     : java.lang.Exception
03-10 15:49:12.669  7226  7376 W IgMetaConfig: java.lang.RuntimeException: Could not obtain MC, call-site will receive default values
03-10 15:49:12.670  7226  7376 W IgMetaConfig: java.lang.RuntimeException: Could not obtain MC, call-site will receive default values
03-10 15:49:12.692  7226  7226 E AndroidFuture: android.os.DeadObjectException
03-10 15:49:12.696  7226  7226 W InputMethodSessionWrapper: android.os.DeadObjectException
03-10 15:49:12.696  7226  7226 W InputMethodSessionWrapper: android.os.DeadObjectException
03-10 15:49:12.797  1394  1394 I SAccessoryManager_SAccessoryManager: File read fail java.io.FileNotFoundException: sys/class/power_supply/battery/wpc_auth_mode: open failed: ENOENT (No such file or directory)
03-10 15:49:14.806  7226  7226 W TextView: isCoverOpened() : RemoteException!!!!
03-10 15:49:14.856  7226  7226 W TextView: isCoverOpened() : RemoteException!!!!
03-10 15:49:14.993  7226  7226 W TextView: isCoverOpened() : RemoteException!!!!
03-10 15:49:15.108  7226  7226 W TextView: isCoverOpened() : RemoteException!!!!
03-10 15:49:16.190  7226  7226 W TextView: isCoverOpened() : RemoteException!!!!
03-10 15:49:16.857  7226  7226 W TextView: isCoverOpened() : RemoteException!!!!
03-10 15:49:18.549  7226  9398 E AndroidRuntime: FATAL EXCEPTION: SWPool3_t1of1
03-10 15:49:18.549  7226  9398 E AndroidRuntime: Process: com.instagram.android, PID: 7226
03-10 15:49:18.549  7226  9398 E AndroidRuntime: java.lang.OutOfMemoryError: Failed to allocate a 83070912 byte allocation with 2719552 free bytes and 2655KB until OOM, target footprint 536870912, growth limit 536870912
03-10 15:49:18.549  7226  9398 E AndroidRuntime:        at java.util.Arrays.copyOf(Arrays.java:3553)
03-10 15:49:18.549  7226  9398 E AndroidRuntime:        at java.util.Arrays.copyOf(Arrays.java:3522)
03-10 15:49:18.549  7226  9398 E AndroidRuntime:        at java.util.ArrayList.grow(ArrayList.java:244)
03-10 15:49:18.549  7226  9398 E AndroidRuntime:        at java.util.ArrayList.grow(ArrayList.java:251)
03-10 15:49:18.549  7226  9398 E AndroidRuntime:        at java.util.ArrayList.add(ArrayList.java:461)
03-10 15:49:18.549  7226  9398 E AndroidRuntime:        at java.util.ArrayList.add(ArrayList.java:474)
03-10 15:49:18.549  7226  9398 E AndroidRuntime:        at X.057T.<init>(:13)
03-10 15:49:18.549  7226  9398 E AndroidRuntime:        at X.0NrL.E4V(:8)
03-10 15:49:18.549  7226  9398 E AndroidRuntime:        at X.0Jqg.run(:8)
03-10 15:49:18.549  7226  9398 E AndroidRuntime:        at X.02pm.run(:25)
03-10 15:49:18.549  7226  9398 E AndroidRuntime:        at X.02pm.run(:25)
03-10 15:49:18.549  7226  9398 E AndroidRuntime:        at X.01ns.A00(:112)
03-10 15:49:18.549  7226  9398 E AndroidRuntime:        at X.01ns.run(:108)
03-10 15:49:18.553  7226  7226 W TextView: isCoverOpened() : RemoteException!!!!
03-10 15:49:32.622  1394  1648 I WindowManager: ANR in Window{dfae82c u0 com.instagram.android/com.instagram.modal.ModalActivity}. Reason:Input dispatching timed out (dfae82c com.instagram.android/com.instagram.modal.ModalActivity (server) is not responding. Waited 10003ms for MotionEvent)
03-10 15:49:32.624  1394  9642 W ActivityManager: anr : com.instagram.android,10297
03-10 15:49:32.624  1394  9641 D ActivityManager: created ANR temporary file:/data/anr/temp_anr_7171578833293760610.txt
03-10 15:49:32.624  1394  9641 I ActivityManager: Collecting stacks for pid 7226 into temporary file temp_anr_7171578833293760610.txt
03-10 15:49:32.640  4900  4900 I SDHMS:BarTender:Gatherer:AppError: update AppError : uid=10297, pkg=com.instagram.android, errorType=anr
03-10 15:49:33.201  1394  4873 W system_server: Long monitor contention with owner AnrConsumer (9643) at void com.android.server.am.ActivityManagerService.dumpEverything(java.io.FileDescriptor, java.io.PrintWriter, java.lang.String[], int, boolean, java.lang.String, int, boolean, boolean, int, boolean)(ActivityManagerService.java:12245) waiters=0 in void com.android.server.am.ActivityManagerService.serviceDoneExecuting(android.os.IBinder, int, int, int) for 521ms
03-10 15:49:33.205  1394  1693 W system_server: Long monitor contention with owner AnrConsumer (9643) at void com.android.server.am.ActivityManagerService.dumpEverything(java.io.FileDescriptor, java.io.PrintWriter, java.lang.String[], int, boolean, java.lang.String, int, boolean, boolean, int, boolean)(ActivityManagerService.java:12245) waiters=1 in int com.android.server.am.ActivityManagerService.broadcastIntentWithFeature(android.app.IApplicationThread, java.lang.String, android.content.Intent, java.lang.String, android.content.IIntentReceiver, int, java.lang.String, android.os.Bundle, java.lang.String[], java.lang.String[], java.lang.String[], int, android.os.Bundle, boolean, boolean, int) for 484ms
03-10 15:49:33.542  1394  9643 D SystemDumpWriter_ANR: Successful to save dumpsys to log/dumpsys_ANR_WindowManager.txt
03-10 15:49:33.542  1394  9643 D SystemDumpWriter_ANR: save dumpsys, duration=886
03-10 15:49:33.547  1394  9643 I ActivityManager: Dumping to /data/anr/anr_2025-03-10-15-49-33-546
03-10 15:49:42.416  7226  7226 W TextView: isCoverOpened() : RemoteException!!!!
03-10 15:49:42.643  9251  9766 W RemoteInputConnection: requestCursorUpdates() was failed with an exception=android.os.DeadObjectException
03-10 15:49:43.008  1394  1933 E VpnManagerService: Exception occured while trying to get the getProxyInfoForUid for knoxvpn uid 10297
03-10 15:49:43.066  1394  4664 W WindowManager: android.os.DeadObjectException
03-10 15:49:43.111  1394  2911 E VpnManagerService: Exception occured while trying to get the getProxyInfoForUid for knoxvpn uid 5009
03-10 15:49:43.122  9772  9772 W MDCLLight: java.lang.ClassNotFoundException: kotlinx.coroutines.test.internal.TestMainDispatcherFactory
03-10 15:49:43.122  9772  9823 W lacrima : Start AnrAppDeathDetector... X.03em
03-10 15:49:43.138  9788  9788 I [SC]SamsungCloudApp: time elapsed to initialize ExceptionFilterInitializer: 0
03-10 15:49:43.157  9788  9851 W Bundle  : Attempt to cast generated internal exception:
03-10 15:49:43.157  9788  9851 W Bundle  : java.lang.ClassCastException: java.lang.Float cannot be cast to java.lang.String
03-10 15:49:43.216  9772  9772 W IgMetaConfig: java.lang.RuntimeException: Could not obtain MC, call-site will receive default values
03-10 15:49:43.216  9772  9772 W IgMetaConfig: java.lang.RuntimeException: Could not obtain MC, call-site will receive default values
03-10 15:49:43.237  9772  9772 W IgMetaConfig: java.lang.RuntimeException: Could not obtain MC, call-site will receive default values
03-10 15:49:43.273  9772  9823 W lacrima : Start AnrDetector... com.facebook.acra.anr.multisignal.MultiSignalANRDetector
03-10 15:49:43.273  9772  9823 W MultiSignalANRDetectorLacrima: Starting
03-10 15:49:43.273  9772  9823 W ProcessAnrErrorMonitor: startMonitoring with delay: 0
03-10 15:49:43.277  9772  9931 W ProcessAnrErrorMonitor: Starting process monitor checks for process 'com.instagram.android'
03-10 15:49:43.277  9772  9931 W MultiSignalANRDetectorLacrima: Started monitoring
03-10 15:49:43.312  9772  9940 W QPLConfig: java.io.FileNotFoundException: /data/user/0/com.instagram.android/app_qpl/qpl_sampling_config_v2.null: open failed: ENOENT (No such file or directory)
03-10 15:49:43.312  9772  9940 W QPLConfig: Caused by: android.system.ErrnoException: open failed: ENOENT (No such file or directory)
03-10 15:49:43.399  9788  9846 E [SC][ExceptionHandler]: exception caught.
03-10 15:49:43.399  9788  9846 E [SC][ExceptionHandler]: java.lang.IllegalStateException: Expected BEGIN_OBJECT but was STRING at line 1 column 1 path $
03-10 15:49:43.399  9788  9846 E [SC][ExceptionHandler]: See https://github.com/google/gson/blob/main/Troubleshooting.md#unexpected-json-structure
03-10 15:49:43.399  9788  9846 E [SC][ExceptionHandler]:        at i1.a.F(SourceFile:56)
03-10 15:49:43.399  9788  9846 E [SC][ExceptionHandler]:        at i1.a.b(SourceFile:22)
03-10 15:49:43.399  9788  9846 E [SC][ExceptionHandler]:        at com.google.gson.internal.bind.p.a(SourceFile:22)
03-10 15:49:43.399  9788  9846 E [SC][ExceptionHandler]:        at com.google.gson.g.d(SourceFile:29)
03-10 15:49:43.399  9788  9846 E [SC][ExceptionHandler]:        at com.google.gson.g.e(SourceFile:15)
03-10 15:49:43.399  9788  9846 E [SC][ExceptionHandler]:        at com.samsung.scsp.internal.odi.SamsungCloudODIQuota.read(SourceFile:48)
03-10 15:49:43.399  9788  9846 E [SC][ExceptionHandler]:        at com.samsung.scsp.internal.odi.SamsungCloudODIQuota.get(SourceFile:1)
03-10 15:49:43.399  9788  9846 E [SC][ExceptionHandler]:        at com.samsung.scsp.internal.odi.SamsungCloudODIQuota.getOneDriveQuota(SourceFile:14)
03-10 15:49:43.399  9788  9846 E [SC][ExceptionHandler]:        at androidx.drawerlayout.widget.b.get(SourceFile:537)
03-10 15:49:43.399  9788  9846 E [SC][ExceptionHandler]:        at com.samsung.android.scloud.common.exception.ExceptionHandler.commit(SourceFile:5)
03-10 15:49:43.399  9788  9846 E [SC][ExceptionHandler]:        at com.samsung.android.scloud.app.datamigrator.resolver.b.b(SourceFile:15)
03-10 15:49:43.399  9788  9846 E [SC][ExceptionHandler]:        at com.samsung.android.scloud.app.datamigrator.resolver.b.a(SourceFile:100)
03-10 15:49:43.399  9788  9846 E [SC][ExceptionHandler]:        at V1.g.apply(SourceFile:67)
03-10 15:49:43.399  9788  9846 E [SC][ExceptionHandler]:        at com.samsung.android.scloud.common.context.ContextProvider.call(SourceFile:8)
03-10 15:49:43.399  9788  9846 E [SC][ExceptionHandler]:        at android.content.ContentProvider.call(ContentProvider.java:2760)
03-10 15:49:43.399  9788  9846 E [SC][ExceptionHandler]:        at android.content.ContentProvider$Transport.call(ContentProvider.java:633)
03-10 15:49:43.399  9788  9846 E [SC][ExceptionHandler]:        at android.content.ContentResolver.call(ContentResolver.java:2479)
03-10 15:49:43.399  9788  9846 E [SC][ExceptionHandler]:        at android.content.ContentResolver.call(ContentResolver.java:2459)
03-10 15:49:43.399  9788  9846 E [SC][ExceptionHandler]:        at com.samsung.android.scloud.common.context.ContextProvider.call(SourceFile:1)
03-10 15:49:43.399  9788  9846 E [SC][ExceptionHandler]:        at n7.b.g(SourceFile:55)
03-10 15:49:43.399  9788  9846 E [SC][ExceptionHandler]:        at com.samsung.android.scloud.app.datamigrator.a.run(SourceFile:226)
03-10 15:49:43.399  9788  9846 E [SC][ExceptionHandler]:        at java.util.concurrent.Executors$RunnableAdapter.call(Executors.java:487)
03-10 15:49:43.399  9788  9846 E [SC][ExceptionHandler]:        at java.util.concurrent.FutureTask.run(FutureTask.java:264)
03-10 15:49:43.399  9788  9846 E [SC][ExceptionHandler]:        at java.util.concurrent.ThreadPoolExecutor.runWorker(ThreadPoolExecutor.java:1145)
03-10 15:49:43.399  9788  9846 E [SC][ExceptionHandler]:        at java.util.concurrent.ThreadPoolExecutor$Worker.run(ThreadPoolExecutor.java:644)
03-10 15:49:43.399  9788  9846 E [SC][ExceptionHandler]:        at java.lang.Thread.run(Thread.java:1012)
03-10 15:49:43.407  9772  9772 W IgMetaConfig: java.lang.RuntimeException: Could not obtain MC, call-site will receive default values
03-10 15:49:43.428  9772 10030 W IgMetaConfig: java.lang.RuntimeException: Could not obtain MC, call-site will receive default values
03-10 15:49:43.429  9772 10030 W IgMetaConfig: java.lang.RuntimeException: Could not obtain MC, call-site will receive default values
03-10 15:49:43.436  9772  9944 W IgMetaConfig: java.lang.RuntimeException: Could not obtain MC, call-site will receive default values
03-10 15:49:43.500  1394  1933 W WindowManager: android.os.DeadObjectException
03-10 15:49:43.605  9772  9934 W MDCLLight: java.lang.ClassNotFoundException: org.apache.http.entity.InputStreamEntity
03-10 15:49:43.608  9772  9772 W MDCLLight: java.lang.ClassNotFoundException: android.widget.ViewStub
03-10 15:49:43.609  9772  9772 W MDCLLight: java.lang.ClassNotFoundException: android.webkit.ViewStub
03-10 15:49:43.609  9772  9772 W MDCLLight: java.lang.ClassNotFoundException: android.app.ViewStub
03-10 15:49:43.617  9772  9772 E Resources: An exception occurred :
03-10 15:49:43.617  9772  9772 E Resources: java.util.concurrent.ExecutionException: android.content.res.Resources$NotFoundException: Drawable com.instagram.android:drawable/instagram_arrow_left_outline_24 with resource ID #0x7f081cea
03-10 15:49:43.617  9772  9772 E Resources: Caused by: android.content.res.Resources$NotFoundException: Drawable com.instagram.android:drawable/instagram_arrow_left_outline_24 with resource ID #0x7f081cea
03-10 15:49:43.617  9772  9772 E Resources: Caused by: android.content.res.Resources$NotFoundException: File r/wh5.xml from drawable resource ID #0x7f081cea
03-10 15:49:43.617  9772  9772 E Resources: Caused by: java.lang.NullPointerException: INVOKE_RETURN must not be null
03-10 15:49:43.666  9772 10156 W IgMetaConfig: java.lang.RuntimeException: Could not obtain MC, call-site will receive default values
03-10 15:49:43.666  9772 10156 W IgMetaConfig: java.lang.RuntimeException: Could not obtain MC, call-site will receive default values
03-10 15:49:43.668   904   904 E audit   : type=1400 audit(1741618183.662:60535): avc:  granted  { execute } for  pid=9772 comm="MainContext" path="/data/data/com.instagram.android/lib-compressed/libbreakpad-fatal-java-exception-description-handler-jni.so" dev="dm-53" ino=486357 scontext=u:r:untrusted_app:s0:c41,c257,c512,c768 tcontext=u:object_r:app_data_file:s0:c41,c257,c512,c768 tclass=file SEPF_SM-S908B_12_0001 audit_filtered
03-10 15:49:43.686  9772  9772 E Resources: An exception occurred :
03-10 15:49:43.686  9772  9772 E Resources: java.util.concurrent.ExecutionException: android.content.res.Resources$NotFoundException: Drawable com.instagram.android:drawable/tab_direct_drawable with resource ID #0x7f08274e
03-10 15:49:43.686  9772  9772 E Resources: Caused by: android.content.res.Resources$NotFoundException: Drawable com.instagram.android:drawable/tab_direct_drawable with resource ID #0x7f08274e
03-10 15:49:43.686  9772  9772 E Resources: Caused by: android.content.res.Resources$NotFoundException: File r/xk7.xml from drawable resource ID #0x7f08274e
03-10 15:49:43.686  9772  9772 E Resources: Caused by: android.content.res.Resources$NotFoundException: Drawable com.instagram.android:drawable/instagram_direct_filled_24 with resource ID #0x7f081e70
03-10 15:49:43.686  9772  9772 E Resources: Caused by: android.content.res.Resources$NotFoundException: File r/wm7.xml from drawable resource ID #0x7f081e70
03-10 15:49:43.686  9772  9772 E Resources: Caused by: java.lang.NullPointerException: INVOKE_RETURN must not be null
03-10 15:49:43.686  9772  9772 E Resources: An exception occurred :
03-10 15:49:43.686  9772  9772 E Resources: java.util.concurrent.ExecutionException: android.content.res.Resources$NotFoundException: Drawable com.instagram.android:drawable/instagram_direct_filled_24 with resource ID #0x7f081e70
03-10 15:49:43.686  9772  9772 E Resources: Caused by: android.content.res.Resources$NotFoundException: Drawable com.instagram.android:drawable/instagram_direct_filled_24 with resource ID #0x7f081e70
03-10 15:49:43.686  9772  9772 E Resources: Caused by: android.content.res.Resources$NotFoundException: File r/wm7.xml from drawable resource ID #0x7f081e70
03-10 15:49:43.686  9772  9772 E Resources: Caused by: java.lang.NullPointerException: INVOKE_RETURN must not be null
03-10 15:49:43.688  9772  9772 E Resources: An exception occurred :
03-10 15:49:43.688  9772  9772 E Resources: java.util.concurrent.ExecutionException: android.content.res.Resources$NotFoundException: Drawable com.instagram.android:drawable/instagram_direct_outline_24 with resource ID #0x7f081e75
03-10 15:49:43.688  9772  9772 E Resources: Caused by: android.content.res.Resources$NotFoundException: Drawable com.instagram.android:drawable/instagram_direct_outline_24 with resource ID #0x7f081e75
03-10 15:49:43.688  9772  9772 E Resources: Caused by: android.content.res.Resources$NotFoundException: File r/wm9.xml from drawable resource ID #0x7f081e75
03-10 15:49:43.688  9772  9772 E Resources: Caused by: java.lang.NullPointerException: INVOKE_RETURN must not be null
03-10 15:49:43.691  9772  9772 E Resources: An exception occurred :
03-10 15:49:43.691  9772  9772 E Resources: java.util.concurrent.ExecutionException: android.content.res.Resources$NotFoundException: Drawable com.instagram.android:drawable/instagram_heart_filled_24 with resource ID #0x7f081f59
03-10 15:49:43.691  9772  9772 E Resources: Caused by: android.content.res.Resources$NotFoundException: Drawable com.instagram.android:drawable/instagram_heart_filled_24 with resource ID #0x7f081f59
03-10 15:49:43.691  9772  9772 E Resources: Caused by: android.content.res.Resources$NotFoundException: File r/wql.xml from drawable resource ID #0x7f081f59
03-10 15:49:43.691  9772  9772 E Resources: Caused by: java.lang.NullPointerException: INVOKE_RETURN must not be null
03-10 15:49:43.692  9772  9772 E Resources: An exception occurred :
03-10 15:49:43.692  9772  9772 E Resources: java.util.concurrent.ExecutionException: android.content.res.Resources$NotFoundException: Drawable com.instagram.android:drawable/instagram_heart_outline_24 with resource ID #0x7f081f5f
03-10 15:49:43.692  9772  9772 E Resources: Caused by: android.content.res.Resources$NotFoundException: Drawable com.instagram.android:drawable/instagram_heart_outline_24 with resource ID #0x7f081f5f
03-10 15:49:43.692  9772  9772 E Resources: Caused by: android.content.res.Resources$NotFoundException: File r/wqo.xml from drawable resource ID #0x7f081f5f
03-10 15:49:43.692  9772  9772 E Resources: Caused by: java.lang.NullPointerException: INVOKE_RETURN must not be null
03-10 15:49:43.694  9772  9772 E Resources: An exception occurred :
03-10 15:49:43.694  9772  9772 E Resources: java.util.concurrent.ExecutionException: android.content.res.Resources$NotFoundException: Drawable com.instagram.android:drawable/instagram_home_filled_24 with resource ID #0x7f081f6f
03-10 15:49:43.694  9772  9772 E Resources: Caused by: android.content.res.Resources$NotFoundException: Drawable com.instagram.android:drawable/instagram_home_filled_24 with resource ID #0x7f081f6f
03-10 15:49:43.694  9772  9772 E Resources: Caused by: android.content.res.Resources$NotFoundException: File r/wqw.xml from drawable resource ID #0x7f081f6f
03-10 15:49:43.695  9772  9772 E Resources: Caused by: java.lang.NullPointerException: INVOKE_RETURN must not be null
03-10 15:49:43.695  9772  9772 E Resources: An exception occurred :
03-10 15:49:43.695  9772  9772 E Resources: java.util.concurrent.ExecutionException: android.content.res.Resources$NotFoundException: Drawable com.instagram.android:drawable/instagram_home_outline_24 with resource ID #0x7f081f70
03-10 15:49:43.695  9772  9772 E Resources: Caused by: android.content.res.Resources$NotFoundException: Drawable com.instagram.android:drawable/instagram_home_outline_24 with resource ID #0x7f081f70
03-10 15:49:43.695  9772  9772 E Resources: Caused by: android.content.res.Resources$NotFoundException: File r/wqx.xml from drawable resource ID #0x7f081f70
03-10 15:49:43.695  9772  9772 E Resources: Caused by: java.lang.NullPointerException: INVOKE_RETURN must not be null
03-10 15:49:43.698  9772  9772 E Resources: An exception occurred :
03-10 15:49:43.698  9772  9772 E Resources: java.util.concurrent.ExecutionException: android.content.res.Resources$NotFoundException: Drawable com.instagram.android:drawable/instagram_search_filled_24 with resource ID #0x7f082177
03-10 15:49:43.698  9772  9772 E Resources: Caused by: android.content.res.Resources$NotFoundException: Drawable com.instagram.android:drawable/instagram_search_filled_24 with resource ID #0x7f082177
03-10 15:49:43.698  9772  9772 E Resources: Caused by: android.content.res.Resources$NotFoundException: File r/wxm.xml from drawable resource ID #0x7f082177
03-10 15:49:43.698  9772  9772 E Resources: Caused by: java.lang.NullPointerException: INVOKE_RETURN must not be null
03-10 15:49:43.699  9772  9772 E Resources: An exception occurred :
03-10 15:49:43.699  9772  9772 E Resources: java.util.concurrent.ExecutionException: android.content.res.Resources$NotFoundException: Drawable com.instagram.android:drawable/instagram_search_outline_24 with resource ID #0x7f08218f
03-10 15:49:43.699  9772  9772 E Resources: Caused by: android.content.res.Resources$NotFoundException: Drawable com.instagram.android:drawable/instagram_search_outline_24 with resource ID #0x7f08218f
03-10 15:49:43.699  9772  9772 E Resources: Caused by: android.content.res.Resources$NotFoundException: File r/wx5.xml from drawable resource ID #0x7f08218f
03-10 15:49:43.699  9772  9772 E Resources: Caused by: java.lang.NullPointerException: INVOKE_RETURN must not be null
03-10 15:49:43.702  9772  9772 E Resources: An exception occurred :
03-10 15:49:43.702  9772  9772 E Resources: java.util.concurrent.ExecutionException: android.content.res.Resources$NotFoundException: Drawable com.instagram.android:drawable/tab_camera_drawable with resource ID #0x7f08274b
03-10 15:49:43.702  9772  9772 E Resources: Caused by: android.content.res.Resources$NotFoundException: Drawable com.instagram.android:drawable/tab_camera_drawable with resource ID #0x7f08274b
03-10 15:49:43.702  9772  9772 E Resources: Caused by: android.content.res.Resources$NotFoundException: File r/xk5.xml from drawable resource ID #0x7f08274b
03-10 15:49:43.702  9772  9772 E Resources: Caused by: android.content.res.Resources$NotFoundException: Drawable com.instagram.android:drawable/instagram_new_post_filled_24 with resource ID #0x7f082093
03-10 15:49:43.702  9772  9772 E Resources: Caused by: android.content.res.Resources$NotFoundException: File r/wtt.xml from drawable resource ID #0x7f082093
03-10 15:49:43.702  9772  9772 E Resources: Caused by: java.lang.NullPointerException: INVOKE_RETURN must not be null
03-10 15:49:43.702  9772  9772 E Resources: An exception occurred :
03-10 15:49:43.702  9772  9772 E Resources: java.util.concurrent.ExecutionException: android.content.res.Resources$NotFoundException: Drawable com.instagram.android:drawable/instagram_new_post_filled_24 with resource ID #0x7f082093
03-10 15:49:43.702  9772  9772 E Resources: Caused by: android.content.res.Resources$NotFoundException: Drawable com.instagram.android:drawable/instagram_new_post_filled_24 with resource ID #0x7f082093
03-10 15:49:43.702  9772  9772 E Resources: Caused by: android.content.res.Resources$NotFoundException: File r/wtt.xml from drawable resource ID #0x7f082093
03-10 15:49:43.702  9772  9772 E Resources: Caused by: java.lang.NullPointerException: INVOKE_RETURN must not be null
03-10 15:49:43.703  9772  9772 E Resources: An exception occurred :
03-10 15:49:43.703  9772  9772 E Resources: java.util.concurrent.ExecutionException: android.content.res.Resources$NotFoundException: Drawable com.instagram.android:drawable/instagram_new_post_outline_24 with resource ID #0x7f082094
03-10 15:49:43.703  9772  9772 E Resources: Caused by: android.content.res.Resources$NotFoundException: Drawable com.instagram.android:drawable/instagram_new_post_outline_24 with resource ID #0x7f082094
03-10 15:49:43.703  9772  9772 E Resources: Caused by: android.content.res.Resources$NotFoundException: File r/wtu.xml from drawable resource ID #0x7f082094
03-10 15:49:43.703  9772  9772 E Resources: Caused by: java.lang.NullPointerException: INVOKE_RETURN must not be null
03-10 15:49:43.705  9772  9772 E Resources: An exception occurred :
03-10 15:49:43.705  9772  9772 E Resources: java.util.concurrent.ExecutionException: android.content.res.Resources$NotFoundException: Drawable com.instagram.android:drawable/instagram_reels_filled_24 with resource ID #0x7f082125
03-10 15:49:43.705  9772  9772 E Resources: Caused by: android.content.res.Resources$NotFoundException: Drawable com.instagram.android:drawable/instagram_reels_filled_24 with resource ID #0x7f082125
03-10 15:49:43.705  9772  9772 E Resources: Caused by: android.content.res.Resources$NotFoundException: File r/wwc.xml from drawable resource ID #0x7f082125
03-10 15:49:43.705  9772  9772 E Resources: Caused by: java.lang.NullPointerException: INVOKE_RETURN must not be null
03-10 15:49:43.706  9772  9772 E Resources: An exception occurred :
03-10 15:49:43.706  9772  9772 E Resources: java.util.concurrent.ExecutionException: android.content.res.Resources$NotFoundException: Drawable com.instagram.android:drawable/instagram_reels_outline_24 with resource ID #0x7f082128
03-10 15:49:43.706  9772  9772 E Resources: Caused by: android.content.res.Resources$NotFoundException: Drawable com.instagram.android:drawable/instagram_reels_outline_24 with resource ID #0x7f082128
03-10 15:49:43.706  9772  9772 E Resources: Caused by: android.content.res.Resources$NotFoundException: File r/wwd.xml from drawable resource ID #0x7f082128
03-10 15:49:43.706  9772  9772 E Resources: Caused by: java.lang.NullPointerException: INVOKE_RETURN must not be null
03-10 15:49:43.749  9772  9772 E Resources: An exception occurred :
03-10 15:49:43.749  9772  9772 E Resources: java.util.concurrent.ExecutionException: android.content.res.Resources$NotFoundException: Drawable com.instagram.android:drawable/instagram_arrow_left_outline_24 with resource ID #0x7f081cea
03-10 15:49:43.749  9772  9772 E Resources: Caused by: android.content.res.Resources$NotFoundException: Drawable com.instagram.android:drawable/instagram_arrow_left_outline_24 with resource ID #0x7f081cea
03-10 15:49:43.749  9772  9772 E Resources: Caused by: android.content.res.Resources$NotFoundException: File r/wh5.xml from drawable resource ID #0x7f081cea
03-10 15:49:43.749  9772  9772 E Resources: Caused by: java.lang.NullPointerException: INVOKE_RETURN must not be null
03-10 15:49:43.749  9772  9772 E Resources: An exception occurred :
03-10 15:49:43.749  9772  9772 E Resources: java.util.concurrent.ExecutionException: android.content.res.Resources$NotFoundException: Drawable com.instagram.android:drawable/instagram_compose_outline_24 with resource ID #0x7f081e28
03-10 15:49:43.749  9772  9772 E Resources: Caused by: android.content.res.Resources$NotFoundException: Drawable com.instagram.android:drawable/instagram_compose_outline_24 with resource ID #0x7f081e28
03-10 15:49:43.749  9772  9772 E Resources: Caused by: android.content.res.Resources$NotFoundException: File r/wmf.xml from drawable resource ID #0x7f081e28
03-10 15:49:43.749  9772  9772 E Resources: Caused by: java.lang.NullPointerException: INVOKE_RETURN must not be null
03-10 15:49:43.754  9772  9772 E Resources: An exception occurred :
03-10 15:49:43.754  9772  9772 E Resources: java.util.concurrent.ExecutionException: android.content.res.Resources$NotFoundException: Drawable com.instagram.android:drawable/instagram_compose_outline_24 with resource ID #0x7f081e28
03-10 15:49:43.754  9772  9772 E Resources: Caused by: android.content.res.Resources$NotFoundException: Drawable com.instagram.android:drawable/instagram_compose_outline_24 with resource ID #0x7f081e28
03-10 15:49:43.754  9772  9772 E Resources: Caused by: android.content.res.Resources$NotFoundException: File r/wmf.xml from drawable resource ID #0x7f081e28
03-10 15:49:43.754  9772  9772 E Resources: Caused by: java.lang.NullPointerException: INVOKE_RETURN must not be null
03-10 15:49:43.773  9772  9772 E Resources: An exception occurred :
03-10 15:49:43.773  9772  9772 E Resources: java.util.concurrent.ExecutionException: android.content.res.Resources$NotFoundException: Drawable com.instagram.android:drawable/instagram_arrow_left_outline_24 with resource ID #0x7f081cea
