
C:\Users\Zeph\Desktop\platform-tools>adb logcat -v threadtime | findstr /i "FATAL ANR exception AndroidRuntime IgCore IgCrash Sentry"
03-09 17:12:30.874  9318 31928 E AndroidRuntime: FATAL EXCEPTION: IgExecutorV2 #321
03-09 17:12:30.874  9318 31928 E AndroidRuntime: Process: com.instagram.android, PID: 9318
03-09 17:12:30.874  9318 31928 E AndroidRuntime: java.lang.OutOfMemoryError: Failed to allocate a 16 byte allocation with 269152 free bytes and 230KB until OOM, target footprint 536870912, growth limit 536870912; giving up on allocation because <1% of heap free after GC.
03-09 17:12:30.874  9318 31928 E AndroidRuntime:        at X.01nl.A00(:3)
03-09 17:12:30.874  9318 31928 E AndroidRuntime:        at X.01nl.beforeExecute(:20)
03-09 17:12:30.874  9318 31928 E AndroidRuntime:        at java.util.concurrent.ThreadPoolExecutor.runWorker(ThreadPoolExecutor.java:1143)
03-09 17:12:30.874  9318 31928 E AndroidRuntime:        at java.util.concurrent.ThreadPoolExecutor$Worker.run(ThreadPoolExecutor.java:644)
03-09 17:12:30.874  9318 31928 E AndroidRuntime:        at X.01mt.run(:99)
03-09 17:12:30.874  9318 31928 E AndroidRuntime:        at java.lang.Thread.run(Thread.java:1012)
03-09 17:12:30.874  9318 31928 E AndroidRuntime:        at X.01ng.run(:8)
03-09 17:31:56.297  1363 11116 E AndroidRuntime: FATAL EXCEPTION: SWPool3_t1of1
03-09 17:31:56.297  1363 11116 E AndroidRuntime: Process: com.instagram.android, PID: 1363
03-09 17:31:56.297  1363 11116 E AndroidRuntime: java.lang.OutOfMemoryError: Failed to allocate a 32 byte allocation with 2840480 free bytes and 2773KB until OOM, target footprint 536870912, growth limit 536870912; giving up on allocation because <1% of heap free after GC.
03-09 17:31:56.297  1363 11116 E AndroidRuntime:        at X.03sp.AfC(:15)
03-09 17:31:56.297  1363 11116 E AndroidRuntime:        at X.01Pp.A01(:14)
03-09 17:31:56.297  1363 11116 E AndroidRuntime:        at X.0Jqi.onFailure(:2)
03-09 17:31:56.297  1363 11116 E AndroidRuntime:        at X.061X.A08(:467)
03-09 17:31:56.297  1363 11116 E AndroidRuntime:        at X.0Jqg.run(:54)
03-09 17:31:56.297  1363 11116 E AndroidRuntime:        at X.02pm.run(:25)
03-09 17:31:56.297  1363 11116 E AndroidRuntime:        at X.02pm.run(:25)
03-09 17:31:56.297  1363 11116 E AndroidRuntime:        at X.01ns.A00(:112)
03-09 17:31:56.297  1363 11116 E AndroidRuntime:        at X.01ns.run(:108)
03-09 17:34:11.827 11288 12485 E AndroidRuntime: FATAL EXCEPTION: SWPool3_t1of1
03-09 17:34:11.827 11288 12485 E AndroidRuntime: Process: com.instagram.android, PID: 11288
03-09 17:34:11.827 11288 12485 E AndroidRuntime: java.lang.OutOfMemoryError: Failed to allocate a 32 byte allocation with 2448944 free bytes and 2391KB until OOM, target footprint 536870912, growth limit 536870912; giving up on allocation because <1% of heap free after GC.
03-09 17:34:11.827 11288 12485 E AndroidRuntime:        at X.03sp.AfC(:15)
03-09 17:34:11.827 11288 12485 E AndroidRuntime:        at X.01Pp.A01(:14)
03-09 17:34:11.827 11288 12485 E AndroidRuntime:        at X.0Jqi.onFailure(:2)
03-09 17:34:11.827 11288 12485 E AndroidRuntime:        at X.061X.A08(:467)
03-09 17:34:11.827 11288 12485 E AndroidRuntime:        at X.0Jqg.run(:54)
03-09 17:34:11.827 11288 12485 E AndroidRuntime:        at X.02pm.run(:25)
03-09 17:34:11.827 11288 12485 E AndroidRuntime:        at X.02pm.run(:25)
03-09 17:34:11.827 11288 12485 E AndroidRuntime:        at X.01ns.A00(:112)
03-09 17:34:11.827 11288 12485 E AndroidRuntime:        at X.01ns.run(:108)
03-09 17:37:51.992 12541 14257 E AndroidRuntime: FATAL EXCEPTION: SWPool3_t1of1
03-09 17:37:51.992 12541 14257 E AndroidRuntime: Process: com.instagram.android, PID: 12541
03-09 17:37:51.992 12541 14257 E AndroidRuntime: java.lang.OutOfMemoryError: Failed to allocate a 32 byte allocation with 930560 free bytes and 908KB until OOM, target footprint 536870912, growth limit 536870912; giving up on allocation because <1% of heap free after GC.
03-09 17:37:51.992 12541 14257 E AndroidRuntime:        at X.03sp.AfC(:15)
03-09 17:37:51.992 12541 14257 E AndroidRuntime:        at X.01Pp.A01(:14)
03-09 17:37:51.992 12541 14257 E AndroidRuntime:        at X.0Jqi.onFailure(:2)
03-09 17:37:51.992 12541 14257 E AndroidRuntime:        at X.061X.A08(:467)
03-09 17:37:51.992 12541 14257 E AndroidRuntime:        at X.0Jqg.run(:54)
03-09 17:37:51.992 12541 14257 E AndroidRuntime:        at X.02pm.run(:25)
03-09 17:37:51.992 12541 14257 E AndroidRuntime:        at X.02pm.run(:25)
03-09 17:37:51.992 12541 14257 E AndroidRuntime:        at X.01ns.A00(:112)
03-09 17:37:51.992 12541 14257 E AndroidRuntime:        at X.01ns.run(:108)
03-09 17:43:35.897 14570 16504 E AndroidRuntime: FATAL EXCEPTION: SWPool3_t1of1
03-09 17:43:35.897 14570 16504 E AndroidRuntime: Process: com.instagram.android, PID: 14570
03-09 17:43:35.897 14570 16504 E AndroidRuntime: java.lang.OutOfMemoryError: Failed to allocate a 32 byte allocation with 4720464 free bytes and 4609KB until OOM, target footprint 536870912, growth limit 536870912; giving up on allocation because <1% of heap free after GC.
03-09 17:43:35.897 14570 16504 E AndroidRuntime:        at X.03sp.AfC(:15)
03-09 17:43:35.897 14570 16504 E AndroidRuntime:        at X.01Pp.A01(:14)
03-09 17:43:35.897 14570 16504 E AndroidRuntime:        at X.0Jqi.onFailure(:2)
03-09 17:43:35.897 14570 16504 E AndroidRuntime:        at X.061X.A08(:467)
03-09 17:43:35.897 14570 16504 E AndroidRuntime:        at X.0Jqg.run(:54)
03-09 17:43:35.897 14570 16504 E AndroidRuntime:        at X.02pm.run(:25)
03-09 17:43:35.897 14570 16504 E AndroidRuntime:        at X.02pm.run(:25)
03-09 17:43:35.897 14570 16504 E AndroidRuntime:        at X.01ns.A00(:112)
03-09 17:43:35.897 14570 16504 E AndroidRuntime:        at X.01ns.run(:108)
03-09 17:53:47.352 16545 21001 E AndroidRuntime: FATAL EXCEPTION: SWPool3_t1of1
03-09 17:53:47.352 16545 21001 E AndroidRuntime: Process: com.instagram.android, PID: 16545
03-09 17:53:47.352 16545 21001 E AndroidRuntime: java.lang.OutOfMemoryError: Failed to allocate a 32 byte allocation with 576144 free bytes and 562KB until OOM, target footprint 536870912, growth limit 536870912; giving up on allocation because <1% of heap free after GC.
03-09 17:53:47.352 16545 21001 E AndroidRuntime:        at X.03sp.AfC(:15)
03-09 17:53:47.352 16545 21001 E AndroidRuntime:        at X.01Pp.A01(:14)
03-09 17:53:47.352 16545 21001 E AndroidRuntime:        at X.0Jqi.onFailure(:2)
03-09 17:53:47.352 16545 21001 E AndroidRuntime:        at X.061X.A08(:467)
03-09 17:53:47.352 16545 21001 E AndroidRuntime:        at X.0Jqg.run(:54)
03-09 17:53:47.352 16545 21001 E AndroidRuntime:        at X.02pm.run(:25)
03-09 17:53:47.352 16545 21001 E AndroidRuntime:        at X.02pm.run(:25)
03-09 17:53:47.352 16545 21001 E AndroidRuntime:        at X.01ns.A00(:112)
03-09 17:53:47.352 16545 21001 E AndroidRuntime:        at X.01ns.run(:108)
03-09 17:53:48.942 16545 16721 E AndroidRuntime: FATAL EXCEPTION: ig_a2_event_proc
03-09 17:53:48.942 16545 16721 E AndroidRuntime: Process: com.instagram.android, PID: 16545
03-09 17:53:48.942 16545 16721 E AndroidRuntime: java.lang.OutOfMemoryError: Failed to allocate a 64 byte allocation with 658032 free bytes and 642KB until OOM, target footprint 536870912, growth limit 536870912; giving up on allocation because <1% of heap free after GC.
03-09 17:53:48.942 16545 16721 E AndroidRuntime:        at android.os.Message.obtain(Message.java:164)
03-09 17:53:48.942 16545 16721 E AndroidRuntime:        at android.os.Handler.sendEmptyMessageDelayed(Handler.java:668)
03-09 17:53:48.942 16545 16721 E AndroidRuntime:        at X.07wm.Aif(:35)
03-09 17:53:48.942 16545 16721 E AndroidRuntime:        at X.07ws.A00(:75)
03-09 17:53:48.942 16545 16721 E AndroidRuntime:        at X.07wm.handleMessage(:14)
03-09 17:53:48.942 16545 16721 E AndroidRuntime:        at android.os.Handler.dispatchMessage(Handler.java:106)
03-09 17:53:48.942 16545 16721 E AndroidRuntime:        at android.os.Looper.loopOnce(Looper.java:230)
03-09 17:53:48.942 16545 16721 E AndroidRuntime:        at android.os.Looper.loop(Looper.java:319)
03-09 17:53:48.942 16545 16721 E AndroidRuntime:        at android.os.HandlerThread.run(HandlerThread.java:67)
03-09 20:30:05.904 24768 17455 E AndroidRuntime: FATAL EXCEPTION: SWPool3_t1of1
03-09 20:30:05.904 24768 17455 E AndroidRuntime: Process: com.instagram.android, PID: 24768
03-09 20:30:05.904 24768 17455 E AndroidRuntime: java.lang.OutOfMemoryError: Failed to allocate a 32 byte allocation with 2228336 free bytes and 2176KB until OOM, target footprint 536870912, growth limit 536870912; giving up on allocation because <1% of heap free after GC.
03-09 20:30:05.904 24768 17455 E AndroidRuntime:        at X.03sp.AfC(:15)
03-09 20:30:05.904 24768 17455 E AndroidRuntime:        at X.01Pp.A01(:14)
03-09 20:30:05.904 24768 17455 E AndroidRuntime:        at X.0Jqi.onFailure(:2)
03-09 20:30:05.904 24768 17455 E AndroidRuntime:        at X.061X.A08(:467)
03-09 20:30:05.904 24768 17455 E AndroidRuntime:        at X.0Jqg.run(:54)
03-09 20:30:05.904 24768 17455 E AndroidRuntime:        at X.02pm.run(:25)
03-09 20:30:05.904 24768 17455 E AndroidRuntime:        at X.02pm.run(:25)
03-09 20:30:05.904 24768 17455 E AndroidRuntime:        at X.01ns.A00(:112)
03-09 20:30:05.904 24768 17455 E AndroidRuntime:        at X.01ns.run(:108)
03-09 20:32:41.256 17693 22164 E AndroidRuntime: FATAL EXCEPTION: SWPool3_t1of1
03-09 20:32:41.256 17693 22164 E AndroidRuntime: Process: com.instagram.android, PID: 17693
03-09 20:32:41.256 17693 22164 E AndroidRuntime: java.lang.OutOfMemoryError: Failed to allocate a 16 byte allocation with 2785920 free bytes and 2720KB until OOM, target footprint 536870912, growth limit 536870912; giving up on allocation because <1% of heap free after GC.
03-09 20:32:41.256 17693 22164 E AndroidRuntime:        at X.02pm.run(:55)
03-09 20:32:41.256 17693 22164 E AndroidRuntime:        at X.01ns.A00(:112)
03-09 20:32:41.256 17693 22164 E AndroidRuntime:        at X.01ns.run(:108)
03-09 20:49:14.205 25843 27558 E AndroidRuntime: FATAL EXCEPTION: SWPool3_t1of1
03-09 20:49:14.205 25843 27558 E AndroidRuntime: Process: com.instagram.android, PID: 25843
03-09 20:49:14.205 25843 27558 E AndroidRuntime: java.lang.OutOfMemoryError: Failed to allocate a 83070912 byte allocation with 14979776 free bytes and 14MB until OOM, target footprint 536870912, growth limit 536870912
03-09 20:49:14.205 25843 27558 E AndroidRuntime:        at java.util.Arrays.copyOf(Arrays.java:3553)
03-09 20:49:14.205 25843 27558 E AndroidRuntime:        at java.util.Arrays.copyOf(Arrays.java:3522)
03-09 20:49:14.205 25843 27558 E AndroidRuntime:        at java.util.ArrayList.grow(ArrayList.java:244)
03-09 20:49:14.205 25843 27558 E AndroidRuntime:        at java.util.ArrayList.grow(ArrayList.java:251)
03-09 20:49:14.205 25843 27558 E AndroidRuntime:        at java.util.ArrayList.add(ArrayList.java:461)
03-09 20:49:14.205 25843 27558 E AndroidRuntime:        at java.util.ArrayList.add(ArrayList.java:474)
03-09 20:49:14.205 25843 27558 E AndroidRuntime:        at X.057T.<init>(:13)
03-09 20:49:14.205 25843 27558 E AndroidRuntime:        at X.0NrL.E4V(:8)
03-09 20:49:14.205 25843 27558 E AndroidRuntime:        at X.0Jqg.run(:8)
03-09 20:49:14.205 25843 27558 E AndroidRuntime:        at X.02pm.run(:25)
03-09 20:49:14.205 25843 27558 E AndroidRuntime:        at X.02pm.run(:25)
03-09 20:49:14.205 25843 27558 E AndroidRuntime:        at X.01ns.A00(:112)
03-09 20:49:14.205 25843 27558 E AndroidRuntime:        at X.01ns.run(:108)
03-09 21:05:27.633 27937  3597 E AndroidRuntime: FATAL EXCEPTION: SWPool3_t1of1
03-09 21:05:27.633 27937  3597 E AndroidRuntime: Process: com.instagram.android, PID: 27937
03-09 21:05:27.633 27937  3597 E AndroidRuntime: java.lang.OutOfMemoryError: Failed to allocate a 32 byte allocation with 895904 free bytes and 874KB until OOM, target footprint 536870912, growth limit 536870912; giving up on allocation because <1% of heap free after GC.
03-09 21:05:27.633 27937  3597 E AndroidRuntime:        at X.03sp.AfC(:15)
03-09 21:05:27.633 27937  3597 E AndroidRuntime:        at X.01Pp.A01(:14)
03-09 21:05:27.633 27937  3597 E AndroidRuntime:        at X.0Jqi.onFailure(:2)
03-09 21:05:27.633 27937  3597 E AndroidRuntime:        at X.061X.A08(:467)
03-09 21:05:27.633 27937  3597 E AndroidRuntime:        at X.0Jqg.run(:54)
03-09 21:05:27.633 27937  3597 E AndroidRuntime:        at X.02pm.run(:25)
03-09 21:05:27.633 27937  3597 E AndroidRuntime:        at X.02pm.run(:25)
03-09 21:05:27.633 27937  3597 E AndroidRuntime:        at X.01ns.A00(:112)
03-09 21:05:27.633 27937  3597 E AndroidRuntime:        at X.01ns.run(:108)
03-10 12:25:01.038 16398  5597 E AndroidRuntime: FATAL EXCEPTION: SWPool3_t1of1
03-10 12:25:01.038 16398  5597 E AndroidRuntime: Process: com.instagram.android, PID: 16398
03-10 12:25:01.038 16398  5597 E AndroidRuntime: java.lang.OutOfMemoryError: Failed to allocate a 32 byte allocation with 4984736 free bytes and 4867KB until OOM, target footprint 536870912, growth limit 536870912; giving up on allocation because <1% of heap free after GC.
03-10 12:25:01.038 16398  5597 E AndroidRuntime:        at X.01ns.A00(:18)
03-10 12:25:01.038 16398  5597 E AndroidRuntime:        at X.01ns.run(:108)
03-10 13:50:03.202 12129 12773 E AndroidRuntime: FATAL EXCEPTION: SWPool3_t1of1
03-10 13:50:03.202 12129 12773 E AndroidRuntime: Process: com.instagram.android, PID: 12129
03-10 13:50:03.202 12129 12773 E AndroidRuntime: java.lang.OutOfMemoryError: Failed to allocate a 83070912 byte allocation with 19269392 free bytes and 18MB until OOM, target footprint 536870912, growth limit 536870912
03-10 13:50:03.202 12129 12773 E AndroidRuntime:        at java.util.Arrays.copyOf(Arrays.java:3553)
03-10 13:50:03.202 12129 12773 E AndroidRuntime:        at java.util.Arrays.copyOf(Arrays.java:3522)
03-10 13:50:03.202 12129 12773 E AndroidRuntime:        at java.util.ArrayList.grow(ArrayList.java:244)
03-10 13:50:03.202 12129 12773 E AndroidRuntime:        at java.util.ArrayList.grow(ArrayList.java:251)
03-10 13:50:03.202 12129 12773 E AndroidRuntime:        at java.util.ArrayList.add(ArrayList.java:461)
03-10 13:50:03.202 12129 12773 E AndroidRuntime:        at java.util.ArrayList.add(ArrayList.java:474)
03-10 13:50:03.202 12129 12773 E AndroidRuntime:        at X.057T.<init>(:13)
03-10 13:50:03.202 12129 12773 E AndroidRuntime:        at X.0NrL.E4V(:8)
03-10 13:50:03.202 12129 12773 E AndroidRuntime:        at X.0Jqg.run(:8)
03-10 13:50:03.202 12129 12773 E AndroidRuntime:        at X.02pm.run(:25)
03-10 13:50:03.202 12129 12773 E AndroidRuntime:        at X.02pm.run(:25)
03-10 13:50:03.202 12129 12773 E AndroidRuntime:        at X.01ns.A00(:112)
03-10 13:50:03.202 12129 12773 E AndroidRuntime:        at X.01ns.run(:108)
03-10 13:52:16.955 12968 16373 E AndroidRuntime: FATAL EXCEPTION: SWPool3_t1of1
03-10 13:52:16.955 12968 16373 E AndroidRuntime: Process: com.instagram.android, PID: 12968
03-10 13:52:16.955 12968 16373 E AndroidRuntime: java.lang.OutOfMemoryError: Failed to allocate a 83070912 byte allocation with 4880160 free bytes and 4765KB until OOM, target footprint 536870912, growth limit 536870912
03-10 13:52:16.955 12968 16373 E AndroidRuntime:        at java.util.Arrays.copyOf(Arrays.java:3553)
03-10 13:52:16.955 12968 16373 E AndroidRuntime:        at java.util.Arrays.copyOf(Arrays.java:3522)
03-10 13:52:16.955 12968 16373 E AndroidRuntime:        at java.util.ArrayList.grow(ArrayList.java:244)
03-10 13:52:16.955 12968 16373 E AndroidRuntime:        at java.util.ArrayList.grow(ArrayList.java:251)
03-10 13:52:16.955 12968 16373 E AndroidRuntime:        at java.util.ArrayList.add(ArrayList.java:461)
03-10 13:52:16.955 12968 16373 E AndroidRuntime:        at java.util.ArrayList.add(ArrayList.java:474)
03-10 13:52:16.955 12968 16373 E AndroidRuntime:        at X.057T.<init>(:13)
03-10 13:52:16.955 12968 16373 E AndroidRuntime:        at X.0NrL.E4V(:8)
03-10 13:52:16.955 12968 16373 E AndroidRuntime:        at X.0Jqg.run(:8)
03-10 13:52:16.955 12968 16373 E AndroidRuntime:        at X.02pm.run(:25)
03-10 13:52:16.955 12968 16373 E AndroidRuntime:        at X.02pm.run(:25)
03-10 13:52:16.955 12968 16373 E AndroidRuntime:        at X.01ns.A00(:112)
03-10 13:52:16.955 12968 16373 E AndroidRuntime:        at X.01ns.run(:108)
03-10 15:08:21.678 16862 10262 E AndroidRuntime: FATAL EXCEPTION: SWPool3_t1of1
03-10 15:08:21.678 16862 10262 E AndroidRuntime: Process: com.instagram.android, PID: 16862
03-10 15:08:21.678 16862 10262 E AndroidRuntime: java.lang.OutOfMemoryError: Failed to allocate a 32 byte allocation with 2467152 free bytes and 2409KB until OOM, target footprint 536870912, growth limit 536870912; giving up on allocation because <1% of heap free after GC.
03-10 15:08:21.678 16862 10262 E AndroidRuntime:        at X.01ns.A00(:18)
03-10 15:08:21.678 16862 10262 E AndroidRuntime:        at X.01ns.run(:108)
03-10 15:13:11.642 31795 13458 E LoadedApk: Exception : java.lang.NullPointerException: Attempt to invoke virtual method 'boolean android.os.Looper.isPerfLogEnable()' on a null object reference
03-10 15:13:11.681 31795  9668 E LoadedApk: Exception : java.lang.NullPointerException: Attempt to invoke virtual method 'boolean android.os.Looper.isPerfLogEnable()' on a null object reference
03-10 15:13:11.682 31795  9668 E LoadedApk: Exception : java.lang.NullPointerException: Attempt to invoke virtual method 'boolean android.os.Looper.isPerfLogEnable()' on a null object reference
03-10 15:13:55.597  1394  1529 E MARsPolicyManager: Error occurred in setEnabledSetting()java.lang.SecurityException: Cannot disable a protected package: com.samsung.knox.securefolder
03-10 15:14:10.625  1394  1529 E MARsPolicyManager: Error occurred in setEnabledSetting()java.lang.SecurityException: Cannot disable a protected package: com.samsung.knox.securefolder
03-10 15:14:25.686  1394  1529 E MARsPolicyManager: Error occurred in setEnabledSetting()java.lang.SecurityException: Cannot disable a protected package: com.samsung.knox.securefolder
03-10 15:14:40.751  1394  1529 E MARsPolicyManager: Error occurred in setEnabledSetting()java.lang.SecurityException: Cannot disable a protected package: com.samsung.knox.securefolder
03-10 15:14:55.823  1394  1529 E MARsPolicyManager: Error occurred in setEnabledSetting()java.lang.SecurityException: Cannot disable a protected package: com.samsung.knox.securefolder
03-10 15:15:10.931  1394  1529 E MARsPolicyManager: Error occurred in setEnabledSetting()java.lang.SecurityException: Cannot disable a protected package: com.samsung.knox.securefolder
03-10 15:15:26.038  1394  1529 E MARsPolicyManager: Error occurred in setEnabledSetting()java.lang.SecurityException: Cannot disable a protected package: com.samsung.knox.securefolder
03-10 15:15:41.072  1394  1529 E MARsPolicyManager: Error occurred in setEnabledSetting()java.lang.SecurityException: Cannot disable a protected package: com.samsung.knox.securefolder
03-10 15:15:56.151  1394  1529 E MARsPolicyManager: Error occurred in setEnabledSetting()java.lang.SecurityException: Cannot disable a protected package: com.samsung.knox.securefolder
03-10 15:16:11.228  1394  1529 E MARsPolicyManager: Error occurred in setEnabledSetting()java.lang.SecurityException: Cannot disable a protected package: com.samsung.knox.securefolder
03-10 15:16:26.285  1394  1529 E MARsPolicyManager: Error occurred in setEnabledSetting()java.lang.SecurityException: Cannot disable a protected package: com.samsung.knox.securefolder
03-10 15:16:41.354  1394  1529 E MARsPolicyManager: Error occurred in setEnabledSetting()java.lang.SecurityException: Cannot disable a protected package: com.samsung.knox.securefolder
03-10 15:16:56.408  1394  1529 E MARsPolicyManager: Error occurred in setEnabledSetting()java.lang.SecurityException: Cannot disable a protected package: com.samsung.knox.securefolder
03-10 15:17:11.489  1394  1529 E MARsPolicyManager: Error occurred in setEnabledSetting()java.lang.SecurityException: Cannot disable a protected package: com.samsung.knox.securefolder
03-10 15:17:26.552  1394  1529 E MARsPolicyManager: Error occurred in setEnabledSetting()java.lang.SecurityException: Cannot disable a protected package: com.samsung.knox.securefolder
03-10 15:17:41.625  1394  1529 E MARsPolicyManager: Error occurred in setEnabledSetting()java.lang.SecurityException: Cannot disable a protected package: com.samsung.knox.securefolder
03-10 15:17:56.690  1394  1529 E MARsPolicyManager: Error occurred in setEnabledSetting()java.lang.SecurityException: Cannot disable a protected package: com.samsung.knox.securefolder
03-10 15:18:11.747  1394  1529 E MARsPolicyManager: Error occurred in setEnabledSetting()java.lang.SecurityException: Cannot disable a protected package: com.samsung.knox.securefolder
03-10 15:18:26.807  1394  1529 E MARsPolicyManager: Error occurred in setEnabledSetting()java.lang.SecurityException: Cannot disable a protected package: com.samsung.knox.securefolder
03-10 15:18:41.856  1394  1529 E MARsPolicyManager: Error occurred in setEnabledSetting()java.lang.SecurityException: Cannot disable a protected package: com.samsung.knox.securefolder
03-10 15:18:56.922  1394  1529 E MARsPolicyManager: Error occurred in setEnabledSetting()java.lang.SecurityException: Cannot disable a protected package: com.samsung.knox.securefolder
03-10 15:19:11.990  1394  1529 E MARsPolicyManager: Error occurred in setEnabledSetting()java.lang.SecurityException: Cannot disable a protected package: com.samsung.knox.securefolder
03-10 15:19:27.050  1394  1529 E MARsPolicyManager: Error occurred in setEnabledSetting()java.lang.SecurityException: Cannot disable a protected package: com.samsung.knox.securefolder
03-10 15:19:42.117  1394  1529 E MARsPolicyManager: Error occurred in setEnabledSetting()java.lang.SecurityException: Cannot disable a protected package: com.samsung.knox.securefolder
03-10 15:19:57.189  1394  1529 E MARsPolicyManager: Error occurred in setEnabledSetting()java.lang.SecurityException: Cannot disable a protected package: com.samsung.knox.securefolder
03-10 15:20:12.255  1394  1529 E MARsPolicyManager: Error occurred in setEnabledSetting()java.lang.SecurityException: Cannot disable a protected package: com.samsung.knox.securefolder
03-10 15:20:27.323  1394  1529 E MARsPolicyManager: Error occurred in setEnabledSetting()java.lang.SecurityException: Cannot disable a protected package: com.samsung.knox.securefolder
03-10 15:20:36.567  1394  2543 E AppOps  : java.lang.SecurityException: Specified package "client.pid<958>" under uid 1000 but it is not
03-10 15:20:36.666 31795 13458 E LoadedApk: Exception : java.lang.NullPointerException: Attempt to invoke virtual method 'boolean android.os.Looper.isPerfLogEnable()' on a null object reference
03-10 15:20:36.753 31795 15006 E LoadedApk: Exception : java.lang.NullPointerException: Attempt to invoke virtual method 'boolean android.os.Looper.isPerfLogEnable()' on a null object reference
03-10 15:20:36.760 31795 15006 E LoadedApk: Exception : java.lang.NullPointerException: Attempt to invoke virtual method 'boolean android.os.Looper.isPerfLogEnable()' on a null object reference
03-10 15:20:39.724  1394  4847 W JobScheduler: Job didn't exist in JobStore: 99d6ec1 #1000/554297 com.sec.android.diagmonagent/.dma.anr.ANRJobService
03-10 15:21:08.767 31795 13458 E LoadedApk: Exception : java.lang.NullPointerException: Attempt to invoke virtual method 'boolean android.os.Looper.isPerfLogEnable()' on a null object reference
03-10 15:21:08.809 31795 15006 E LoadedApk: Exception : java.lang.NullPointerException: Attempt to invoke virtual method 'boolean android.os.Looper.isPerfLogEnable()' on a null object reference
03-10 15:21:08.812 31795 15006 E LoadedApk: Exception : java.lang.NullPointerException: Attempt to invoke virtual method 'boolean android.os.Looper.isPerfLogEnable()' on a null object reference
03-10 15:22:00.203  1394  1529 E MARsPolicyManager: Error occurred in setEnabledSetting()java.lang.SecurityException: Cannot disable a protected package: com.samsung.knox.securefolder
03-10 15:22:15.228  1394  1529 E MARsPolicyManager: Error occurred in setEnabledSetting()java.lang.SecurityException: Cannot disable a protected package: com.samsung.knox.securefolder
03-10 15:22:26.002  1394  2007 E AppOps  : java.lang.SecurityException: Specified package "client.pid<958>" under uid 1000 but it is not
03-10 15:22:26.138 31795 16321 E LoadedApk: Exception : java.lang.NullPointerException: Attempt to invoke virtual method 'boolean android.os.Looper.isPerfLogEnable()' on a null object reference
03-10 15:22:26.195 31795 15006 E LoadedApk: Exception : java.lang.NullPointerException: Attempt to invoke virtual method 'boolean android.os.Looper.isPerfLogEnable()' on a null object reference
03-10 15:22:26.208 31795 15006 E LoadedApk: Exception : java.lang.NullPointerException: Attempt to invoke virtual method 'boolean android.os.Looper.isPerfLogEnable()' on a null object reference
03-10 15:22:33.284 31795 13932 E LoadedApk: Exception : java.lang.NullPointerException: Attempt to invoke virtual method 'boolean android.os.Looper.isPerfLogEnable()' on a null object reference
03-10 15:22:33.321 31795  9569 E LoadedApk: Exception : java.lang.NullPointerException: Attempt to invoke virtual method 'boolean android.os.Looper.isPerfLogEnable()' on a null object reference
03-10 15:22:33.352 31795  9569 E LoadedApk: Exception : java.lang.NullPointerException: Attempt to invoke virtual method 'boolean android.os.Looper.isPerfLogEnable()' on a null object reference
03-10 15:22:34.703 31795 13932 E LoadedApk: Exception : java.lang.NullPointerException: Attempt to invoke virtual method 'boolean android.os.Looper.isPerfLogEnable()' on a null object reference
03-10 15:22:34.725 31795 15424 E LoadedApk: Exception : java.lang.NullPointerException: Attempt to invoke virtual method 'boolean android.os.Looper.isPerfLogEnable()' on a null object reference
03-10 15:22:34.730 31795 15424 E LoadedApk: Exception : java.lang.NullPointerException: Attempt to invoke virtual method 'boolean android.os.Looper.isPerfLogEnable()' on a null object reference
03-10 15:23:11.766  1394  6825 E AdbDebuggingManager: Caught an exception opening the socket: java.io.IOException: Connection refused
03-10 15:23:20.524  1394  1476 D FreecessController: UFZ : com.shazam.android(0), reason: ServiceANR
03-10 15:23:25.535  1394  3225 D FreecessController: com.shazam.android(state: Initial -> Frozen, Reason: ServiceANR)
03-10 15:23:26.198  1394  1394 I TextToSpeechManagerPerUserService: Failed running callback method: android.os.DeadObjectException
03-10 15:23:26.201  1394  1394 I TextToSpeechManagerPerUserService: Failed running callback method: android.os.DeadObjectException
03-10 15:23:26.211  1394  1394 I TextToSpeechManagerPerUserService: Failed running callback method: android.os.DeadObjectException
03-10 15:23:26.319  1394  2540 W ActivityManager: Exception when unbinding service com.android.chrome/org.chromium.content.app.PrivilegedProcessService1
03-10 15:23:26.319  1394  2540 W ActivityManager: android.os.DeadObjectException
03-10 15:23:26.323  1394  1394 I TextToSpeechManagerPerUserService: Failed running callback method: android.os.DeadObjectException
03-10 15:25:09.359 31795 20037 E LoadedApk: Exception : java.lang.NullPointerException: Attempt to invoke virtual method 'boolean android.os.Looper.isPerfLogEnable()' on a null object reference
03-10 15:25:09.392 31795 15424 E LoadedApk: Exception : java.lang.NullPointerException: Attempt to invoke virtual method 'boolean android.os.Looper.isPerfLogEnable()' on a null object reference
03-10 15:25:09.395 31795 15424 E LoadedApk: Exception : java.lang.NullPointerException: Attempt to invoke virtual method 'boolean android.os.Looper.isPerfLogEnable()' on a null object reference
03-10 15:25:09.483 20284 20325 W ResourcesOffloading: An exception occurred :
03-10 15:25:09.483 20284 20325 W ResourcesOffloading: android.content.res.Resources$NotFoundException: Resource ID #0x7f08080f
03-10 15:25:17.349  1394  4860 E AppOps  : java.lang.SecurityException: Specified package "client.pid<958>" under uid 1000 but it is not
03-10 15:25:17.523 31795 20036 E LoadedApk: Exception : java.lang.NullPointerException: Attempt to invoke virtual method 'boolean android.os.Looper.isPerfLogEnable()' on a null object reference
03-10 15:25:17.580 31795  9569 E LoadedApk: Exception : java.lang.NullPointerException: Attempt to invoke virtual method 'boolean android.os.Looper.isPerfLogEnable()' on a null object reference
03-10 15:25:17.595 31795 15424 E LoadedApk: Exception : java.lang.NullPointerException: Attempt to invoke virtual method 'boolean android.os.Looper.isPerfLogEnable()' on a null object reference
03-10 15:25:17.910 20677 20696 W ResourcesOffloading: An exception occurred :
03-10 15:25:17.910 20677 20696 W ResourcesOffloading: android.content.res.Resources$NotFoundException: Resource ID #0x7f080613
03-10 15:25:50.128 31795 20854 E LoadedApk: Exception : java.lang.NullPointerException: Attempt to invoke virtual method 'boolean android.os.Looper.isPerfLogEnable()' on a null object reference
03-10 15:25:50.185 31795  9569 E LoadedApk: Exception : java.lang.NullPointerException: Attempt to invoke virtual method 'boolean android.os.Looper.isPerfLogEnable()' on a null object reference
03-10 15:25:50.189 31795  9569 E LoadedApk: Exception : java.lang.NullPointerException: Attempt to invoke virtual method 'boolean android.os.Looper.isPerfLogEnable()' on a null object reference
03-10 15:26:00.546  1394  1529 E MARsPolicyManager: Error occurred in setEnabledSetting()java.lang.SecurityException: Cannot disable a protected package: com.samsung.knox.securefolder
03-10 15:26:15.571  1394  1529 E MARsPolicyManager: Error occurred in setEnabledSetting()java.lang.SecurityException: Cannot disable a protected package: com.samsung.knox.securefolder
03-10 15:26:17.224  1394  4827 E AppOps  : java.lang.SecurityException: Specified package "client.pid<958>" under uid 1000 but it is not
03-10 15:26:17.251 31795 20307 E LoadedApk: Exception : java.lang.NullPointerException: Attempt to invoke virtual method 'boolean android.os.Looper.isPerfLogEnable()' on a null object reference
03-10 15:26:17.303 31795 15006 E LoadedApk: Exception : java.lang.NullPointerException: Attempt to invoke virtual method 'boolean android.os.Looper.isPerfLogEnable()' on a null object reference
03-10 15:26:17.338 31795  9569 E LoadedApk: Exception : java.lang.NullPointerException: Attempt to invoke virtual method 'boolean android.os.Looper.isPerfLogEnable()' on a null object reference
03-10 15:26:29.427 31795 20307 E LoadedApk: Exception : java.lang.NullPointerException: Attempt to invoke virtual method 'boolean android.os.Looper.isPerfLogEnable()' on a null object reference
03-10 15:26:29.477 31795  9569 E LoadedApk: Exception : java.lang.NullPointerException: Attempt to invoke virtual method 'boolean android.os.Looper.isPerfLogEnable()' on a null object reference
03-10 15:26:29.481 31795  9569 E LoadedApk: Exception : java.lang.NullPointerException: Attempt to invoke virtual method 'boolean android.os.Looper.isPerfLogEnable()' on a null object reference
03-10 15:26:29.588  1394  1933 E AppOps  : java.lang.SecurityException: Specified package "client.pid<958>" under uid 1000 but it is not
03-10 15:26:29.723 31795 20854 E LoadedApk: Exception : java.lang.NullPointerException: Attempt to invoke virtual method 'boolean android.os.Looper.isPerfLogEnable()' on a null object reference
03-10 15:26:29.755 31795 15006 E LoadedApk: Exception : java.lang.NullPointerException: Attempt to invoke virtual method 'boolean android.os.Looper.isPerfLogEnable()' on a null object reference
03-10 15:26:29.757 31795 15006 E LoadedApk: Exception : java.lang.NullPointerException: Attempt to invoke virtual method 'boolean android.os.Looper.isPerfLogEnable()' on a null object reference
03-10 15:28:33.981 31795 20854 E LoadedApk: Exception : java.lang.NullPointerException: Attempt to invoke virtual method 'boolean android.os.Looper.isPerfLogEnable()' on a null object reference
03-10 15:28:34.015 31795 15424 E LoadedApk: Exception : java.lang.NullPointerException: Attempt to invoke virtual method 'boolean android.os.Looper.isPerfLogEnable()' on a null object reference
03-10 15:28:34.016 31795 15424 E LoadedApk: Exception : java.lang.NullPointerException: Attempt to invoke virtual method 'boolean android.os.Looper.isPerfLogEnable()' on a null object reference
03-10 15:29:00.438  1394  1529 E MARsPolicyManager: Error occurred in setEnabledSetting()java.lang.SecurityException: Cannot disable a protected package: com.samsung.knox.securefolder
03-10 15:29:15.455  1394  1529 E MARsPolicyManager: Error occurred in setEnabledSetting()java.lang.SecurityException: Cannot disable a protected package: com.samsung.knox.securefolder
03-10 15:29:30.515  1394  1529 E MARsPolicyManager: Error occurred in setEnabledSetting()java.lang.SecurityException: Cannot disable a protected package: com.samsung.knox.securefolder
03-10 15:29:44.157 31795 20854 E LoadedApk: Exception : java.lang.NullPointerException: Attempt to invoke virtual method 'boolean android.os.Looper.isPerfLogEnable()' on a null object reference
03-10 15:29:44.184 31795 15006 E LoadedApk: Exception : java.lang.NullPointerException: Attempt to invoke virtual method 'boolean android.os.Looper.isPerfLogEnable()' on a null object reference
03-10 15:29:44.189 31795 15006 E LoadedApk: Exception : java.lang.NullPointerException: Attempt to invoke virtual method 'boolean android.os.Looper.isPerfLogEnable()' on a null object reference
03-10 15:30:35.065 31795 20854 E LoadedApk: Exception : java.lang.NullPointerException: Attempt to invoke virtual method 'boolean android.os.Looper.isPerfLogEnable()' on a null object reference
03-10 15:30:35.111 31795 15006 E LoadedApk: Exception : java.lang.NullPointerException: Attempt to invoke virtual method 'boolean android.os.Looper.isPerfLogEnable()' on a null object reference
03-10 15:30:35.113 31795 15006 E LoadedApk: Exception : java.lang.NullPointerException: Attempt to invoke virtual method 'boolean android.os.Looper.isPerfLogEnable()' on a null object reference
03-10 15:31:00.435  1394  1529 E MARsPolicyManager: Error occurred in setEnabledSetting()java.lang.SecurityException: Cannot disable a protected package: com.samsung.knox.securefolder
03-10 15:31:15.471  1394  1529 E MARsPolicyManager: Error occurred in setEnabledSetting()java.lang.SecurityException: Cannot disable a protected package: com.samsung.knox.securefolder
03-10 15:31:30.512  1394  1529 E MARsPolicyManager: Error occurred in setEnabledSetting()java.lang.SecurityException: Cannot disable a protected package: com.samsung.knox.securefolder
03-10 15:31:45.564  1394  1529 E MARsPolicyManager: Error occurred in setEnabledSetting()java.lang.SecurityException: Cannot disable a protected package: com.samsung.knox.securefolder
03-10 15:32:00.612  1394  1529 E MARsPolicyManager: Error occurred in setEnabledSetting()java.lang.SecurityException: Cannot disable a protected package: com.samsung.knox.securefolder
03-10 15:32:15.645  1394  1529 E MARsPolicyManager: Error occurred in setEnabledSetting()java.lang.SecurityException: Cannot disable a protected package: com.samsung.knox.securefolder
03-10 15:32:30.676  1394  1529 E MARsPolicyManager: Error occurred in setEnabledSetting()java.lang.SecurityException: Cannot disable a protected package: com.samsung.knox.securefolder
03-10 15:32:45.711  1394  1529 E MARsPolicyManager: Error occurred in setEnabledSetting()java.lang.SecurityException: Cannot disable a protected package: com.samsung.knox.securefolder
03-10 15:33:00.742  1394  1529 E MARsPolicyManager: Error occurred in setEnabledSetting()java.lang.SecurityException: Cannot disable a protected package: com.samsung.knox.securefolder
03-10 15:33:15.823  1394  1529 E MARsPolicyManager: Error occurred in setEnabledSetting()java.lang.SecurityException: Cannot disable a protected package: com.samsung.knox.securefolder
03-10 15:33:30.855  1394  1529 E MARsPolicyManager: Error occurred in setEnabledSetting()java.lang.SecurityException: Cannot disable a protected package: com.samsung.knox.securefolder
03-10 15:33:45.892  1394  1529 E MARsPolicyManager: Error occurred in setEnabledSetting()java.lang.SecurityException: Cannot disable a protected package: com.samsung.knox.securefolder
03-10 15:33:49.900 31795 23437 E LoadedApk: Exception : java.lang.NullPointerException: Attempt to invoke virtual method 'boolean android.os.Looper.isPerfLogEnable()' on a null object reference
03-10 15:33:49.941 31795 15006 E LoadedApk: Exception : java.lang.NullPointerException: Attempt to invoke virtual method 'boolean android.os.Looper.isPerfLogEnable()' on a null object reference
03-10 15:33:49.975 31795 15006 E LoadedApk: Exception : java.lang.NullPointerException: Attempt to invoke virtual method 'boolean android.os.Looper.isPerfLogEnable()' on a null object reference
03-10 15:33:50.272 25018 25038 W ResourcesOffloading: An exception occurred :
03-10 15:33:50.272 25018 25038 W ResourcesOffloading: android.content.res.Resources$NotFoundException: Resource ID #0x7f080613
03-10 15:33:51.804 25206 25228 W ResourcesOffloading: An exception occurred :
03-10 15:33:51.804 25206 25228 W ResourcesOffloading: android.content.res.Resources$NotFoundException: Resource ID #0x0
03-10 15:34:51.556 21850 21906 W MultiSignalANRDetectorLacrima: Moving to background
03-10 15:34:52.950 21850 22003 W IgMetaConfig: java.lang.RuntimeException: Could not obtain MC, call-site will receive default values
03-10 15:34:52.950 21850 22003 W IgMetaConfig: java.lang.RuntimeException: Could not obtain MC, call-site will receive default values
03-10 15:34:54.437  6121  6121 V InputMethodManagerUtils: getMaxLengthForEditText InputFilter = java.lang.NoSuchMethodException: com.samsung.android.settings.intelligence.search.input.InputUI$SearchInputFilter.getMaxLength []
03-10 15:34:54.498  1394  4848 E VpnManagerService: Exception occured while trying to get the getProxyInfoForUid for knoxvpn uid 10297
03-10 15:34:54.845 26131 26191 W lacrima : Start AnrAppDeathDetector... X.03em
03-10 15:34:54.887 26131 26131 W MDCLLight: java.lang.ClassNotFoundException: kotlinx.coroutines.test.internal.TestMainDispatcherFactory
03-10 15:34:54.924 26131 26191 W lacrima : Start AnrDetector... com.facebook.acra.anr.multisignal.MultiSignalANRDetector
03-10 15:34:54.924 26131 26191 W MultiSignalANRDetectorLacrima: Starting
03-10 15:34:54.924 26131 26191 W ProcessAnrErrorMonitor: startMonitoring with delay: 0
03-10 15:34:54.930 26131 26213 W ProcessAnrErrorMonitor: Starting process monitor checks for process 'com.instagram.android'
03-10 15:34:54.930 26131 26213 W MultiSignalANRDetectorLacrima: Started monitoring
03-10 15:34:55.023 26131 26131 W IgMetaConfig: java.lang.RuntimeException: Could not obtain MC, call-site will receive default values
03-10 15:34:55.024 26131 26131 W IgMetaConfig: java.lang.RuntimeException: Could not obtain MC, call-site will receive default values
03-10 15:34:55.064 26131 26131 W IgMetaConfig: java.lang.RuntimeException: Could not obtain MC, call-site will receive default values
03-10 15:34:55.231 21757 22303 D SecTileUtils: setMetaData key : Pair{com.google.android.healthconnect.controller com.android.healthconnect.controller.LegacySettingsEntryPoint} , categoryKey com.android.settings.category.ia.privacy
03-10 15:34:55.233 21757 22303 D SecTileUtils: category.addTile com.android.healthconnect.controller.LegacySettingsEntryPoint , tileID : null
03-10 15:34:55.320 26131 26264 W QPLConfig: java.io.FileNotFoundException: /data/user/0/com.instagram.android/app_qpl/qpl_sampling_config_v2.null: open failed: ENOENT (No such file or directory)
03-10 15:34:55.320 26131 26264 W QPLConfig: Caused by: android.system.ErrnoException: open failed: ENOENT (No such file or directory)
03-10 15:34:55.528 26131 26131 W IgMetaConfig: java.lang.RuntimeException: Could not obtain MC, call-site will receive default values
03-10 15:34:55.616 26131 26320 W IgMetaConfig: java.lang.RuntimeException: Could not obtain MC, call-site will receive default values
03-10 15:34:55.617 26131 26320 W IgMetaConfig: java.lang.RuntimeException: Could not obtain MC, call-site will receive default values
03-10 15:34:55.624 26131 26253 W IgMetaConfig: java.lang.RuntimeException: Could not obtain MC, call-site will receive default values
03-10 15:34:55.980 26131 26131 W MDCLLight: java.lang.ClassNotFoundException: com.amazon.device.messaging.ADM
03-10 15:34:56.107 26131 26410 W MDCLLight: java.lang.ClassNotFoundException: org.apache.http.entity.InputStreamEntity
03-10 15:34:56.548 26131 26306 W IgMetaConfig: java.lang.RuntimeException: Could not obtain MC, call-site will receive default values
03-10 15:34:56.937 26131 26211 W MultiSignalANRDetectorLacrima: Pausing error state checks
03-10 15:34:58.158 26131 26320 W IgMetaConfig: java.lang.RuntimeException: Could not obtain MC, call-site will receive default values
03-10 15:34:58.159 26131 26320 W IgMetaConfig: java.lang.RuntimeException: Could not obtain MC, call-site will receive default values
03-10 15:34:59.707  1394  1924 E VpnManagerService: Exception occured while trying to get the getProxyInfoForUid for knoxvpn uid 10301
03-10 15:34:59.726 26475 26475 E SHelperLog: [ExternalSettingsProvider] updateMenuData Error. java.lang.SecurityException: Failed to find provider null for user 0; expected to find a valid ContentProvider for this authority
03-10 15:34:59.726 26475 26475 E SHelperLog: [ExternalSettingsProvider] updateMenuData Error. java.lang.SecurityException: Failed to find provider null for user 0; expected to find a valid ContentProvider for this authority
03-10 15:34:59.734 26131 26458 E ActionQueryTaskListener: 0 onLoadBatchComplete exception: null BACKGROUND modules: [s_executorch_pytorch(*),s_1687668038(*),pytorch]
03-10 15:34:59.769 21757 22303 D SecTileUtils: setMetaData key : Pair{com.google.android.healthconnect.controller com.android.healthconnect.controller.LegacySettingsEntryPoint} , categoryKey com.android.settings.category.ia.privacy
03-10 15:34:59.770 21757 22303 D SecTileUtils: category.addTile com.android.healthconnect.controller.LegacySettingsEntryPoint , tileID : null
03-10 15:35:07.456 21757 22303 D SecTileUtils: setMetaData key : Pair{com.google.android.healthconnect.controller com.android.healthconnect.controller.LegacySettingsEntryPoint} , categoryKey com.android.settings.category.ia.privacy
03-10 15:35:07.459 21757 22303 D SecTileUtils: category.addTile com.android.healthconnect.controller.LegacySettingsEntryPoint , tileID : null
03-10 15:35:10.774  1394  4624 E VpnManagerService: Exception occured while trying to get the getProxyInfoForUid for knoxvpn uid 5012
03-10 15:35:10.800  6121  6121 V InputMethodManagerUtils: getMaxLengthForEditText InputFilter = java.lang.NoSuchMethodException: com.samsung.android.settings.intelligence.search.input.InputUI$SearchInputFilter.getMaxLength []
03-10 15:35:10.938  1394  4624 E VpnManagerService: Exception occured while trying to get the getProxyInfoForUid for knoxvpn uid 1000
03-10 15:35:10.939  1394  4848 E VpnManagerService: Exception occured while trying to get the getProxyInfoForUid for knoxvpn uid 10214
03-10 15:35:11.149 21757 22994 W PrefCtrlListHelper: Cannot instantiate controller from reflection: com.android.settings.notification.zen.ZenModeContactExceptionController
03-10 15:35:11.292  1394  4624 E VpnManagerService: Exception occured while trying to get the getProxyInfoForUid for knoxvpn uid 1000
03-10 15:35:11.383  1394  2537 E VpnManagerService: Exception occured while trying to get the getProxyInfoForUid for knoxvpn uid 10111
03-10 15:35:11.490  1394  2537 E VpnManagerService: Exception occured while trying to get the getProxyInfoForUid for knoxvpn uid 1000
03-10 15:35:11.530 26783 26783 E PkgMgrAPI: hasPackage() - NameNotFoundException occurred. packageName : com.google.android.marvin.talkback
03-10 15:35:11.579 21757 22994 D MobileWIPSExceptionList: Key should remain added in search index
03-10 15:35:11.601 21757 22994 D ConnectionsUtils: isHideAdvancedCalling: Exception
03-10 15:35:11.606 21757 22994 W PrefCtrlListHelper: Cannot instantiate controller from reflection: com.android.settings.notification.zen.ZenModeContactExceptionController
03-10 15:35:11.611  1394  4668 E VpnManagerService: Exception occured while trying to get the getProxyInfoForUid for knoxvpn uid 10043
03-10 15:35:11.628 26859 26859 E getBitmap : FileNotFoundException: /data/user/0/com.samsung.android.app.aodservice/files/sub_home_wallpaper_bitmap: open failed: ENOENT (No such file or directory)
03-10 15:35:11.628 26859 26859 E getBitmap : FileNotFoundException: /data/user/0/com.samsung.android.app.aodservice/files/sub_home_theme_wallpaper_bitmap: open failed: ENOENT (No such file or directory)
03-10 15:35:11.629 26859 26859 E getBitmap : FileNotFoundException: /data/user/0/com.samsung.android.app.aodservice/files/sub_home_wallpaper_bitmap: open failed: ENOENT (No such file or directory)
03-10 15:35:11.629 26859 26859 E getBitmap : FileNotFoundException: /data/user/0/com.samsung.android.app.aodservice/files/sub_home_theme_wallpaper_bitmap: open failed: ENOENT (No such file or directory)
03-10 15:35:11.649 26859 26883 W System.err: android.database.sqlite.SQLiteException: no such table: table_sub_launcher_settings (code 1 SQLITE_ERROR[1]): , while compiling: SELECT * FROM table_sub_launcher_settings
03-10 15:35:11.651 26859 26883 W System.err: android.database.sqlite.SQLiteException: no such table: table_sub_launcher_settings (code 1 SQLITE_ERROR[1]): , while compiling: SELECT * FROM table_sub_launcher_settings WHERE (SETTING_KEY=?)
03-10 15:35:11.715  1394  1924 E VpnManagerService: Exception occured while trying to get the getProxyInfoForUid for knoxvpn uid 1001
03-10 15:35:11.772 26896 26919 E UD.PackageUtils: NameNotFoundException
03-10 15:35:12.014  1394  1924 E VpnManagerService: Exception occured while trying to get the getProxyInfoForUid for knoxvpn uid 1000
03-10 15:35:12.025 21757 22994 I CollectDiagnosticsPreferenceController: NameNotFoundException : MyAccount
03-10 15:35:15.373 21757 23339 W ProcStatsEntry: No process android.process.acore found in package state com.samsung.android.providers.contacts/10052
03-10 15:35:15.374  1906  1906 E PhoneInterfaceManager: getAllowedCarriers: CommandException: com.android.internal.telephony.CommandException: REQUEST_NOT_SUPPORTED
03-10 15:35:15.376  1906  1906 E PhoneInterfaceManager: getAllowedCarriers: CommandException: com.android.internal.telephony.CommandException: REQUEST_NOT_SUPPORTED
03-10 15:35:15.428  1906  1906 E PhoneInterfaceManager: getAllowedCarriers: CommandException: com.android.internal.telephony.CommandException: REQUEST_NOT_SUPPORTED
03-10 15:35:15.432 21757 22863 W ProcStatsEntry: No process android.process.acore found in package state com.samsung.android.providers.contacts/10052
03-10 15:35:15.433  1906  1906 E PhoneInterfaceManager: getAllowedCarriers: CommandException: com.android.internal.telephony.CommandException: REQUEST_NOT_SUPPORTED
03-10 15:35:15.459 21757 22303 D SecTileUtils: setMetaData key : Pair{com.google.android.healthconnect.controller com.android.healthconnect.controller.LegacySettingsEntryPoint} , categoryKey com.android.settings.category.ia.privacy
03-10 15:35:15.461 21757 22303 D SecTileUtils: category.addTile com.android.healthconnect.controller.LegacySettingsEntryPoint , tileID : null
03-10 15:35:16.460  1394  4624 E VpnManagerService: Exception occured while trying to get the getProxyInfoForUid for knoxvpn uid 10371
03-10 15:35:20.376  3991  3991 I AndroidRuntime: VM exiting with result code 0, cleanup skipped.
03-10 15:35:20.412  1394  4624 E VpnManagerService: Exception occured while trying to get the getProxyInfoForUid for knoxvpn uid 1000
03-10 15:35:20.536  4825  5369 I DMASA[D][999-399-549750]: [DiagmonProvider]Received msg based on provider : true / anr_logging
03-10 15:35:30.576  1394  2543 E VpnManagerService: Exception occured while trying to get the getProxyInfoForUid for knoxvpn uid 1000
03-10 15:35:30.639  1394  1933 E VpnManagerService: Exception occured while trying to get the getProxyInfoForUid for knoxvpn uid 10067
03-10 15:35:30.648  1394  2543 E VpnManagerService: Exception occured while trying to get the getProxyInfoForUid for knoxvpn uid 10146
03-10 15:35:30.650  1394  2543 E VpnManagerService: Exception occured while trying to get the getProxyInfoForUid for knoxvpn uid 1000
03-10 15:35:30.668  1394  1933 E VpnManagerService: Exception occured while trying to get the getProxyInfoForUid for knoxvpn uid 10081
03-10 15:35:30.695 27207 27207 D d       : ExceptionHandlerManager not explicitly initialized, using default mode
03-10 15:35:30.695 27207 27207 D d       : initializing exception handler manager, prioritized=true
03-10 15:35:30.904  1394  4870 E VpnManagerService: Exception occured while trying to get the getProxyInfoForUid for knoxvpn uid 10114
03-10 15:35:30.967  1394  1933 E VpnManagerService: Exception occured while trying to get the getProxyInfoForUid for knoxvpn uid 10108
03-10 15:35:31.529  1394  4873 E VpnManagerService: Exception occured while trying to get the getProxyInfoForUid for knoxvpn uid 1002
